[2023-08-17T10:13:41.818+0500][gc,heap] Heap region size: 1M
[2023-08-17T10:13:41.827+0500][gc     ] Using G1
[2023-08-17T10:13:41.827+0500][gc,heap,coops] Heap address: 0x00000000c0000000, size: 1024 MB, Compressed Oops mode: 32-bit
[2023-08-17T10:13:41.827+0500][gc,cds       ] Mark closed archive regions in map: [0x00000000fff00000, 0x00000000fff6bff8]
[2023-08-17T10:13:41.827+0500][gc,cds       ] Mark open archive regions in map: [0x00000000ffe00000, 0x00000000ffe47ff8]
[2023-08-17T10:13:42.309+0500][gc,start     ] GC(0) Pause Young (Normal) (G1 Evacuation Pause)
[2023-08-17T10:13:42.310+0500][gc,task      ] GC(0) Using 8 workers of 8 for evacuation
[2023-08-17T10:13:42.314+0500][gc,phases    ] GC(0)   Pre Evacuate Collection Set: 0.0ms
[2023-08-17T10:13:42.314+0500][gc,phases    ] GC(0)   Evacuate Collection Set: 3.9ms
[2023-08-17T10:13:42.314+0500][gc,phases    ] GC(0)   Post Evacuate Collection Set: 0.3ms
[2023-08-17T10:13:42.314+0500][gc,phases    ] GC(0)   Other: 0.5ms
[2023-08-17T10:13:42.314+0500][gc,heap      ] GC(0) Eden regions: 51->0(44)
[2023-08-17T10:13:42.314+0500][gc,heap      ] GC(0) Survivor regions: 0->7(7)
[2023-08-17T10:13:42.314+0500][gc,heap      ] GC(0) Old regions: 2->2
[2023-08-17T10:13:42.314+0500][gc,heap      ] GC(0) Humongous regions: 0->0
[2023-08-17T10:13:42.314+0500][gc,metaspace ] GC(0) Metaspace: 14148K(14848K)->14148K(14848K) NonClass: 12409K(12800K)->12409K(12800K) Class: 1738K(2048K)->1738K(2048K)
[2023-08-17T10:13:42.314+0500][gc           ] GC(0) Pause Young (Normal) (G1 Evacuation Pause) 51M->7M(1024M) 4.716ms
[2023-08-17T10:13:42.314+0500][gc,cpu       ] GC(0) User=0.03s Sys=0.00s Real=0.01s
[2023-08-17T10:13:42.563+0500][gc,start     ] GC(1) Pause Young (Concurrent Start) (Metadata GC Threshold)
[2023-08-17T10:13:42.563+0500][gc,task      ] GC(1) Using 8 workers of 8 for evacuation
[2023-08-17T10:13:42.571+0500][gc,phases    ] GC(1)   Pre Evacuate Collection Set: 0.1ms
[2023-08-17T10:13:42.571+0500][gc,phases    ] GC(1)   Evacuate Collection Set: 8.2ms
[2023-08-17T10:13:42.571+0500][gc,phases    ] GC(1)   Post Evacuate Collection Set: 0.3ms
[2023-08-17T10:13:42.571+0500][gc,phases    ] GC(1)   Other: 0.2ms
[2023-08-17T10:13:42.571+0500][gc,heap      ] GC(1) Eden regions: 30->0(49)
[2023-08-17T10:13:42.571+0500][gc,heap      ] GC(1) Survivor regions: 7->2(7)
[2023-08-17T10:13:42.571+0500][gc,heap      ] GC(1) Old regions: 2->9
[2023-08-17T10:13:42.571+0500][gc,heap      ] GC(1) Humongous regions: 0->0
[2023-08-17T10:13:42.571+0500][gc,metaspace ] GC(1) Metaspace: 20551K(21248K)->20551K(21248K) NonClass: 18063K(18432K)->18063K(18432K) Class: 2487K(2816K)->2487K(2816K)
[2023-08-17T10:13:42.571+0500][gc           ] GC(1) Pause Young (Concurrent Start) (Metadata GC Threshold) 37M->8M(1024M) 8.781ms
[2023-08-17T10:13:42.572+0500][gc,cpu       ] GC(1) User=0.01s Sys=0.00s Real=0.01s
[2023-08-17T10:13:42.572+0500][gc           ] GC(2) Concurrent Cycle
[2023-08-17T10:13:42.572+0500][gc,marking   ] GC(2) Concurrent Clear Claimed Marks
[2023-08-17T10:13:42.572+0500][gc,marking   ] GC(2) Concurrent Clear Claimed Marks 0.013ms
[2023-08-17T10:13:42.572+0500][gc,marking   ] GC(2) Concurrent Scan Root Regions
[2023-08-17T10:13:42.572+0500][gc,marking   ] GC(2) Concurrent Scan Root Regions 0.811ms
[2023-08-17T10:13:42.572+0500][gc,marking   ] GC(2) Concurrent Mark (0.756s)
[2023-08-17T10:13:42.572+0500][gc,marking   ] GC(2) Concurrent Mark From Roots
[2023-08-17T10:13:42.572+0500][gc,task      ] GC(2) Using 2 workers of 2 for marking
[2023-08-17T10:13:42.577+0500][gc,marking   ] GC(2) Concurrent Mark From Roots 4.856ms
[2023-08-17T10:13:42.577+0500][gc,marking   ] GC(2) Concurrent Preclean
[2023-08-17T10:13:42.577+0500][gc,marking   ] GC(2) Concurrent Preclean 0.055ms
[2023-08-17T10:13:42.577+0500][gc,marking   ] GC(2) Concurrent Mark (0.756s, 0.761s) 4.953ms
[2023-08-17T10:13:42.577+0500][gc,start     ] GC(2) Pause Remark
[2023-08-17T10:13:42.585+0500][gc,stringtable] GC(2) Cleaned string and symbol table, strings: 5142 processed, 0 removed, symbols: 53014 processed, 43 removed
[2023-08-17T10:13:42.585+0500][gc            ] GC(2) Pause Remark 8M->8M(1024M) 7.918ms
[2023-08-17T10:13:42.585+0500][gc,cpu        ] GC(2) User=0.04s Sys=0.00s Real=0.00s
[2023-08-17T10:13:42.585+0500][gc,marking    ] GC(2) Concurrent Rebuild Remembered Sets
[2023-08-17T10:13:42.587+0500][gc,marking    ] GC(2) Concurrent Rebuild Remembered Sets 1.947ms
[2023-08-17T10:13:42.587+0500][gc,start      ] GC(2) Pause Cleanup
[2023-08-17T10:13:42.588+0500][gc            ] GC(2) Pause Cleanup 9M->9M(1024M) 0.142ms
[2023-08-17T10:13:42.588+0500][gc,cpu        ] GC(2) User=0.00s Sys=0.00s Real=0.00s
[2023-08-17T10:13:42.588+0500][gc,marking    ] GC(2) Concurrent Cleanup for Next Mark
[2023-08-17T10:13:42.591+0500][gc,marking    ] GC(2) Concurrent Cleanup for Next Mark 3.627ms
[2023-08-17T10:13:42.591+0500][gc            ] GC(2) Concurrent Cycle 19.730ms
[2023-08-17T10:13:42.977+0500][gc,start      ] GC(3) Pause Young (Normal) (G1 Evacuation Pause)
[2023-08-17T10:13:42.977+0500][gc,task       ] GC(3) Using 8 workers of 8 for evacuation
[2023-08-17T10:13:42.981+0500][gc,phases     ] GC(3)   Pre Evacuate Collection Set: 0.0ms
[2023-08-17T10:13:42.981+0500][gc,phases     ] GC(3)   Evacuate Collection Set: 3.2ms
[2023-08-17T10:13:42.981+0500][gc,phases     ] GC(3)   Post Evacuate Collection Set: 0.5ms
[2023-08-17T10:13:42.981+0500][gc,phases     ] GC(3)   Other: 0.1ms
[2023-08-17T10:13:42.981+0500][gc,heap       ] GC(3) Eden regions: 49->0(46)
[2023-08-17T10:13:42.981+0500][gc,heap       ] GC(3) Survivor regions: 2->5(7)
[2023-08-17T10:13:42.981+0500][gc,heap       ] GC(3) Old regions: 9->9
[2023-08-17T10:13:42.981+0500][gc,heap       ] GC(3) Humongous regions: 129->129
[2023-08-17T10:13:42.981+0500][gc,metaspace  ] GC(3) Metaspace: 28750K(30080K)->28750K(30080K) NonClass: 25361K(26112K)->25361K(26112K) Class: 3389K(3968K)->3389K(3968K)
[2023-08-17T10:13:42.981+0500][gc            ] GC(3) Pause Young (Normal) (G1 Evacuation Pause) 186M->140M(1024M) 3.938ms
[2023-08-17T10:13:42.981+0500][gc,cpu        ] GC(3) User=0.03s Sys=0.00s Real=0.00s
[2023-08-17T10:13:43.229+0500][gc,start      ] GC(4) Pause Young (Concurrent Start) (Metadata GC Threshold)
[2023-08-17T10:13:43.229+0500][gc,task       ] GC(4) Using 8 workers of 8 for evacuation
[2023-08-17T10:13:43.235+0500][gc,phases     ] GC(4)   Pre Evacuate Collection Set: 0.2ms
[2023-08-17T10:13:43.235+0500][gc,phases     ] GC(4)   Evacuate Collection Set: 5.8ms
[2023-08-17T10:13:43.235+0500][gc,phases     ] GC(4)   Post Evacuate Collection Set: 0.3ms
[2023-08-17T10:13:43.235+0500][gc,phases     ] GC(4)   Other: 0.2ms
[2023-08-17T10:13:43.235+0500][gc,heap       ] GC(4) Eden regions: 29->0(45)
[2023-08-17T10:13:43.235+0500][gc,heap       ] GC(4) Survivor regions: 5->6(7)
[2023-08-17T10:13:43.235+0500][gc,heap       ] GC(4) Old regions: 9->10
[2023-08-17T10:13:43.235+0500][gc,heap       ] GC(4) Humongous regions: 129->129
[2023-08-17T10:13:43.235+0500][gc,metaspace  ] GC(4) Metaspace: 34381K(35840K)->34381K(35840K) NonClass: 30363K(31104K)->30363K(31104K) Class: 4017K(4736K)->4017K(4736K)
[2023-08-17T10:13:43.235+0500][gc            ] GC(4) Pause Young (Concurrent Start) (Metadata GC Threshold) 168M->142M(1024M) 6.654ms
[2023-08-17T10:13:43.236+0500][gc,cpu        ] GC(4) User=0.03s Sys=0.00s Real=0.01s
[2023-08-17T10:13:43.236+0500][gc            ] GC(5) Concurrent Cycle
[2023-08-17T10:13:43.236+0500][gc,marking    ] GC(5) Concurrent Clear Claimed Marks
[2023-08-17T10:13:43.236+0500][gc,marking    ] GC(5) Concurrent Clear Claimed Marks 0.042ms
[2023-08-17T10:13:43.236+0500][gc,marking    ] GC(5) Concurrent Scan Root Regions
[2023-08-17T10:13:43.238+0500][gc,marking    ] GC(5) Concurrent Scan Root Regions 2.132ms
[2023-08-17T10:13:43.238+0500][gc,marking    ] GC(5) Concurrent Mark (1.421s)
[2023-08-17T10:13:43.238+0500][gc,marking    ] GC(5) Concurrent Mark From Roots
[2023-08-17T10:13:43.238+0500][gc,task       ] GC(5) Using 2 workers of 2 for marking
[2023-08-17T10:13:43.247+0500][gc,marking    ] GC(5) Concurrent Mark From Roots 8.789ms
[2023-08-17T10:13:43.247+0500][gc,marking    ] GC(5) Concurrent Preclean
[2023-08-17T10:13:43.247+0500][gc,marking    ] GC(5) Concurrent Preclean 0.089ms
[2023-08-17T10:13:43.247+0500][gc,marking    ] GC(5) Concurrent Mark (1.421s, 1.430s) 8.925ms
[2023-08-17T10:13:43.247+0500][gc,start      ] GC(5) Pause Remark
[2023-08-17T10:13:43.251+0500][gc,stringtable] GC(5) Cleaned string and symbol table, strings: 10918 processed, 13 removed, symbols: 87005 processed, 15 removed
[2023-08-17T10:13:43.251+0500][gc            ] GC(5) Pause Remark 144M->144M(1024M) 4.047ms
[2023-08-17T10:13:43.251+0500][gc,cpu        ] GC(5) User=0.02s Sys=0.00s Real=0.00s
[2023-08-17T10:13:43.251+0500][gc,marking    ] GC(5) Concurrent Rebuild Remembered Sets
[2023-08-17T10:13:43.254+0500][gc,marking    ] GC(5) Concurrent Rebuild Remembered Sets 3.147ms
[2023-08-17T10:13:43.254+0500][gc,start      ] GC(5) Pause Cleanup
[2023-08-17T10:13:43.255+0500][gc            ] GC(5) Pause Cleanup 145M->145M(1024M) 0.224ms
[2023-08-17T10:13:43.255+0500][gc,cpu        ] GC(5) User=0.00s Sys=0.00s Real=0.00s
[2023-08-17T10:13:43.257+0500][gc,marking    ] GC(5) Concurrent Cleanup for Next Mark
[2023-08-17T10:13:43.272+0500][gc,marking    ] GC(5) Concurrent Cleanup for Next Mark 14.759ms
[2023-08-17T10:13:43.272+0500][gc            ] GC(5) Concurrent Cycle 36.636ms
[2023-08-17T10:20:33.000+0500][gc,start      ] GC(6) Pause Young (Normal) (G1 Evacuation Pause)
[2023-08-17T10:20:33.000+0500][gc,task       ] GC(6) Using 8 workers of 8 for evacuation
[2023-08-17T10:20:33.004+0500][gc,phases     ] GC(6)   Pre Evacuate Collection Set: 0.0ms
[2023-08-17T10:20:33.004+0500][gc,phases     ] GC(6)   Evacuate Collection Set: 4.2ms
[2023-08-17T10:20:33.004+0500][gc,phases     ] GC(6)   Post Evacuate Collection Set: 0.4ms
[2023-08-17T10:20:33.005+0500][gc,phases     ] GC(6)   Other: 0.1ms
[2023-08-17T10:20:33.005+0500][gc,heap       ] GC(6) Eden regions: 45->0(46)
[2023-08-17T10:20:33.005+0500][gc,heap       ] GC(6) Survivor regions: 6->5(7)
[2023-08-17T10:20:33.005+0500][gc,heap       ] GC(6) Old regions: 10->13
[2023-08-17T10:20:33.005+0500][gc,heap       ] GC(6) Humongous regions: 129->129
[2023-08-17T10:20:33.005+0500][gc,metaspace  ] GC(6) Metaspace: 40456K(43008K)->40456K(43008K) NonClass: 35230K(36608K)->35230K(36608K) Class: 5226K(6400K)->5226K(6400K)
[2023-08-17T10:20:33.005+0500][gc            ] GC(6) Pause Young (Normal) (G1 Evacuation Pause) 187M->145M(1024M) 4.800ms
[2023-08-17T10:20:33.005+0500][gc,cpu        ] GC(6) User=0.04s Sys=0.00s Real=0.00s
[2023-08-17T10:29:39.485+0500][gc,start      ] GC(7) Pause Young (Normal) (G1 Evacuation Pause)
[2023-08-17T10:29:39.486+0500][gc,task       ] GC(7) Using 8 workers of 8 for evacuation
[2023-08-17T10:29:39.501+0500][gc,phases     ] GC(7)   Pre Evacuate Collection Set: 1.0ms
[2023-08-17T10:29:39.501+0500][gc,phases     ] GC(7)   Evacuate Collection Set: 9.8ms
[2023-08-17T10:29:39.501+0500][gc,phases     ] GC(7)   Post Evacuate Collection Set: 2.0ms
[2023-08-17T10:29:39.501+0500][gc,phases     ] GC(7)   Other: 5.6ms
[2023-08-17T10:29:39.501+0500][gc,heap       ] GC(7) Eden regions: 46->0(46)
[2023-08-17T10:29:39.501+0500][gc,heap       ] GC(7) Survivor regions: 5->5(7)
[2023-08-17T10:29:39.501+0500][gc,heap       ] GC(7) Old regions: 13->16
[2023-08-17T10:29:39.501+0500][gc,heap       ] GC(7) Humongous regions: 129->129
[2023-08-17T10:29:39.501+0500][gc,metaspace  ] GC(7) Metaspace: 43450K(46208K)->43450K(46208K) NonClass: 37836K(39168K)->37836K(39168K) Class: 5613K(7040K)->5613K(7040K)
[2023-08-17T10:29:39.501+0500][gc            ] GC(7) Pause Young (Normal) (G1 Evacuation Pause) 191M->147M(1024M) 16.323ms
[2023-08-17T10:29:39.501+0500][gc,cpu        ] GC(7) User=0.05s Sys=0.02s Real=0.02s
[2023-08-17T10:41:04.452+0500][gc,start      ] GC(8) Pause Young (Normal) (G1 Evacuation Pause)
[2023-08-17T10:41:04.453+0500][gc,task       ] GC(8) Using 8 workers of 8 for evacuation
[2023-08-17T10:41:04.461+0500][gc,phases     ] GC(8)   Pre Evacuate Collection Set: 0.5ms
[2023-08-17T10:41:04.461+0500][gc,phases     ] GC(8)   Evacuate Collection Set: 6.7ms
[2023-08-17T10:41:04.461+0500][gc,phases     ] GC(8)   Post Evacuate Collection Set: 0.8ms
[2023-08-17T10:41:04.461+0500][gc,phases     ] GC(8)   Other: 1.8ms
[2023-08-17T10:41:04.462+0500][gc,heap       ] GC(8) Eden regions: 46->0(47)
[2023-08-17T10:41:04.462+0500][gc,heap       ] GC(8) Survivor regions: 5->4(7)
[2023-08-17T10:41:04.462+0500][gc,heap       ] GC(8) Old regions: 16->18
[2023-08-17T10:41:04.462+0500][gc,heap       ] GC(8) Humongous regions: 129->129
[2023-08-17T10:41:04.462+0500][gc,metaspace  ] GC(8) Metaspace: 43929K(46720K)->43929K(46720K) NonClass: 38274K(39680K)->38274K(39680K) Class: 5655K(7040K)->5655K(7040K)
[2023-08-17T10:41:04.462+0500][gc            ] GC(8) Pause Young (Normal) (G1 Evacuation Pause) 193M->147M(1024M) 10.216ms
[2023-08-17T10:41:04.462+0500][gc,cpu        ] GC(8) User=0.03s Sys=0.02s Real=0.01s
[2023-08-17T10:47:06.313+0500][gc,start      ] GC(9) Pause Young (Normal) (G1 Evacuation Pause)
[2023-08-17T10:47:06.313+0500][gc,task       ] GC(9) Using 8 workers of 8 for evacuation
[2023-08-17T10:47:06.321+0500][gc,phases     ] GC(9)   Pre Evacuate Collection Set: 0.0ms
[2023-08-17T10:47:06.321+0500][gc,phases     ] GC(9)   Evacuate Collection Set: 6.0ms
[2023-08-17T10:47:06.321+0500][gc,phases     ] GC(9)   Post Evacuate Collection Set: 1.9ms
[2023-08-17T10:47:06.321+0500][gc,phases     ] GC(9)   Other: 0.3ms
[2023-08-17T10:47:06.321+0500][gc,heap       ] GC(9) Eden regions: 47->0(47)
[2023-08-17T10:47:06.321+0500][gc,heap       ] GC(9) Survivor regions: 4->4(7)
[2023-08-17T10:47:06.321+0500][gc,heap       ] GC(9) Old regions: 18->18
[2023-08-17T10:47:06.321+0500][gc,heap       ] GC(9) Humongous regions: 129->129
[2023-08-17T10:47:06.321+0500][gc,metaspace  ] GC(9) Metaspace: 44317K(47232K)->44317K(47232K) NonClass: 38662K(40192K)->38662K(40192K) Class: 5655K(7040K)->5655K(7040K)
[2023-08-17T10:47:06.321+0500][gc            ] GC(9) Pause Young (Normal) (G1 Evacuation Pause) 194M->148M(1024M) 8.319ms
[2023-08-17T10:47:06.321+0500][gc,cpu        ] GC(9) User=0.05s Sys=0.00s Real=0.01s
[2023-08-17T10:53:19.680+0500][gc,start      ] GC(10) Pause Young (Normal) (G1 Evacuation Pause)
[2023-08-17T10:53:19.680+0500][gc,task       ] GC(10) Using 8 workers of 8 for evacuation
[2023-08-17T10:53:19.687+0500][gc,phases     ] GC(10)   Pre Evacuate Collection Set: 0.0ms
[2023-08-17T10:53:19.687+0500][gc,phases     ] GC(10)   Evacuate Collection Set: 4.9ms
[2023-08-17T10:53:19.687+0500][gc,phases     ] GC(10)   Post Evacuate Collection Set: 1.8ms
[2023-08-17T10:53:19.687+0500][gc,phases     ] GC(10)   Other: 0.6ms
[2023-08-17T10:53:19.687+0500][gc,heap       ] GC(10) Eden regions: 47->0(54)
[2023-08-17T10:53:19.687+0500][gc,heap       ] GC(10) Survivor regions: 4->4(7)
[2023-08-17T10:53:19.687+0500][gc,heap       ] GC(10) Old regions: 18->18
[2023-08-17T10:53:19.687+0500][gc,heap       ] GC(10) Humongous regions: 129->129
[2023-08-17T10:53:19.687+0500][gc,metaspace  ] GC(10) Metaspace: 44382K(47232K)->44382K(47232K) NonClass: 38726K(40192K)->38726K(40192K) Class: 5656K(7040K)->5656K(7040K)
[2023-08-17T10:53:19.687+0500][gc            ] GC(10) Pause Young (Normal) (G1 Evacuation Pause) 195M->148M(1024M) 7.433ms
[2023-08-17T10:53:19.687+0500][gc,cpu        ] GC(10) User=0.04s Sys=0.00s Real=0.01s
[2023-08-17T11:00:35.491+0500][gc,start      ] GC(11) Pause Young (Normal) (G1 Evacuation Pause)
[2023-08-17T11:00:35.491+0500][gc,task       ] GC(11) Using 8 workers of 8 for evacuation
[2023-08-17T11:00:35.500+0500][gc,phases     ] GC(11)   Pre Evacuate Collection Set: 0.0ms
[2023-08-17T11:00:35.500+0500][gc,phases     ] GC(11)   Evacuate Collection Set: 6.3ms
[2023-08-17T11:00:35.500+0500][gc,phases     ] GC(11)   Post Evacuate Collection Set: 2.3ms
[2023-08-17T11:00:35.500+0500][gc,phases     ] GC(11)   Other: 0.6ms
[2023-08-17T11:00:35.500+0500][gc,heap       ] GC(11) Eden regions: 54->0(61)
[2023-08-17T11:00:35.500+0500][gc,heap       ] GC(11) Survivor regions: 4->4(8)
[2023-08-17T11:00:35.500+0500][gc,heap       ] GC(11) Old regions: 18->18
[2023-08-17T11:00:35.500+0500][gc,heap       ] GC(11) Humongous regions: 129->129
[2023-08-17T11:00:35.500+0500][gc,metaspace  ] GC(11) Metaspace: 44452K(47488K)->44452K(47488K) NonClass: 38796K(40448K)->38796K(40448K) Class: 5656K(7040K)->5656K(7040K)
[2023-08-17T11:00:35.500+0500][gc            ] GC(11) Pause Young (Normal) (G1 Evacuation Pause) 202M->148M(1024M) 9.390ms
[2023-08-17T11:00:35.500+0500][gc,cpu        ] GC(11) User=0.02s Sys=0.03s Real=0.01s
[2023-08-17T11:08:50.852+0500][gc,start      ] GC(12) Pause Young (Normal) (G1 Evacuation Pause)
[2023-08-17T11:08:50.852+0500][gc,task       ] GC(12) Using 8 workers of 8 for evacuation
[2023-08-17T11:08:50.861+0500][gc,phases     ] GC(12)   Pre Evacuate Collection Set: 0.0ms
[2023-08-17T11:08:50.861+0500][gc,phases     ] GC(12)   Evacuate Collection Set: 6.9ms
[2023-08-17T11:08:50.861+0500][gc,phases     ] GC(12)   Post Evacuate Collection Set: 1.7ms
[2023-08-17T11:08:50.861+0500][gc,phases     ] GC(12)   Other: 0.3ms
[2023-08-17T11:08:50.861+0500][gc,heap       ] GC(12) Eden regions: 61->0(69)
[2023-08-17T11:08:50.861+0500][gc,heap       ] GC(12) Survivor regions: 4->5(9)
[2023-08-17T11:08:50.861+0500][gc,heap       ] GC(12) Old regions: 18->18
[2023-08-17T11:08:50.861+0500][gc,heap       ] GC(12) Humongous regions: 129->129
[2023-08-17T11:08:50.861+0500][gc,metaspace  ] GC(12) Metaspace: 44498K(47488K)->44498K(47488K) NonClass: 38842K(40448K)->38842K(40448K) Class: 5656K(7040K)->5656K(7040K)
[2023-08-17T11:08:50.862+0500][gc            ] GC(12) Pause Young (Normal) (G1 Evacuation Pause) 209M->149M(1024M) 9.818ms
[2023-08-17T11:08:50.862+0500][gc,cpu        ] GC(12) User=0.05s Sys=0.01s Real=0.01s
[2023-08-17T11:17:41.938+0500][gc,start      ] GC(13) Pause Young (Normal) (G1 Evacuation Pause)
[2023-08-17T11:17:41.938+0500][gc,task       ] GC(13) Using 8 workers of 8 for evacuation
[2023-08-17T11:17:41.942+0500][gc,phases     ] GC(13)   Pre Evacuate Collection Set: 0.2ms
[2023-08-17T11:17:41.942+0500][gc,phases     ] GC(13)   Evacuate Collection Set: 2.9ms
[2023-08-17T11:17:41.942+0500][gc,phases     ] GC(13)   Post Evacuate Collection Set: 1.2ms
[2023-08-17T11:17:41.942+0500][gc,phases     ] GC(13)   Other: 0.2ms
[2023-08-17T11:17:41.942+0500][gc,heap       ] GC(13) Eden regions: 69->0(115)
[2023-08-17T11:17:41.942+0500][gc,heap       ] GC(13) Survivor regions: 5->6(10)
[2023-08-17T11:17:41.942+0500][gc,heap       ] GC(13) Old regions: 18->18
[2023-08-17T11:17:41.942+0500][gc,heap       ] GC(13) Humongous regions: 129->129
[2023-08-17T11:17:41.942+0500][gc,metaspace  ] GC(13) Metaspace: 44577K(47488K)->44577K(47488K) NonClass: 38916K(40448K)->38916K(40448K) Class: 5661K(7040K)->5661K(7040K)
[2023-08-17T11:17:41.942+0500][gc            ] GC(13) Pause Young (Normal) (G1 Evacuation Pause) 218M->150M(1024M) 4.587ms
[2023-08-17T11:17:41.942+0500][gc,cpu        ] GC(13) User=0.03s Sys=0.00s Real=0.00s
[2023-08-17T11:33:26.401+0500][gc,start      ] GC(14) Pause Young (Normal) (G1 Evacuation Pause)
[2023-08-17T11:33:26.401+0500][gc,task       ] GC(14) Using 8 workers of 8 for evacuation
[2023-08-17T11:33:26.413+0500][gc,phases     ] GC(14)   Pre Evacuate Collection Set: 0.0ms
[2023-08-17T11:33:26.413+0500][gc,phases     ] GC(14)   Evacuate Collection Set: 7.7ms
[2023-08-17T11:33:26.413+0500][gc,phases     ] GC(14)   Post Evacuate Collection Set: 3.6ms
[2023-08-17T11:33:26.413+0500][gc,phases     ] GC(14)   Other: 0.5ms
[2023-08-17T11:33:26.413+0500][gc,heap       ] GC(14) Eden regions: 115->0(138)
[2023-08-17T11:33:26.413+0500][gc,heap       ] GC(14) Survivor regions: 6->6(16)
[2023-08-17T11:33:26.413+0500][gc,heap       ] GC(14) Old regions: 18->18
[2023-08-17T11:33:26.413+0500][gc,heap       ] GC(14) Humongous regions: 129->129
[2023-08-17T11:33:26.413+0500][gc,metaspace  ] GC(14) Metaspace: 44610K(47488K)->44610K(47488K) NonClass: 38948K(40448K)->38948K(40448K) Class: 5661K(7040K)->5661K(7040K)
[2023-08-17T11:33:26.414+0500][gc            ] GC(14) Pause Young (Normal) (G1 Evacuation Pause) 265M->150M(1024M) 12.454ms
[2023-08-17T11:33:26.414+0500][gc,cpu        ] GC(14) User=0.05s Sys=0.01s Real=0.02s
[2023-08-17T11:52:20.985+0500][gc,start      ] GC(15) Pause Young (Normal) (G1 Evacuation Pause)
[2023-08-17T11:52:20.986+0500][gc,task       ] GC(15) Using 8 workers of 8 for evacuation
[2023-08-17T11:52:20.996+0500][gc,phases     ] GC(15)   Pre Evacuate Collection Set: 0.0ms
[2023-08-17T11:52:20.996+0500][gc,phases     ] GC(15)   Evacuate Collection Set: 6.7ms
[2023-08-17T11:52:20.996+0500][gc,phases     ] GC(15)   Post Evacuate Collection Set: 2.7ms
[2023-08-17T11:52:20.996+0500][gc,phases     ] GC(15)   Other: 1.2ms
[2023-08-17T11:52:20.996+0500][gc,heap       ] GC(15) Eden regions: 138->0(160)
[2023-08-17T11:52:20.996+0500][gc,heap       ] GC(15) Survivor regions: 6->6(18)
[2023-08-17T11:52:20.996+0500][gc,heap       ] GC(15) Old regions: 18->18
[2023-08-17T11:52:20.996+0500][gc,heap       ] GC(15) Humongous regions: 129->129
[2023-08-17T11:52:20.996+0500][gc,metaspace  ] GC(15) Metaspace: 44643K(47488K)->44643K(47488K) NonClass: 38981K(40448K)->38981K(40448K) Class: 5661K(7040K)->5661K(7040K)
[2023-08-17T11:52:20.996+0500][gc            ] GC(15) Pause Young (Normal) (G1 Evacuation Pause) 288M->150M(1024M) 11.404ms
[2023-08-17T11:52:20.996+0500][gc,cpu        ] GC(15) User=0.05s Sys=0.01s Real=0.02s
[2023-08-17T12:13:57.400+0500][gc,start      ] GC(16) Pause Young (Normal) (G1 Evacuation Pause)
[2023-08-17T12:13:57.401+0500][gc,task       ] GC(16) Using 8 workers of 8 for evacuation
[2023-08-17T12:13:57.410+0500][gc,phases     ] GC(16)   Pre Evacuate Collection Set: 0.0ms
[2023-08-17T12:13:57.410+0500][gc,phases     ] GC(16)   Evacuate Collection Set: 6.4ms
[2023-08-17T12:13:57.410+0500][gc,phases     ] GC(16)   Post Evacuate Collection Set: 3.0ms
[2023-08-17T12:13:57.410+0500][gc,phases     ] GC(16)   Other: 1.1ms
[2023-08-17T12:13:57.411+0500][gc,heap       ] GC(16) Eden regions: 160->0(197)
[2023-08-17T12:13:57.411+0500][gc,heap       ] GC(16) Survivor regions: 6->6(21)
[2023-08-17T12:13:57.411+0500][gc,heap       ] GC(16) Old regions: 18->18
[2023-08-17T12:13:57.411+0500][gc,heap       ] GC(16) Humongous regions: 129->129
[2023-08-17T12:13:57.411+0500][gc,metaspace  ] GC(16) Metaspace: 44652K(47488K)->44652K(47488K) NonClass: 38990K(40448K)->38990K(40448K) Class: 5661K(7040K)->5661K(7040K)
[2023-08-17T12:13:57.412+0500][gc            ] GC(16) Pause Young (Normal) (G1 Evacuation Pause) 310M->150M(1024M) 11.550ms
[2023-08-17T12:13:57.412+0500][gc,cpu        ] GC(16) User=0.04s Sys=0.01s Real=0.01s
[2023-08-17T12:55:13.932+0500][gc,start      ] GC(17) Pause Young (Normal) (G1 Evacuation Pause)
[2023-08-17T12:55:13.932+0500][gc,task       ] GC(17) Using 8 workers of 8 for evacuation
[2023-08-17T12:55:13.968+0500][gc,mmu        ] GC(17) MMU target violated: 21.0ms (20.0ms/21.0ms)
[2023-08-17T12:55:13.969+0500][gc,phases     ] GC(17)   Pre Evacuate Collection Set: 0.0ms
[2023-08-17T12:55:13.969+0500][gc,phases     ] GC(17)   Evacuate Collection Set: 7.4ms
[2023-08-17T12:55:13.969+0500][gc,phases     ] GC(17)   Post Evacuate Collection Set: 27.4ms
[2023-08-17T12:55:13.969+0500][gc,phases     ] GC(17)   Other: 3.4ms
[2023-08-17T12:55:13.969+0500][gc,heap       ] GC(17) Eden regions: 197->0(219)
[2023-08-17T12:55:13.969+0500][gc,heap       ] GC(17) Survivor regions: 6->6(26)
[2023-08-17T12:55:13.969+0500][gc,heap       ] GC(17) Old regions: 18->18
[2023-08-17T12:55:13.969+0500][gc,heap       ] GC(17) Humongous regions: 129->129
[2023-08-17T12:55:13.969+0500][gc,metaspace  ] GC(17) Metaspace: 44686K(47744K)->44686K(47744K) NonClass: 39024K(40704K)->39024K(40704K) Class: 5661K(7040K)->5661K(7040K)
[2023-08-17T12:55:13.969+0500][gc            ] GC(17) Pause Young (Normal) (G1 Evacuation Pause) 347M->150M(1024M) 37.071ms
[2023-08-17T12:55:13.970+0500][gc,cpu        ] GC(17) User=0.03s Sys=0.00s Real=0.04s
[2023-08-17T13:42:55.101+0500][gc,start      ] GC(18) Pause Young (Normal) (G1 Evacuation Pause)
[2023-08-17T13:42:55.101+0500][gc,task       ] GC(18) Using 8 workers of 8 for evacuation
[2023-08-17T13:42:55.112+0500][gc,phases     ] GC(18)   Pre Evacuate Collection Set: 0.0ms
[2023-08-17T13:42:55.112+0500][gc,phases     ] GC(18)   Evacuate Collection Set: 7.5ms
[2023-08-17T13:42:55.112+0500][gc,phases     ] GC(18)   Post Evacuate Collection Set: 3.5ms
[2023-08-17T13:42:55.112+0500][gc,phases     ] GC(18)   Other: 1.5ms
[2023-08-17T13:42:55.112+0500][gc,heap       ] GC(18) Eden regions: 219->0(269)
[2023-08-17T13:42:55.112+0500][gc,heap       ] GC(18) Survivor regions: 6->7(29)
[2023-08-17T13:42:55.112+0500][gc,heap       ] GC(18) Old regions: 18->18
[2023-08-17T13:42:55.112+0500][gc,heap       ] GC(18) Humongous regions: 129->129
[2023-08-17T13:42:55.113+0500][gc,metaspace  ] GC(18) Metaspace: 44698K(47744K)->44698K(47744K) NonClass: 39036K(40704K)->39036K(40704K) Class: 5661K(7040K)->5661K(7040K)
[2023-08-17T13:42:55.113+0500][gc            ] GC(18) Pause Young (Normal) (G1 Evacuation Pause) 369M->151M(1024M) 12.146ms
[2023-08-17T13:42:55.113+0500][gc,cpu        ] GC(18) User=0.07s Sys=0.00s Real=0.01s
[2023-08-17T14:41:33.476+0500][gc,start      ] GC(19) Pause Young (Normal) (G1 Evacuation Pause)
[2023-08-17T14:41:33.477+0500][gc,task       ] GC(19) Using 8 workers of 8 for evacuation
[2023-08-17T14:41:33.494+0500][gc,phases     ] GC(19)   Pre Evacuate Collection Set: 0.8ms
[2023-08-17T14:41:33.494+0500][gc,phases     ] GC(19)   Evacuate Collection Set: 9.1ms
[2023-08-17T14:41:33.494+0500][gc,phases     ] GC(19)   Post Evacuate Collection Set: 3.8ms
[2023-08-17T14:41:33.494+0500][gc,phases     ] GC(19)   Other: 7.5ms
[2023-08-17T14:41:33.494+0500][gc,heap       ] GC(19) Eden regions: 269->0(312)
[2023-08-17T14:41:33.494+0500][gc,heap       ] GC(19) Survivor regions: 7->7(35)
[2023-08-17T14:41:33.494+0500][gc,heap       ] GC(19) Old regions: 18->18
[2023-08-17T14:41:33.494+0500][gc,heap       ] GC(19) Humongous regions: 129->129
[2023-08-17T14:41:33.495+0500][gc,metaspace  ] GC(19) Metaspace: 44713K(47744K)->44713K(47744K) NonClass: 39051K(40704K)->39051K(40704K) Class: 5661K(7040K)->5661K(7040K)
[2023-08-17T14:41:33.495+0500][gc            ] GC(19) Pause Young (Normal) (G1 Evacuation Pause) 420M->151M(1024M) 19.745ms
[2023-08-17T14:41:33.495+0500][gc,cpu        ] GC(19) User=0.03s Sys=0.00s Real=0.02s
[2023-08-17T14:50:15.817+0500][gc,heap,exit  ] Heap
[2023-08-17T14:50:15.817+0500][gc,heap,exit  ]  garbage-first heap   total 1048576K, used 206718K [0x00000000c0000000, 0x0000000100000000)
[2023-08-17T14:50:15.817+0500][gc,heap,exit  ]   region size 1024K, 59 young (60416K), 7 survivors (7168K)
[2023-08-17T14:50:15.817+0500][gc,heap,exit  ]  Metaspace       used 45469K, capacity 48512K, committed 48640K, reserved 1091584K
[2023-08-17T14:50:15.817+0500][gc,heap,exit  ]   class space    used 5871K, capacity 7329K, committed 7424K, reserved 1048576K
