[2023-08-17T09:45:11.549+0500][gc,heap] Heap region size: 1M
[2023-08-17T09:45:11.564+0500][gc     ] Using G1
[2023-08-17T09:45:11.564+0500][gc,heap,coops] Heap address: 0x00000000c0000000, size: 1024 MB, Compressed Oops mode: 32-bit
[2023-08-17T09:45:11.564+0500][gc,cds       ] Mark closed archive regions in map: [0x00000000fff00000, 0x00000000fff6bff8]
[2023-08-17T09:45:11.565+0500][gc,cds       ] Mark open archive regions in map: [0x00000000ffe00000, 0x00000000ffe47ff8]
[2023-08-17T09:45:12.056+0500][gc,start     ] GC(0) Pause Young (Normal) (G1 Evacuation Pause)
[2023-08-17T09:45:12.056+0500][gc,task      ] GC(0) Using 8 workers of 8 for evacuation
[2023-08-17T09:45:12.068+0500][gc,phases    ] GC(0)   Pre Evacuate Collection Set: 0.0ms
[2023-08-17T09:45:12.068+0500][gc,phases    ] GC(0)   Evacuate Collection Set: 11.0ms
[2023-08-17T09:45:12.068+0500][gc,phases    ] GC(0)   Post Evacuate Collection Set: 0.4ms
[2023-08-17T09:45:12.068+0500][gc,phases    ] GC(0)   Other: 0.6ms
[2023-08-17T09:45:12.068+0500][gc,heap      ] GC(0) Eden regions: 51->0(44)
[2023-08-17T09:45:12.068+0500][gc,heap      ] GC(0) Survivor regions: 0->7(7)
[2023-08-17T09:45:12.068+0500][gc,heap      ] GC(0) Old regions: 2->2
[2023-08-17T09:45:12.068+0500][gc,heap      ] GC(0) Humongous regions: 0->0
[2023-08-17T09:45:12.068+0500][gc,metaspace ] GC(0) Metaspace: 14049K(14848K)->14049K(14848K) NonClass: 12323K(12800K)->12323K(12800K) Class: 1725K(2048K)->1725K(2048K)
[2023-08-17T09:45:12.068+0500][gc           ] GC(0) Pause Young (Normal) (G1 Evacuation Pause) 51M->7M(1024M) 12.225ms
[2023-08-17T09:45:12.068+0500][gc,cpu       ] GC(0) User=0.05s Sys=0.01s Real=0.01s
[2023-08-17T09:45:12.483+0500][gc,start     ] GC(1) Pause Young (Concurrent Start) (Metadata GC Threshold)
[2023-08-17T09:45:12.483+0500][gc,task      ] GC(1) Using 8 workers of 8 for evacuation
[2023-08-17T09:45:12.503+0500][gc,mmu       ] GC(1) MMU target violated: 20.4ms (20.0ms/21.0ms)
[2023-08-17T09:45:12.503+0500][gc,phases    ] GC(1)   Pre Evacuate Collection Set: 0.1ms
[2023-08-17T09:45:12.503+0500][gc,phases    ] GC(1)   Evacuate Collection Set: 19.9ms
[2023-08-17T09:45:12.503+0500][gc,phases    ] GC(1)   Post Evacuate Collection Set: 0.3ms
[2023-08-17T09:45:12.503+0500][gc,phases    ] GC(1)   Other: 0.3ms
[2023-08-17T09:45:12.503+0500][gc,heap      ] GC(1) Eden regions: 30->0(50)
[2023-08-17T09:45:12.503+0500][gc,heap      ] GC(1) Survivor regions: 7->1(7)
[2023-08-17T09:45:12.503+0500][gc,heap      ] GC(1) Old regions: 2->9
[2023-08-17T09:45:12.503+0500][gc,heap      ] GC(1) Humongous regions: 0->0
[2023-08-17T09:45:12.503+0500][gc,metaspace ] GC(1) Metaspace: 20585K(21248K)->20585K(21248K) NonClass: 18095K(18432K)->18095K(18432K) Class: 2490K(2816K)->2490K(2816K)
[2023-08-17T09:45:12.503+0500][gc           ] GC(1) Pause Young (Concurrent Start) (Metadata GC Threshold) 37M->8M(1024M) 20.584ms
[2023-08-17T09:45:12.503+0500][gc,cpu       ] GC(1) User=0.09s Sys=0.00s Real=0.02s
[2023-08-17T09:45:12.503+0500][gc           ] GC(2) Concurrent Cycle
[2023-08-17T09:45:12.503+0500][gc,marking   ] GC(2) Concurrent Clear Claimed Marks
[2023-08-17T09:45:12.503+0500][gc,marking   ] GC(2) Concurrent Clear Claimed Marks 0.047ms
[2023-08-17T09:45:12.503+0500][gc,marking   ] GC(2) Concurrent Scan Root Regions
[2023-08-17T09:45:12.504+0500][gc,marking   ] GC(2) Concurrent Scan Root Regions 1.009ms
[2023-08-17T09:45:12.504+0500][gc,marking   ] GC(2) Concurrent Mark (0.957s)
[2023-08-17T09:45:12.504+0500][gc,marking   ] GC(2) Concurrent Mark From Roots
[2023-08-17T09:45:12.504+0500][gc,task      ] GC(2) Using 2 workers of 2 for marking
[2023-08-17T09:45:12.508+0500][gc,marking   ] GC(2) Concurrent Mark From Roots 3.876ms
[2023-08-17T09:45:12.508+0500][gc,marking   ] GC(2) Concurrent Preclean
[2023-08-17T09:45:12.508+0500][gc,marking   ] GC(2) Concurrent Preclean 0.075ms
[2023-08-17T09:45:12.508+0500][gc,marking   ] GC(2) Concurrent Mark (0.957s, 0.961s) 3.997ms
[2023-08-17T09:45:12.508+0500][gc,start     ] GC(2) Pause Remark
[2023-08-17T09:45:12.514+0500][gc,stringtable] GC(2) Cleaned string and symbol table, strings: 5185 processed, 0 removed, symbols: 53152 processed, 44 removed
[2023-08-17T09:45:12.514+0500][gc            ] GC(2) Pause Remark 8M->8M(1024M) 5.526ms
[2023-08-17T09:45:12.514+0500][gc,cpu        ] GC(2) User=0.02s Sys=0.00s Real=0.01s
[2023-08-17T09:45:12.514+0500][gc,marking    ] GC(2) Concurrent Rebuild Remembered Sets
[2023-08-17T09:45:12.517+0500][gc,marking    ] GC(2) Concurrent Rebuild Remembered Sets 3.486ms
[2023-08-17T09:45:12.518+0500][gc,start      ] GC(2) Pause Cleanup
[2023-08-17T09:45:12.518+0500][gc            ] GC(2) Pause Cleanup 8M->8M(1024M) 0.178ms
[2023-08-17T09:45:12.518+0500][gc,cpu        ] GC(2) User=0.00s Sys=0.00s Real=0.00s
[2023-08-17T09:45:12.518+0500][gc,marking    ] GC(2) Concurrent Cleanup for Next Mark
[2023-08-17T09:45:12.523+0500][gc,marking    ] GC(2) Concurrent Cleanup for Next Mark 5.654ms
[2023-08-17T09:45:12.523+0500][gc            ] GC(2) Concurrent Cycle 20.263ms
[2023-08-17T09:45:13.001+0500][gc,start      ] GC(3) Pause Young (Normal) (G1 Evacuation Pause)
[2023-08-17T09:45:13.001+0500][gc,task       ] GC(3) Using 8 workers of 8 for evacuation
[2023-08-17T09:45:13.005+0500][gc,phases     ] GC(3)   Pre Evacuate Collection Set: 0.0ms
[2023-08-17T09:45:13.005+0500][gc,phases     ] GC(3)   Evacuate Collection Set: 3.2ms
[2023-08-17T09:45:13.005+0500][gc,phases     ] GC(3)   Post Evacuate Collection Set: 0.3ms
[2023-08-17T09:45:13.005+0500][gc,phases     ] GC(3)   Other: 0.2ms
[2023-08-17T09:45:13.005+0500][gc,heap       ] GC(3) Eden regions: 50->0(45)
[2023-08-17T09:45:13.005+0500][gc,heap       ] GC(3) Survivor regions: 1->6(7)
[2023-08-17T09:45:13.005+0500][gc,heap       ] GC(3) Old regions: 9->9
[2023-08-17T09:45:13.005+0500][gc,heap       ] GC(3) Humongous regions: 129->129
[2023-08-17T09:45:13.005+0500][gc,metaspace  ] GC(3) Metaspace: 28647K(29952K)->28647K(29952K) NonClass: 25321K(26112K)->25321K(26112K) Class: 3326K(3840K)->3326K(3840K)
[2023-08-17T09:45:13.005+0500][gc            ] GC(3) Pause Young (Normal) (G1 Evacuation Pause) 187M->141M(1024M) 3.804ms
[2023-08-17T09:45:13.005+0500][gc,cpu        ] GC(3) User=0.02s Sys=0.00s Real=0.00s
[2023-08-17T09:45:13.269+0500][gc,start      ] GC(4) Pause Young (Concurrent Start) (Metadata GC Threshold)
[2023-08-17T09:45:13.269+0500][gc,task       ] GC(4) Using 8 workers of 8 for evacuation
[2023-08-17T09:45:13.275+0500][gc,phases     ] GC(4)   Pre Evacuate Collection Set: 0.1ms
[2023-08-17T09:45:13.275+0500][gc,phases     ] GC(4)   Evacuate Collection Set: 5.0ms
[2023-08-17T09:45:13.275+0500][gc,phases     ] GC(4)   Post Evacuate Collection Set: 0.4ms
[2023-08-17T09:45:13.275+0500][gc,phases     ] GC(4)   Other: 0.2ms
[2023-08-17T09:45:13.275+0500][gc,heap       ] GC(4) Eden regions: 30->0(48)
[2023-08-17T09:45:13.275+0500][gc,heap       ] GC(4) Survivor regions: 6->3(7)
[2023-08-17T09:45:13.275+0500][gc,heap       ] GC(4) Old regions: 9->14
[2023-08-17T09:45:13.275+0500][gc,heap       ] GC(4) Humongous regions: 129->129
[2023-08-17T09:45:13.275+0500][gc,metaspace  ] GC(4) Metaspace: 34450K(35840K)->34450K(35840K) NonClass: 30398K(31104K)->30398K(31104K) Class: 4052K(4736K)->4052K(4736K)
[2023-08-17T09:45:13.275+0500][gc            ] GC(4) Pause Young (Concurrent Start) (Metadata GC Threshold) 170M->143M(1024M) 5.702ms
[2023-08-17T09:45:13.275+0500][gc,cpu        ] GC(4) User=0.01s Sys=0.01s Real=0.01s
[2023-08-17T09:45:13.275+0500][gc            ] GC(5) Concurrent Cycle
[2023-08-17T09:45:13.275+0500][gc,marking    ] GC(5) Concurrent Clear Claimed Marks
[2023-08-17T09:45:13.275+0500][gc,marking    ] GC(5) Concurrent Clear Claimed Marks 0.026ms
[2023-08-17T09:45:13.275+0500][gc,marking    ] GC(5) Concurrent Scan Root Regions
[2023-08-17T09:45:13.276+0500][gc,marking    ] GC(5) Concurrent Scan Root Regions 0.950ms
[2023-08-17T09:45:13.276+0500][gc,marking    ] GC(5) Concurrent Mark (1.729s)
[2023-08-17T09:45:13.276+0500][gc,marking    ] GC(5) Concurrent Mark From Roots
[2023-08-17T09:45:13.276+0500][gc,task       ] GC(5) Using 2 workers of 2 for marking
[2023-08-17T09:45:13.285+0500][gc,marking    ] GC(5) Concurrent Mark From Roots 9.180ms
[2023-08-17T09:45:13.285+0500][gc,marking    ] GC(5) Concurrent Preclean
[2023-08-17T09:45:13.285+0500][gc,marking    ] GC(5) Concurrent Preclean 0.087ms
[2023-08-17T09:45:13.285+0500][gc,marking    ] GC(5) Concurrent Mark (1.729s, 1.738s) 9.320ms
[2023-08-17T09:45:13.286+0500][gc,start      ] GC(5) Pause Remark
[2023-08-17T09:45:13.300+0500][gc,stringtable] GC(5) Cleaned string and symbol table, strings: 10961 processed, 14 removed, symbols: 85383 processed, 16 removed
[2023-08-17T09:45:13.300+0500][gc            ] GC(5) Pause Remark 143M->143M(1024M) 14.202ms
[2023-08-17T09:45:13.300+0500][gc,cpu        ] GC(5) User=0.04s Sys=0.00s Real=0.01s
[2023-08-17T09:45:13.307+0500][gc,marking    ] GC(5) Concurrent Rebuild Remembered Sets
[2023-08-17T09:45:13.311+0500][gc,marking    ] GC(5) Concurrent Rebuild Remembered Sets 4.564ms
[2023-08-17T09:45:13.312+0500][gc,start      ] GC(5) Pause Cleanup
[2023-08-17T09:45:13.312+0500][gc            ] GC(5) Pause Cleanup 143M->143M(1024M) 0.145ms
[2023-08-17T09:45:13.312+0500][gc,cpu        ] GC(5) User=0.00s Sys=0.00s Real=0.00s
[2023-08-17T09:45:13.312+0500][gc,marking    ] GC(5) Concurrent Cleanup for Next Mark
[2023-08-17T09:45:13.315+0500][gc,marking    ] GC(5) Concurrent Cleanup for Next Mark 2.877ms
[2023-08-17T09:45:13.315+0500][gc            ] GC(5) Concurrent Cycle 40.018ms
[2023-08-17T09:47:53.184+0500][gc,heap,exit  ] Heap
[2023-08-17T09:47:53.184+0500][gc,heap,exit  ]  garbage-first heap   total 1048576K, used 166080K [0x00000000c0000000, 0x0000000100000000)
[2023-08-17T09:47:53.184+0500][gc,heap,exit  ]   region size 1024K, 24 young (24576K), 3 survivors (3072K)
[2023-08-17T09:47:53.184+0500][gc,heap,exit  ]  Metaspace       used 37029K, capacity 38681K, committed 38912K, reserved 1083392K
[2023-08-17T09:47:53.184+0500][gc,heap,exit  ]   class space    used 4529K, capacity 5331K, committed 5376K, reserved 1048576K
