[2023-07-24T08:51:40.714+0500][gc,heap] Heap region size: 1M
[2023-07-24T08:51:40.719+0500][gc     ] Using G1
[2023-07-24T08:51:40.719+0500][gc,heap,coops] Heap address: 0x00000000c0000000, size: 1024 MB, Compressed Oops mode: 32-bit
[2023-07-24T08:51:40.719+0500][gc,cds       ] Mark closed archive regions in map: [0x00000000fff00000, 0x00000000fff6aff8]
[2023-07-24T08:51:40.719+0500][gc,cds       ] Mark open archive regions in map: [0x00000000ffe00000, 0x00000000ffe46ff8]
[2023-07-24T08:51:41.259+0500][gc,start     ] GC(0) Pause Young (Normal) (GCLocker Initiated GC)
[2023-07-24T08:51:41.259+0500][gc,task      ] GC(0) Using 8 workers of 8 for evacuation
[2023-07-24T08:51:41.269+0500][gc,phases    ] GC(0)   Pre Evacuate Collection Set: 0.0ms
[2023-07-24T08:51:41.269+0500][gc,phases    ] GC(0)   Evacuate Collection Set: 9.5ms
[2023-07-24T08:51:41.269+0500][gc,phases    ] GC(0)   Post Evacuate Collection Set: 0.4ms
[2023-07-24T08:51:41.269+0500][gc,phases    ] GC(0)   Other: 0.4ms
[2023-07-24T08:51:41.269+0500][gc,heap      ] GC(0) Eden regions: 51->0(44)
[2023-07-24T08:51:41.269+0500][gc,heap      ] GC(0) Survivor regions: 0->7(7)
[2023-07-24T08:51:41.269+0500][gc,heap      ] GC(0) Old regions: 2->2
[2023-07-24T08:51:41.269+0500][gc,heap      ] GC(0) Humongous regions: 0->0
[2023-07-24T08:51:41.269+0500][gc,metaspace ] GC(0) Metaspace: 14138K(14848K)->14138K(14848K) NonClass: 12399K(12800K)->12399K(12800K) Class: 1738K(2048K)->1738K(2048K)
[2023-07-24T08:51:41.269+0500][gc           ] GC(0) Pause Young (Normal) (GCLocker Initiated GC) 51M->7M(1024M) 10.470ms
[2023-07-24T08:51:41.269+0500][gc,cpu       ] GC(0) User=0.05s Sys=0.00s Real=0.02s
[2023-07-24T08:51:41.677+0500][gc,start     ] GC(1) Pause Young (Concurrent Start) (Metadata GC Threshold)
[2023-07-24T08:51:41.677+0500][gc,task      ] GC(1) Using 8 workers of 8 for evacuation
[2023-07-24T08:51:41.686+0500][gc,phases    ] GC(1)   Pre Evacuate Collection Set: 0.1ms
[2023-07-24T08:51:41.686+0500][gc,phases    ] GC(1)   Evacuate Collection Set: 8.6ms
[2023-07-24T08:51:41.686+0500][gc,phases    ] GC(1)   Post Evacuate Collection Set: 0.4ms
[2023-07-24T08:51:41.686+0500][gc,phases    ] GC(1)   Other: 0.2ms
[2023-07-24T08:51:41.686+0500][gc,heap      ] GC(1) Eden regions: 29->0(49)
[2023-07-24T08:51:41.686+0500][gc,heap      ] GC(1) Survivor regions: 7->2(7)
[2023-07-24T08:51:41.686+0500][gc,heap      ] GC(1) Old regions: 2->9
[2023-07-24T08:51:41.686+0500][gc,heap      ] GC(1) Humongous regions: 0->0
[2023-07-24T08:51:41.686+0500][gc,metaspace ] GC(1) Metaspace: 20634K(21296K)->20634K(21296K) NonClass: 18133K(18480K)->18133K(18480K) Class: 2500K(2816K)->2500K(2816K)
[2023-07-24T08:51:41.686+0500][gc           ] GC(1) Pause Young (Concurrent Start) (Metadata GC Threshold) 36M->8M(1024M) 9.341ms
[2023-07-24T08:51:41.686+0500][gc,cpu       ] GC(1) User=0.02s Sys=0.01s Real=0.01s
[2023-07-24T08:51:41.687+0500][gc           ] GC(2) Concurrent Cycle
[2023-07-24T08:51:41.687+0500][gc,marking   ] GC(2) Concurrent Clear Claimed Marks
[2023-07-24T08:51:41.687+0500][gc,marking   ] GC(2) Concurrent Clear Claimed Marks 0.033ms
[2023-07-24T08:51:41.687+0500][gc,marking   ] GC(2) Concurrent Scan Root Regions
[2023-07-24T08:51:41.688+0500][gc,marking   ] GC(2) Concurrent Scan Root Regions 0.934ms
[2023-07-24T08:51:41.688+0500][gc,marking   ] GC(2) Concurrent Mark (0.975s)
[2023-07-24T08:51:41.688+0500][gc,marking   ] GC(2) Concurrent Mark From Roots
[2023-07-24T08:51:41.688+0500][gc,task      ] GC(2) Using 2 workers of 2 for marking
[2023-07-24T08:51:41.691+0500][gc,marking   ] GC(2) Concurrent Mark From Roots 3.539ms
[2023-07-24T08:51:41.691+0500][gc,marking   ] GC(2) Concurrent Preclean
[2023-07-24T08:51:41.691+0500][gc,marking   ] GC(2) Concurrent Preclean 0.071ms
[2023-07-24T08:51:41.691+0500][gc,marking   ] GC(2) Concurrent Mark (0.975s, 0.979s) 3.658ms
[2023-07-24T08:51:41.691+0500][gc,start     ] GC(2) Pause Remark
[2023-07-24T08:51:41.698+0500][gc,stringtable] GC(2) Cleaned string and symbol table, strings: 5206 processed, 0 removed, symbols: 53290 processed, 45 removed
[2023-07-24T08:51:41.698+0500][gc            ] GC(2) Pause Remark 9M->9M(1024M) 6.448ms
[2023-07-24T08:51:41.698+0500][gc,cpu        ] GC(2) User=0.02s Sys=0.00s Real=0.00s
[2023-07-24T08:51:41.698+0500][gc,marking    ] GC(2) Concurrent Rebuild Remembered Sets
[2023-07-24T08:51:41.700+0500][gc,marking    ] GC(2) Concurrent Rebuild Remembered Sets 2.188ms
[2023-07-24T08:51:41.700+0500][gc,start      ] GC(2) Pause Cleanup
[2023-07-24T08:51:41.700+0500][gc            ] GC(2) Pause Cleanup 9M->9M(1024M) 0.153ms
[2023-07-24T08:51:41.700+0500][gc,cpu        ] GC(2) User=0.00s Sys=0.00s Real=0.00s
[2023-07-24T08:51:41.700+0500][gc,marking    ] GC(2) Concurrent Cleanup for Next Mark
[2023-07-24T08:51:41.703+0500][gc,marking    ] GC(2) Concurrent Cleanup for Next Mark 3.135ms
[2023-07-24T08:51:41.704+0500][gc            ] GC(2) Concurrent Cycle 17.029ms
[2023-07-24T08:51:42.165+0500][gc,start      ] GC(3) Pause Young (Normal) (G1 Evacuation Pause)
[2023-07-24T08:51:42.165+0500][gc,task       ] GC(3) Using 8 workers of 8 for evacuation
[2023-07-24T08:51:42.179+0500][gc,phases     ] GC(3)   Pre Evacuate Collection Set: 0.0ms
[2023-07-24T08:51:42.179+0500][gc,phases     ] GC(3)   Evacuate Collection Set: 13.3ms
[2023-07-24T08:51:42.179+0500][gc,phases     ] GC(3)   Post Evacuate Collection Set: 0.3ms
[2023-07-24T08:51:42.179+0500][gc,phases     ] GC(3)   Other: 0.2ms
[2023-07-24T08:51:42.179+0500][gc,heap       ] GC(3) Eden regions: 49->0(46)
[2023-07-24T08:51:42.179+0500][gc,heap       ] GC(3) Survivor regions: 2->5(7)
[2023-07-24T08:51:42.179+0500][gc,heap       ] GC(3) Old regions: 9->9
[2023-07-24T08:51:42.179+0500][gc,heap       ] GC(3) Humongous regions: 129->129
[2023-07-24T08:51:42.179+0500][gc,metaspace  ] GC(3) Metaspace: 28409K(29696K)->28409K(29696K) NonClass: 25097K(25856K)->25097K(25856K) Class: 3312K(3840K)->3312K(3840K)
[2023-07-24T08:51:42.179+0500][gc            ] GC(3) Pause Young (Normal) (G1 Evacuation Pause) 186M->141M(1024M) 13.849ms
[2023-07-24T08:51:42.179+0500][gc,cpu        ] GC(3) User=0.07s Sys=0.00s Real=0.01s
[2023-07-24T08:51:42.553+0500][gc,start      ] GC(4) Pause Young (Concurrent Start) (Metadata GC Threshold)
[2023-07-24T08:51:42.553+0500][gc,task       ] GC(4) Using 8 workers of 8 for evacuation
[2023-07-24T08:51:42.566+0500][gc,phases     ] GC(4)   Pre Evacuate Collection Set: 0.1ms
[2023-07-24T08:51:42.566+0500][gc,phases     ] GC(4)   Evacuate Collection Set: 11.9ms
[2023-07-24T08:51:42.566+0500][gc,phases     ] GC(4)   Post Evacuate Collection Set: 0.5ms
[2023-07-24T08:51:42.566+0500][gc,phases     ] GC(4)   Other: 0.2ms
[2023-07-24T08:51:42.566+0500][gc,heap       ] GC(4) Eden regions: 31->0(49)
[2023-07-24T08:51:42.566+0500][gc,heap       ] GC(4) Survivor regions: 5->2(7)
[2023-07-24T08:51:42.566+0500][gc,heap       ] GC(4) Old regions: 9->14
[2023-07-24T08:51:42.566+0500][gc,heap       ] GC(4) Humongous regions: 129->129
[2023-07-24T08:51:42.566+0500][gc,metaspace  ] GC(4) Metaspace: 34547K(35920K)->34547K(35920K) NonClass: 30472K(31184K)->30472K(31184K) Class: 4074K(4736K)->4074K(4736K)
[2023-07-24T08:51:42.566+0500][gc            ] GC(4) Pause Young (Concurrent Start) (Metadata GC Threshold) 171M->143M(1024M) 12.739ms
[2023-07-24T08:51:42.566+0500][gc,cpu        ] GC(4) User=0.02s Sys=0.01s Real=0.01s
[2023-07-24T08:51:42.566+0500][gc            ] GC(5) Concurrent Cycle
[2023-07-24T08:51:42.566+0500][gc,marking    ] GC(5) Concurrent Clear Claimed Marks
[2023-07-24T08:51:42.566+0500][gc,marking    ] GC(5) Concurrent Clear Claimed Marks 0.065ms
[2023-07-24T08:51:42.566+0500][gc,marking    ] GC(5) Concurrent Scan Root Regions
[2023-07-24T08:51:42.568+0500][gc,marking    ] GC(5) Concurrent Scan Root Regions 1.424ms
[2023-07-24T08:51:42.568+0500][gc,marking    ] GC(5) Concurrent Mark (1.855s)
[2023-07-24T08:51:42.568+0500][gc,marking    ] GC(5) Concurrent Mark From Roots
[2023-07-24T08:51:42.568+0500][gc,task       ] GC(5) Using 2 workers of 2 for marking
[2023-07-24T08:51:42.575+0500][gc,marking    ] GC(5) Concurrent Mark From Roots 7.812ms
[2023-07-24T08:51:42.576+0500][gc,marking    ] GC(5) Concurrent Preclean
[2023-07-24T08:51:42.576+0500][gc,marking    ] GC(5) Concurrent Preclean 0.102ms
[2023-07-24T08:51:42.576+0500][gc,marking    ] GC(5) Concurrent Mark (1.855s, 1.863s) 7.967ms
[2023-07-24T08:51:42.576+0500][gc,start      ] GC(5) Pause Remark
[2023-07-24T08:51:42.578+0500][gc,stringtable] GC(5) Cleaned string and symbol table, strings: 10453 processed, 14 removed, symbols: 85448 processed, 15 removed
[2023-07-24T08:51:42.578+0500][gc            ] GC(5) Pause Remark 144M->144M(1024M) 2.498ms
[2023-07-24T08:51:42.578+0500][gc,cpu        ] GC(5) User=0.02s Sys=0.00s Real=0.00s
[2023-07-24T08:51:42.578+0500][gc,marking    ] GC(5) Concurrent Rebuild Remembered Sets
[2023-07-24T08:51:42.584+0500][gc,marking    ] GC(5) Concurrent Rebuild Remembered Sets 5.159ms
[2023-07-24T08:51:42.584+0500][gc,start      ] GC(5) Pause Cleanup
[2023-07-24T08:51:42.584+0500][gc            ] GC(5) Pause Cleanup 146M->146M(1024M) 0.154ms
[2023-07-24T08:51:42.584+0500][gc,cpu        ] GC(5) User=0.01s Sys=0.00s Real=0.00s
[2023-07-24T08:51:42.584+0500][gc,marking    ] GC(5) Concurrent Cleanup for Next Mark
[2023-07-24T08:51:42.590+0500][gc,marking    ] GC(5) Concurrent Cleanup for Next Mark 6.078ms
[2023-07-24T08:51:42.590+0500][gc            ] GC(5) Concurrent Cycle 23.779ms
[2023-07-24T08:57:32.643+0500][gc,start      ] GC(6) Pause Young (Normal) (G1 Evacuation Pause)
[2023-07-24T08:57:32.643+0500][gc,task       ] GC(6) Using 8 workers of 8 for evacuation
[2023-07-24T08:57:32.647+0500][gc,phases     ] GC(6)   Pre Evacuate Collection Set: 0.1ms
[2023-07-24T08:57:32.647+0500][gc,phases     ] GC(6)   Evacuate Collection Set: 3.2ms
[2023-07-24T08:57:32.647+0500][gc,phases     ] GC(6)   Post Evacuate Collection Set: 0.4ms
[2023-07-24T08:57:32.647+0500][gc,phases     ] GC(6)   Other: 0.2ms
[2023-07-24T08:57:32.647+0500][gc,heap       ] GC(6) Eden regions: 49->0(46)
[2023-07-24T08:57:32.647+0500][gc,heap       ] GC(6) Survivor regions: 2->5(7)
[2023-07-24T08:57:32.647+0500][gc,heap       ] GC(6) Old regions: 14->14
[2023-07-24T08:57:32.647+0500][gc,heap       ] GC(6) Humongous regions: 129->129
[2023-07-24T08:57:32.647+0500][gc,metaspace  ] GC(6) Metaspace: 40953K(43548K)->40953K(43548K) NonClass: 35654K(37072K)->35654K(37072K) Class: 5298K(6476K)->5298K(6476K)
[2023-07-24T08:57:32.647+0500][gc            ] GC(6) Pause Young (Normal) (G1 Evacuation Pause) 192M->145M(1024M) 3.901ms
[2023-07-24T08:57:32.647+0500][gc,cpu        ] GC(6) User=0.02s Sys=0.00s Real=0.00s
[2023-07-24T09:09:25.900+0500][gc,start      ] GC(7) Pause Young (Normal) (G1 Evacuation Pause)
[2023-07-24T09:09:25.901+0500][gc,task       ] GC(7) Using 8 workers of 8 for evacuation
[2023-07-24T09:09:25.906+0500][gc,phases     ] GC(7)   Pre Evacuate Collection Set: 0.0ms
[2023-07-24T09:09:25.906+0500][gc,phases     ] GC(7)   Evacuate Collection Set: 5.0ms
[2023-07-24T09:09:25.906+0500][gc,phases     ] GC(7)   Post Evacuate Collection Set: 0.6ms
[2023-07-24T09:09:25.906+0500][gc,phases     ] GC(7)   Other: 0.7ms
[2023-07-24T09:09:25.906+0500][gc,heap       ] GC(7) Eden regions: 46->0(46)
[2023-07-24T09:09:25.906+0500][gc,heap       ] GC(7) Survivor regions: 5->5(7)
[2023-07-24T09:09:25.906+0500][gc,heap       ] GC(7) Old regions: 14->15
[2023-07-24T09:09:25.906+0500][gc,heap       ] GC(7) Humongous regions: 129->129
[2023-07-24T09:09:25.906+0500][gc,metaspace  ] GC(7) Metaspace: 43162K(45980K)->43162K(45980K) NonClass: 37629K(39120K)->37629K(39120K) Class: 5532K(6860K)->5532K(6860K)
[2023-07-24T09:09:25.906+0500][gc            ] GC(7) Pause Young (Normal) (G1 Evacuation Pause) 191M->147M(1024M) 6.453ms
[2023-07-24T09:09:25.906+0500][gc,cpu        ] GC(7) User=0.03s Sys=0.00s Real=0.00s
[2023-07-24T09:19:03.545+0500][gc,start      ] GC(8) Pause Young (Normal) (G1 Evacuation Pause)
[2023-07-24T09:19:03.545+0500][gc,task       ] GC(8) Using 8 workers of 8 for evacuation
[2023-07-24T09:19:03.553+0500][gc,phases     ] GC(8)   Pre Evacuate Collection Set: 0.0ms
[2023-07-24T09:19:03.553+0500][gc,phases     ] GC(8)   Evacuate Collection Set: 7.4ms
[2023-07-24T09:19:03.553+0500][gc,phases     ] GC(8)   Post Evacuate Collection Set: 0.6ms
[2023-07-24T09:19:03.553+0500][gc,phases     ] GC(8)   Other: 0.3ms
[2023-07-24T09:19:03.553+0500][gc,heap       ] GC(8) Eden regions: 46->0(48)
[2023-07-24T09:19:03.553+0500][gc,heap       ] GC(8) Survivor regions: 5->3(7)
[2023-07-24T09:19:03.553+0500][gc,heap       ] GC(8) Old regions: 15->18
[2023-07-24T09:19:03.553+0500][gc,heap       ] GC(8) Humongous regions: 129->129
[2023-07-24T09:19:03.554+0500][gc,metaspace  ] GC(8) Metaspace: 43433K(46236K)->43433K(46236K) NonClass: 37889K(39376K)->37889K(39376K) Class: 5543K(6860K)->5543K(6860K)
[2023-07-24T09:19:03.554+0500][gc            ] GC(8) Pause Young (Normal) (G1 Evacuation Pause) 193M->148M(1024M) 8.500ms
[2023-07-24T09:19:03.554+0500][gc,cpu        ] GC(8) User=0.05s Sys=0.00s Real=0.01s
[2023-07-24T09:25:49.814+0500][gc,start      ] GC(9) Pause Young (Normal) (G1 Evacuation Pause)
[2023-07-24T09:25:49.814+0500][gc,task       ] GC(9) Using 8 workers of 8 for evacuation
[2023-07-24T09:25:49.820+0500][gc,phases     ] GC(9)   Pre Evacuate Collection Set: 0.0ms
[2023-07-24T09:25:49.820+0500][gc,phases     ] GC(9)   Evacuate Collection Set: 4.6ms
[2023-07-24T09:25:49.820+0500][gc,phases     ] GC(9)   Post Evacuate Collection Set: 1.2ms
[2023-07-24T09:25:49.820+0500][gc,phases     ] GC(9)   Other: 0.3ms
[2023-07-24T09:25:49.820+0500][gc,heap       ] GC(9) Eden regions: 48->0(49)
[2023-07-24T09:25:49.820+0500][gc,heap       ] GC(9) Survivor regions: 3->3(7)
[2023-07-24T09:25:49.820+0500][gc,heap       ] GC(9) Old regions: 18->18
[2023-07-24T09:25:49.820+0500][gc,heap       ] GC(9) Humongous regions: 129->129
[2023-07-24T09:25:49.820+0500][gc,metaspace  ] GC(9) Metaspace: 43689K(46492K)->43689K(46492K) NonClass: 38141K(39632K)->38141K(39632K) Class: 5547K(6860K)->5547K(6860K)
[2023-07-24T09:25:49.820+0500][gc            ] GC(9) Pause Young (Normal) (G1 Evacuation Pause) 196M->147M(1024M) 6.156ms
[2023-07-24T09:25:49.820+0500][gc,cpu        ] GC(9) User=0.04s Sys=0.00s Real=0.01s
[2023-07-24T09:32:22.879+0500][gc,start      ] GC(10) Pause Young (Normal) (G1 Evacuation Pause)
[2023-07-24T09:32:22.879+0500][gc,task       ] GC(10) Using 8 workers of 8 for evacuation
[2023-07-24T09:32:22.886+0500][gc,phases     ] GC(10)   Pre Evacuate Collection Set: 0.5ms
[2023-07-24T09:32:22.886+0500][gc,phases     ] GC(10)   Evacuate Collection Set: 5.0ms
[2023-07-24T09:32:22.886+0500][gc,phases     ] GC(10)   Post Evacuate Collection Set: 1.2ms
[2023-07-24T09:32:22.886+0500][gc,phases     ] GC(10)   Other: 0.2ms
[2023-07-24T09:32:22.886+0500][gc,heap       ] GC(10) Eden regions: 49->0(60)
[2023-07-24T09:32:22.886+0500][gc,heap       ] GC(10) Survivor regions: 3->3(7)
[2023-07-24T09:32:22.886+0500][gc,heap       ] GC(10) Old regions: 18->18
[2023-07-24T09:32:22.886+0500][gc,heap       ] GC(10) Humongous regions: 129->129
[2023-07-24T09:32:22.886+0500][gc,metaspace  ] GC(10) Metaspace: 43976K(46748K)->43976K(46748K) NonClass: 38429K(39888K)->38429K(39888K) Class: 5547K(6860K)->5547K(6860K)
[2023-07-24T09:32:22.886+0500][gc            ] GC(10) Pause Young (Normal) (G1 Evacuation Pause) 196M->147M(1024M) 6.976ms
[2023-07-24T09:32:22.886+0500][gc,cpu        ] GC(10) User=0.04s Sys=0.00s Real=0.01s
[2023-07-24T09:40:29.050+0500][gc,start      ] GC(11) Pause Young (Normal) (G1 Evacuation Pause)
[2023-07-24T09:40:29.050+0500][gc,task       ] GC(11) Using 8 workers of 8 for evacuation
[2023-07-24T09:40:29.059+0500][gc,phases     ] GC(11)   Pre Evacuate Collection Set: 0.0ms
[2023-07-24T09:40:29.059+0500][gc,phases     ] GC(11)   Evacuate Collection Set: 6.4ms
[2023-07-24T09:40:29.059+0500][gc,phases     ] GC(11)   Post Evacuate Collection Set: 1.6ms
[2023-07-24T09:40:29.059+0500][gc,phases     ] GC(11)   Other: 0.6ms
[2023-07-24T09:40:29.059+0500][gc,heap       ] GC(11) Eden regions: 60->0(73)
[2023-07-24T09:40:29.059+0500][gc,heap       ] GC(11) Survivor regions: 3->3(8)
[2023-07-24T09:40:29.059+0500][gc,heap       ] GC(11) Old regions: 18->18
[2023-07-24T09:40:29.059+0500][gc,heap       ] GC(11) Humongous regions: 129->129
[2023-07-24T09:40:29.059+0500][gc,metaspace  ] GC(11) Metaspace: 44042K(46748K)->44042K(46748K) NonClass: 38495K(39888K)->38495K(39888K) Class: 5547K(6860K)->5547K(6860K)
[2023-07-24T09:40:29.059+0500][gc            ] GC(11) Pause Young (Normal) (G1 Evacuation Pause) 207M->148M(1024M) 8.855ms
[2023-07-24T09:40:29.059+0500][gc,cpu        ] GC(11) User=0.05s Sys=0.01s Real=0.00s
[2023-07-24T09:52:28.507+0500][gc,start      ] GC(12) Pause Young (Normal) (G1 Evacuation Pause)
[2023-07-24T09:52:28.507+0500][gc,task       ] GC(12) Using 8 workers of 8 for evacuation
[2023-07-24T09:52:28.525+0500][gc,phases     ] GC(12)   Pre Evacuate Collection Set: 0.0ms
[2023-07-24T09:52:28.525+0500][gc,phases     ] GC(12)   Evacuate Collection Set: 8.6ms
[2023-07-24T09:52:28.525+0500][gc,phases     ] GC(12)   Post Evacuate Collection Set: 8.6ms
[2023-07-24T09:52:28.525+0500][gc,phases     ] GC(12)   Other: 0.6ms
[2023-07-24T09:52:28.525+0500][gc,heap       ] GC(12) Eden regions: 73->0(77)
[2023-07-24T09:52:28.525+0500][gc,heap       ] GC(12) Survivor regions: 3->5(10)
[2023-07-24T09:52:28.525+0500][gc,heap       ] GC(12) Old regions: 18->18
[2023-07-24T09:52:28.525+0500][gc,heap       ] GC(12) Humongous regions: 129->129
[2023-07-24T09:52:28.525+0500][gc,metaspace  ] GC(12) Metaspace: 44128K(47004K)->44128K(47004K) NonClass: 38575K(40144K)->38575K(40144K) Class: 5552K(6860K)->5552K(6860K)
[2023-07-24T09:52:28.525+0500][gc            ] GC(12) Pause Young (Normal) (G1 Evacuation Pause) 221M->149M(1024M) 17.858ms
[2023-07-24T09:52:28.525+0500][gc,cpu        ] GC(12) User=0.07s Sys=0.01s Real=0.02s
[2023-07-24T10:08:23.631+0500][gc,start      ] GC(13) Pause Young (Normal) (G1 Evacuation Pause)
[2023-07-24T10:08:23.631+0500][gc,task       ] GC(13) Using 8 workers of 8 for evacuation
[2023-07-24T10:08:23.637+0500][gc,phases     ] GC(13)   Pre Evacuate Collection Set: 0.0ms
[2023-07-24T10:08:23.637+0500][gc,phases     ] GC(13)   Evacuate Collection Set: 5.0ms
[2023-07-24T10:08:23.637+0500][gc,phases     ] GC(13)   Post Evacuate Collection Set: 1.2ms
[2023-07-24T10:08:23.637+0500][gc,phases     ] GC(13)   Other: 0.2ms
[2023-07-24T10:08:23.637+0500][gc,heap       ] GC(13) Eden regions: 77->0(107)
[2023-07-24T10:08:23.637+0500][gc,heap       ] GC(13) Survivor regions: 5->5(11)
[2023-07-24T10:08:23.637+0500][gc,heap       ] GC(13) Old regions: 18->18
[2023-07-24T10:08:23.637+0500][gc,heap       ] GC(13) Humongous regions: 129->129
[2023-07-24T10:08:23.637+0500][gc,metaspace  ] GC(13) Metaspace: 44184K(47004K)->44184K(47004K) NonClass: 38631K(40144K)->38631K(40144K) Class: 5553K(6860K)->5553K(6860K)
[2023-07-24T10:08:23.637+0500][gc            ] GC(13) Pause Young (Normal) (G1 Evacuation Pause) 226M->149M(1024M) 6.528ms
[2023-07-24T10:08:23.637+0500][gc,cpu        ] GC(13) User=0.04s Sys=0.00s Real=0.00s
[2023-07-24T10:43:03.545+0500][gc,start      ] GC(14) Pause Young (Normal) (G1 Evacuation Pause)
[2023-07-24T10:43:03.546+0500][gc,task       ] GC(14) Using 8 workers of 8 for evacuation
[2023-07-24T10:43:03.558+0500][gc,phases     ] GC(14)   Pre Evacuate Collection Set: 0.5ms
[2023-07-24T10:43:03.558+0500][gc,phases     ] GC(14)   Evacuate Collection Set: 8.1ms
[2023-07-24T10:43:03.558+0500][gc,phases     ] GC(14)   Post Evacuate Collection Set: 3.5ms
[2023-07-24T10:43:03.558+0500][gc,phases     ] GC(14)   Other: 0.9ms
[2023-07-24T10:43:03.558+0500][gc,heap       ] GC(14) Eden regions: 107->0(157)
[2023-07-24T10:43:03.558+0500][gc,heap       ] GC(14) Survivor regions: 5->6(14)
[2023-07-24T10:43:03.558+0500][gc,heap       ] GC(14) Old regions: 18->18
[2023-07-24T10:43:03.558+0500][gc,heap       ] GC(14) Humongous regions: 129->129
[2023-07-24T10:43:03.558+0500][gc,metaspace  ] GC(14) Metaspace: 44222K(47004K)->44222K(47004K) NonClass: 38669K(40144K)->38669K(40144K) Class: 5553K(6860K)->5553K(6860K)
[2023-07-24T10:43:03.559+0500][gc            ] GC(14) Pause Young (Normal) (G1 Evacuation Pause) 256M->150M(1024M) 13.332ms
[2023-07-24T10:43:03.559+0500][gc,cpu        ] GC(14) User=0.07s Sys=0.00s Real=0.01s
[2023-07-24T11:30:54.403+0500][gc,start      ] GC(15) Pause Young (Normal) (G1 Evacuation Pause)
[2023-07-24T11:30:54.403+0500][gc,task       ] GC(15) Using 8 workers of 8 for evacuation
[2023-07-24T11:30:54.414+0500][gc,phases     ] GC(15)   Pre Evacuate Collection Set: 0.0ms
[2023-07-24T11:30:54.414+0500][gc,phases     ] GC(15)   Evacuate Collection Set: 5.5ms
[2023-07-24T11:30:54.414+0500][gc,phases     ] GC(15)   Post Evacuate Collection Set: 5.2ms
[2023-07-24T11:30:54.414+0500][gc,phases     ] GC(15)   Other: 0.4ms
[2023-07-24T11:30:54.414+0500][gc,heap       ] GC(15) Eden regions: 149->0(608)
[2023-07-24T11:30:54.414+0500][gc,heap       ] GC(15) Survivor regions: 6->6(20)
[2023-07-24T11:30:54.414+0500][gc,heap       ] GC(15) Old regions: 18->18
[2023-07-24T11:30:54.414+0500][gc,heap       ] GC(15) Humongous regions: 129->129
[2023-07-24T11:30:54.414+0500][gc,metaspace  ] GC(15) Metaspace: 44595K(47388K)->44595K(47388K) NonClass: 38948K(40400K)->38948K(40400K) Class: 5647K(6988K)->5647K(6988K)
[2023-07-24T11:30:54.414+0500][gc            ] GC(15) Pause Young (Normal) (G1 Evacuation Pause) 299M->150M(1024M) 11.437ms
[2023-07-24T11:30:54.414+0500][gc,cpu        ] GC(15) User=0.05s Sys=0.00s Real=0.01s
[2023-07-24T11:30:56.500+0500][gc,heap,exit  ] Heap
[2023-07-24T11:30:56.500+0500][gc,heap,exit  ]  garbage-first heap   total 1048576K, used 162528K [0x00000000c0000000, 0x0000000100000000)
[2023-07-24T11:30:56.500+0500][gc,heap,exit  ]   region size 1024K, 15 young (15360K), 6 survivors (6144K)
[2023-07-24T11:30:56.500+0500][gc,heap,exit  ]  Metaspace       used 44995K, capacity 47879K, committed 48156K, reserved 1089536K
[2023-07-24T11:30:56.500+0500][gc,heap,exit  ]   class space    used 5763K, capacity 7141K, committed 7244K, reserved 1048576K
