[2023-08-25T10:35:32.338+0500][gc,heap] Heap region size: 1M
[2023-08-25T10:35:32.348+0500][gc     ] Using G1
[2023-08-25T10:35:32.348+0500][gc,heap,coops] Heap address: 0x00000000c0000000, size: 1024 MB, Compressed Oops mode: 32-bit
[2023-08-25T10:35:32.348+0500][gc,cds       ] Mark closed archive regions in map: [0x00000000fff00000, 0x00000000fff6bff8]
[2023-08-25T10:35:32.348+0500][gc,cds       ] Mark open archive regions in map: [0x00000000ffe00000, 0x00000000ffe47ff8]
[2023-08-25T10:35:32.954+0500][gc,start     ] GC(0) Pause Young (Normal) (GCLocker Initiated GC)
[2023-08-25T10:35:32.954+0500][gc,task      ] GC(0) Using 8 workers of 8 for evacuation
[2023-08-25T10:35:32.974+0500][gc,phases    ] GC(0)   Pre Evacuate Collection Set: 0.0ms
[2023-08-25T10:35:32.974+0500][gc,phases    ] GC(0)   Evacuate Collection Set: 19.2ms
[2023-08-25T10:35:32.974+0500][gc,phases    ] GC(0)   Post Evacuate Collection Set: 0.4ms
[2023-08-25T10:35:32.974+0500][gc,phases    ] GC(0)   Other: 0.4ms
[2023-08-25T10:35:32.974+0500][gc,heap      ] GC(0) Eden regions: 51->0(44)
[2023-08-25T10:35:32.974+0500][gc,heap      ] GC(0) Survivor regions: 0->7(7)
[2023-08-25T10:35:32.974+0500][gc,heap      ] GC(0) Old regions: 2->2
[2023-08-25T10:35:32.974+0500][gc,heap      ] GC(0) Humongous regions: 0->0
[2023-08-25T10:35:32.974+0500][gc,metaspace ] GC(0) Metaspace: 14129K(14848K)->14129K(14848K) NonClass: 12390K(12800K)->12390K(12800K) Class: 1738K(2048K)->1738K(2048K)
[2023-08-25T10:35:32.974+0500][gc           ] GC(0) Pause Young (Normal) (GCLocker Initiated GC) 51M->7M(1024M) 20.030ms
[2023-08-25T10:35:32.974+0500][gc,cpu       ] GC(0) User=0.07s Sys=0.03s Real=0.02s
[2023-08-25T10:35:33.499+0500][gc,start     ] GC(1) Pause Young (Concurrent Start) (Metadata GC Threshold)
[2023-08-25T10:35:33.499+0500][gc,task      ] GC(1) Using 8 workers of 8 for evacuation
[2023-08-25T10:35:33.530+0500][gc,mmu       ] GC(1) MMU target violated: 21.0ms (20.0ms/21.0ms)
[2023-08-25T10:35:33.530+0500][gc,phases    ] GC(1)   Pre Evacuate Collection Set: 0.1ms
[2023-08-25T10:35:33.530+0500][gc,phases    ] GC(1)   Evacuate Collection Set: 30.5ms
[2023-08-25T10:35:33.530+0500][gc,phases    ] GC(1)   Post Evacuate Collection Set: 0.3ms
[2023-08-25T10:35:33.530+0500][gc,phases    ] GC(1)   Other: 0.2ms
[2023-08-25T10:35:33.530+0500][gc,heap      ] GC(1) Eden regions: 30->0(49)
[2023-08-25T10:35:33.530+0500][gc,heap      ] GC(1) Survivor regions: 7->2(7)
[2023-08-25T10:35:33.530+0500][gc,heap      ] GC(1) Old regions: 2->9
[2023-08-25T10:35:33.530+0500][gc,heap      ] GC(1) Humongous regions: 0->0
[2023-08-25T10:35:33.530+0500][gc,metaspace ] GC(1) Metaspace: 20610K(21248K)->20610K(21248K) NonClass: 18104K(18432K)->18104K(18432K) Class: 2506K(2816K)->2506K(2816K)
[2023-08-25T10:35:33.530+0500][gc           ] GC(1) Pause Young (Concurrent Start) (Metadata GC Threshold) 37M->8M(1024M) 31.054ms
[2023-08-25T10:35:33.530+0500][gc,cpu       ] GC(1) User=0.16s Sys=0.02s Real=0.03s
[2023-08-25T10:35:33.530+0500][gc           ] GC(2) Concurrent Cycle
[2023-08-25T10:35:33.530+0500][gc,marking   ] GC(2) Concurrent Clear Claimed Marks
[2023-08-25T10:35:33.530+0500][gc,marking   ] GC(2) Concurrent Clear Claimed Marks 0.035ms
[2023-08-25T10:35:33.530+0500][gc,marking   ] GC(2) Concurrent Scan Root Regions
[2023-08-25T10:35:33.536+0500][gc,marking   ] GC(2) Concurrent Scan Root Regions 5.813ms
[2023-08-25T10:35:33.536+0500][gc,marking   ] GC(2) Concurrent Mark (1.200s)
[2023-08-25T10:35:33.536+0500][gc,marking   ] GC(2) Concurrent Mark From Roots
[2023-08-25T10:35:33.536+0500][gc,task      ] GC(2) Using 2 workers of 2 for marking
[2023-08-25T10:35:33.555+0500][gc,marking   ] GC(2) Concurrent Mark From Roots 18.486ms
[2023-08-25T10:35:33.555+0500][gc,marking   ] GC(2) Concurrent Preclean
[2023-08-25T10:35:33.555+0500][gc,marking   ] GC(2) Concurrent Preclean 0.077ms
[2023-08-25T10:35:33.555+0500][gc,marking   ] GC(2) Concurrent Mark (1.200s, 1.219s) 18.616ms
[2023-08-25T10:35:33.555+0500][gc,start     ] GC(2) Pause Remark
[2023-08-25T10:35:33.560+0500][gc,stringtable] GC(2) Cleaned string and symbol table, strings: 5230 processed, 0 removed, symbols: 53411 processed, 44 removed
[2023-08-25T10:35:33.560+0500][gc            ] GC(2) Pause Remark 9M->9M(1024M) 4.452ms
[2023-08-25T10:35:33.560+0500][gc,cpu        ] GC(2) User=0.02s Sys=0.00s Real=0.00s
[2023-08-25T10:35:33.560+0500][gc,marking    ] GC(2) Concurrent Rebuild Remembered Sets
[2023-08-25T10:35:33.576+0500][gc,marking    ] GC(2) Concurrent Rebuild Remembered Sets 15.592ms
[2023-08-25T10:35:33.576+0500][gc,start      ] GC(2) Pause Cleanup
[2023-08-25T10:35:33.576+0500][gc            ] GC(2) Pause Cleanup 9M->9M(1024M) 0.219ms
[2023-08-25T10:35:33.576+0500][gc,cpu        ] GC(2) User=0.00s Sys=0.00s Real=0.00s
[2023-08-25T10:35:33.576+0500][gc,marking    ] GC(2) Concurrent Cleanup for Next Mark
[2023-08-25T10:35:33.580+0500][gc,marking    ] GC(2) Concurrent Cleanup for Next Mark 4.006ms
[2023-08-25T10:35:33.580+0500][gc            ] GC(2) Concurrent Cycle 49.632ms
[2023-08-25T10:35:34.247+0500][gc,start      ] GC(3) Pause Young (Normal) (G1 Evacuation Pause)
[2023-08-25T10:35:34.247+0500][gc,task       ] GC(3) Using 8 workers of 8 for evacuation
[2023-08-25T10:35:34.250+0500][gc,phases     ] GC(3)   Pre Evacuate Collection Set: 0.0ms
[2023-08-25T10:35:34.250+0500][gc,phases     ] GC(3)   Evacuate Collection Set: 2.8ms
[2023-08-25T10:35:34.250+0500][gc,phases     ] GC(3)   Post Evacuate Collection Set: 0.3ms
[2023-08-25T10:35:34.250+0500][gc,phases     ] GC(3)   Other: 0.1ms
[2023-08-25T10:35:34.250+0500][gc,heap       ] GC(3) Eden regions: 49->0(46)
[2023-08-25T10:35:34.250+0500][gc,heap       ] GC(3) Survivor regions: 2->5(7)
[2023-08-25T10:35:34.250+0500][gc,heap       ] GC(3) Old regions: 9->9
[2023-08-25T10:35:34.250+0500][gc,heap       ] GC(3) Humongous regions: 129->129
[2023-08-25T10:35:34.250+0500][gc,metaspace  ] GC(3) Metaspace: 28482K(29696K)->28482K(29696K) NonClass: 25169K(25856K)->25169K(25856K) Class: 3312K(3840K)->3312K(3840K)
[2023-08-25T10:35:34.250+0500][gc            ] GC(3) Pause Young (Normal) (G1 Evacuation Pause) 186M->141M(1024M) 3.358ms
[2023-08-25T10:35:34.250+0500][gc,cpu        ] GC(3) User=0.02s Sys=0.00s Real=0.00s
[2023-08-25T10:35:34.861+0500][gc,start      ] GC(4) Pause Young (Concurrent Start) (Metadata GC Threshold)
[2023-08-25T10:35:34.861+0500][gc,task       ] GC(4) Using 8 workers of 8 for evacuation
[2023-08-25T10:35:34.902+0500][gc,mmu        ] GC(4) MMU target violated: 21.0ms (20.0ms/21.0ms)
[2023-08-25T10:35:34.902+0500][gc,phases     ] GC(4)   Pre Evacuate Collection Set: 0.1ms
[2023-08-25T10:35:34.902+0500][gc,phases     ] GC(4)   Evacuate Collection Set: 40.8ms
[2023-08-25T10:35:34.902+0500][gc,phases     ] GC(4)   Post Evacuate Collection Set: 0.4ms
[2023-08-25T10:35:34.902+0500][gc,phases     ] GC(4)   Other: 0.3ms
[2023-08-25T10:35:34.902+0500][gc,heap       ] GC(4) Eden regions: 31->0(48)
[2023-08-25T10:35:34.902+0500][gc,heap       ] GC(4) Survivor regions: 5->3(7)
[2023-08-25T10:35:34.902+0500][gc,heap       ] GC(4) Old regions: 9->14
[2023-08-25T10:35:34.902+0500][gc,heap       ] GC(4) Humongous regions: 129->129
[2023-08-25T10:35:34.902+0500][gc,metaspace  ] GC(4) Metaspace: 34379K(35840K)->34379K(35840K) NonClass: 30335K(31104K)->30335K(31104K) Class: 4043K(4736K)->4043K(4736K)
[2023-08-25T10:35:34.902+0500][gc            ] GC(4) Pause Young (Concurrent Start) (Metadata GC Threshold) 171M->143M(1024M) 41.707ms
[2023-08-25T10:35:34.902+0500][gc,cpu        ] GC(4) User=0.17s Sys=0.02s Real=0.04s
[2023-08-25T10:35:34.902+0500][gc            ] GC(5) Concurrent Cycle
[2023-08-25T10:35:34.902+0500][gc,marking    ] GC(5) Concurrent Clear Claimed Marks
[2023-08-25T10:35:34.902+0500][gc,marking    ] GC(5) Concurrent Clear Claimed Marks 0.041ms
[2023-08-25T10:35:34.902+0500][gc,marking    ] GC(5) Concurrent Scan Root Regions
[2023-08-25T10:35:34.903+0500][gc,marking    ] GC(5) Concurrent Scan Root Regions 0.993ms
[2023-08-25T10:35:34.903+0500][gc,marking    ] GC(5) Concurrent Mark (2.567s)
[2023-08-25T10:35:34.903+0500][gc,marking    ] GC(5) Concurrent Mark From Roots
[2023-08-25T10:35:34.903+0500][gc,task       ] GC(5) Using 2 workers of 2 for marking
[2023-08-25T10:35:34.912+0500][gc,marking    ] GC(5) Concurrent Mark From Roots 8.282ms
[2023-08-25T10:35:34.912+0500][gc,marking    ] GC(5) Concurrent Preclean
[2023-08-25T10:35:34.912+0500][gc,marking    ] GC(5) Concurrent Preclean 0.098ms
[2023-08-25T10:35:34.912+0500][gc,marking    ] GC(5) Concurrent Mark (2.567s, 2.575s) 8.434ms
[2023-08-25T10:35:34.912+0500][gc,start      ] GC(5) Pause Remark
[2023-08-25T10:35:34.916+0500][gc,stringtable] GC(5) Cleaned string and symbol table, strings: 10961 processed, 12 removed, symbols: 85382 processed, 16 removed
[2023-08-25T10:35:34.916+0500][gc            ] GC(5) Pause Remark 144M->144M(1024M) 4.008ms
[2023-08-25T10:35:34.916+0500][gc,cpu        ] GC(5) User=0.02s Sys=0.00s Real=0.01s
[2023-08-25T10:35:34.916+0500][gc,marking    ] GC(5) Concurrent Rebuild Remembered Sets
[2023-08-25T10:35:34.937+0500][gc,marking    ] GC(5) Concurrent Rebuild Remembered Sets 21.144ms
[2023-08-25T10:35:34.937+0500][gc,start      ] GC(5) Pause Cleanup
[2023-08-25T10:35:34.938+0500][gc            ] GC(5) Pause Cleanup 144M->144M(1024M) 0.391ms
[2023-08-25T10:35:34.938+0500][gc,cpu        ] GC(5) User=0.00s Sys=0.00s Real=0.00s
[2023-08-25T10:35:34.938+0500][gc,marking    ] GC(5) Concurrent Cleanup for Next Mark
[2023-08-25T10:35:34.941+0500][gc,marking    ] GC(5) Concurrent Cleanup for Next Mark 3.254ms
[2023-08-25T10:35:34.941+0500][gc            ] GC(5) Concurrent Cycle 38.742ms
[2023-08-25T10:44:24.835+0500][gc,start      ] GC(6) Pause Young (Normal) (G1 Evacuation Pause)
[2023-08-25T10:44:24.835+0500][gc,task       ] GC(6) Using 8 workers of 8 for evacuation
[2023-08-25T10:44:24.861+0500][gc,mmu        ] GC(6) MMU target violated: 21.0ms (20.0ms/21.0ms)
[2023-08-25T10:44:24.861+0500][gc,phases     ] GC(6)   Pre Evacuate Collection Set: 0.0ms
[2023-08-25T10:44:24.861+0500][gc,phases     ] GC(6)   Evacuate Collection Set: 26.0ms
[2023-08-25T10:44:24.861+0500][gc,phases     ] GC(6)   Post Evacuate Collection Set: 0.4ms
[2023-08-25T10:44:24.861+0500][gc,phases     ] GC(6)   Other: 0.2ms
[2023-08-25T10:44:24.861+0500][gc,heap       ] GC(6) Eden regions: 48->0(46)
[2023-08-25T10:44:24.861+0500][gc,heap       ] GC(6) Survivor regions: 3->5(7)
[2023-08-25T10:44:24.861+0500][gc,heap       ] GC(6) Old regions: 14->14
[2023-08-25T10:44:24.861+0500][gc,heap       ] GC(6) Humongous regions: 129->129
[2023-08-25T10:44:24.861+0500][gc,metaspace  ] GC(6) Metaspace: 40404K(42752K)->40404K(42752K) NonClass: 35178K(36352K)->35178K(36352K) Class: 5225K(6400K)->5225K(6400K)
[2023-08-25T10:44:24.861+0500][gc            ] GC(6) Pause Young (Normal) (G1 Evacuation Pause) 191M->145M(1024M) 26.643ms
[2023-08-25T10:44:24.861+0500][gc,cpu        ] GC(6) User=0.13s Sys=0.00s Real=0.02s
[2023-08-25T10:54:51.496+0500][gc,start      ] GC(7) Pause Young (Normal) (G1 Evacuation Pause)
[2023-08-25T10:54:51.497+0500][gc,task       ] GC(7) Using 8 workers of 8 for evacuation
[2023-08-25T10:54:51.501+0500][gc,phases     ] GC(7)   Pre Evacuate Collection Set: 0.2ms
[2023-08-25T10:54:51.501+0500][gc,phases     ] GC(7)   Evacuate Collection Set: 3.5ms
[2023-08-25T10:54:51.501+0500][gc,phases     ] GC(7)   Post Evacuate Collection Set: 0.5ms
[2023-08-25T10:54:51.501+0500][gc,phases     ] GC(7)   Other: 0.7ms
[2023-08-25T10:54:51.501+0500][gc,heap       ] GC(7) Eden regions: 46->0(46)
[2023-08-25T10:54:51.501+0500][gc,heap       ] GC(7) Survivor regions: 5->5(7)
[2023-08-25T10:54:51.501+0500][gc,heap       ] GC(7) Old regions: 14->16
[2023-08-25T10:54:51.501+0500][gc,heap       ] GC(7) Humongous regions: 129->129
[2023-08-25T10:54:51.501+0500][gc,metaspace  ] GC(7) Metaspace: 43509K(46464K)->43509K(46464K) NonClass: 37867K(39424K)->37867K(39424K) Class: 5641K(7040K)->5641K(7040K)
[2023-08-25T10:54:51.501+0500][gc            ] GC(7) Pause Young (Normal) (G1 Evacuation Pause) 191M->147M(1024M) 5.181ms
[2023-08-25T10:54:51.501+0500][gc,cpu        ] GC(7) User=0.02s Sys=0.00s Real=0.00s
[2023-08-25T11:02:39.122+0500][gc,start      ] GC(8) Pause Young (Normal) (G1 Evacuation Pause)
[2023-08-25T11:02:39.122+0500][gc,task       ] GC(8) Using 8 workers of 8 for evacuation
[2023-08-25T11:02:39.129+0500][gc,phases     ] GC(8)   Pre Evacuate Collection Set: 0.2ms
[2023-08-25T11:02:39.129+0500][gc,phases     ] GC(8)   Evacuate Collection Set: 4.7ms
[2023-08-25T11:02:39.129+0500][gc,phases     ] GC(8)   Post Evacuate Collection Set: 1.1ms
[2023-08-25T11:02:39.129+0500][gc,phases     ] GC(8)   Other: 3.3ms
[2023-08-25T11:02:39.129+0500][gc,heap       ] GC(8) Eden regions: 46->0(48)
[2023-08-25T11:02:39.129+0500][gc,heap       ] GC(8) Survivor regions: 5->3(7)
[2023-08-25T11:02:39.129+0500][gc,heap       ] GC(8) Old regions: 16->18
[2023-08-25T11:02:39.129+0500][gc,heap       ] GC(8) Humongous regions: 129->129
[2023-08-25T11:02:39.129+0500][gc,metaspace  ] GC(8) Metaspace: 43939K(46720K)->43939K(46720K) NonClass: 38282K(39680K)->38282K(39680K) Class: 5656K(7040K)->5656K(7040K)
[2023-08-25T11:02:39.130+0500][gc            ] GC(8) Pause Young (Normal) (G1 Evacuation Pause) 193M->147M(1024M) 7.628ms
[2023-08-25T11:02:39.130+0500][gc,cpu        ] GC(8) User=0.03s Sys=0.00s Real=0.01s
[2023-08-25T11:11:16.269+0500][gc,start      ] GC(9) Pause Young (Normal) (G1 Evacuation Pause)
[2023-08-25T11:11:16.271+0500][gc,task       ] GC(9) Using 8 workers of 8 for evacuation
[2023-08-25T11:11:16.286+0500][gc,phases     ] GC(9)   Pre Evacuate Collection Set: 1.3ms
[2023-08-25T11:11:16.287+0500][gc,phases     ] GC(9)   Evacuate Collection Set: 9.5ms
[2023-08-25T11:11:16.287+0500][gc,phases     ] GC(9)   Post Evacuate Collection Set: 2.1ms
[2023-08-25T11:11:16.287+0500][gc,phases     ] GC(9)   Other: 7.1ms
[2023-08-25T11:11:16.287+0500][gc,heap       ] GC(9) Eden regions: 48->0(48)
[2023-08-25T11:11:16.287+0500][gc,heap       ] GC(9) Survivor regions: 3->3(7)
[2023-08-25T11:11:16.287+0500][gc,heap       ] GC(9) Old regions: 18->18
[2023-08-25T11:11:16.287+0500][gc,heap       ] GC(9) Humongous regions: 129->129
[2023-08-25T11:11:16.287+0500][gc,metaspace  ] GC(9) Metaspace: 44240K(47232K)->44240K(47232K) NonClass: 38583K(40192K)->38583K(40192K) Class: 5656K(7040K)->5656K(7040K)
[2023-08-25T11:11:16.288+0500][gc            ] GC(9) Pause Young (Normal) (G1 Evacuation Pause) 195M->148M(1024M) 18.329ms
[2023-08-25T11:11:16.288+0500][gc,cpu        ] GC(9) User=0.02s Sys=0.00s Real=0.02s
[2023-08-25T11:18:28.373+0500][gc,start      ] GC(10) Pause Young (Normal) (G1 Evacuation Pause)
[2023-08-25T11:18:28.374+0500][gc,task       ] GC(10) Using 8 workers of 8 for evacuation
[2023-08-25T11:18:28.381+0500][gc,phases     ] GC(10)   Pre Evacuate Collection Set: 0.6ms
[2023-08-25T11:18:28.381+0500][gc,phases     ] GC(10)   Evacuate Collection Set: 3.2ms
[2023-08-25T11:18:28.381+0500][gc,phases     ] GC(10)   Post Evacuate Collection Set: 2.1ms
[2023-08-25T11:18:28.382+0500][gc,phases     ] GC(10)   Other: 4.0ms
[2023-08-25T11:18:28.382+0500][gc,heap       ] GC(10) Eden regions: 48->0(48)
[2023-08-25T11:18:28.382+0500][gc,heap       ] GC(10) Survivor regions: 3->4(7)
[2023-08-25T11:18:28.382+0500][gc,heap       ] GC(10) Old regions: 18->18
[2023-08-25T11:18:28.382+0500][gc,heap       ] GC(10) Humongous regions: 129->129
[2023-08-25T11:18:28.382+0500][gc,metaspace  ] GC(10) Metaspace: 44317K(47232K)->44317K(47232K) NonClass: 38661K(40192K)->38661K(40192K) Class: 5656K(7040K)->5656K(7040K)
[2023-08-25T11:18:28.382+0500][gc            ] GC(10) Pause Young (Normal) (G1 Evacuation Pause) 196M->148M(1024M) 8.929ms
[2023-08-25T11:18:28.382+0500][gc,cpu        ] GC(10) User=0.02s Sys=0.00s Real=0.01s
[2023-08-25T11:25:47.552+0500][gc,start      ] GC(11) Pause Young (Normal) (G1 Evacuation Pause)
[2023-08-25T11:25:47.554+0500][gc,task       ] GC(11) Using 8 workers of 8 for evacuation
[2023-08-25T11:25:47.566+0500][gc,phases     ] GC(11)   Pre Evacuate Collection Set: 0.9ms
[2023-08-25T11:25:47.566+0500][gc,phases     ] GC(11)   Evacuate Collection Set: 8.0ms
[2023-08-25T11:25:47.566+0500][gc,phases     ] GC(11)   Post Evacuate Collection Set: 1.9ms
[2023-08-25T11:25:47.566+0500][gc,phases     ] GC(11)   Other: 4.8ms
[2023-08-25T11:25:47.567+0500][gc,heap       ] GC(11) Eden regions: 48->0(60)
[2023-08-25T11:25:47.567+0500][gc,heap       ] GC(11) Survivor regions: 4->4(7)
[2023-08-25T11:25:47.567+0500][gc,heap       ] GC(11) Old regions: 18->18
[2023-08-25T11:25:47.567+0500][gc,heap       ] GC(11) Humongous regions: 129->129
[2023-08-25T11:25:47.567+0500][gc,metaspace  ] GC(11) Metaspace: 44362K(47232K)->44362K(47232K) NonClass: 38706K(40192K)->38706K(40192K) Class: 5656K(7040K)->5656K(7040K)
[2023-08-25T11:25:47.567+0500][gc            ] GC(11) Pause Young (Normal) (G1 Evacuation Pause) 196M->148M(1024M) 14.979ms
[2023-08-25T11:25:47.567+0500][gc,cpu        ] GC(11) User=0.03s Sys=0.00s Real=0.02s
[2023-08-25T11:35:18.336+0500][gc,start      ] GC(12) Pause Young (Normal) (G1 Evacuation Pause)
[2023-08-25T11:35:18.336+0500][gc,task       ] GC(12) Using 8 workers of 8 for evacuation
[2023-08-25T11:35:18.347+0500][gc,phases     ] GC(12)   Pre Evacuate Collection Set: 0.3ms
[2023-08-25T11:35:18.347+0500][gc,phases     ] GC(12)   Evacuate Collection Set: 5.3ms
[2023-08-25T11:35:18.347+0500][gc,phases     ] GC(12)   Post Evacuate Collection Set: 1.8ms
[2023-08-25T11:35:18.347+0500][gc,phases     ] GC(12)   Other: 5.0ms
[2023-08-25T11:35:18.347+0500][gc,heap       ] GC(12) Eden regions: 60->0(75)
[2023-08-25T11:35:18.347+0500][gc,heap       ] GC(12) Survivor regions: 4->4(8)
[2023-08-25T11:35:18.347+0500][gc,heap       ] GC(12) Old regions: 18->18
[2023-08-25T11:35:18.347+0500][gc,heap       ] GC(12) Humongous regions: 129->129
[2023-08-25T11:35:18.347+0500][gc,metaspace  ] GC(12) Metaspace: 44426K(47232K)->44426K(47232K) NonClass: 38770K(40192K)->38770K(40192K) Class: 5656K(7040K)->5656K(7040K)
[2023-08-25T11:35:18.347+0500][gc            ] GC(12) Pause Young (Normal) (G1 Evacuation Pause) 208M->148M(1024M) 11.144ms
[2023-08-25T11:35:18.347+0500][gc,cpu        ] GC(12) User=0.02s Sys=0.00s Real=0.01s
[2023-08-25T11:41:20.324+0500][gc,start      ] GC(13) Pause Young (Normal) (G1 Evacuation Pause)
[2023-08-25T11:41:20.324+0500][gc,task       ] GC(13) Using 8 workers of 8 for evacuation
[2023-08-25T11:41:20.341+0500][gc,phases     ] GC(13)   Pre Evacuate Collection Set: 0.0ms
[2023-08-25T11:41:20.341+0500][gc,phases     ] GC(13)   Evacuate Collection Set: 8.3ms
[2023-08-25T11:41:20.341+0500][gc,phases     ] GC(13)   Post Evacuate Collection Set: 9.1ms
[2023-08-25T11:41:20.341+0500][gc,phases     ] GC(13)   Other: 0.2ms
[2023-08-25T11:41:20.342+0500][gc,heap       ] GC(13) Eden regions: 50->0(73)
[2023-08-25T11:41:20.342+0500][gc,heap       ] GC(13) Survivor regions: 4->4(7)
[2023-08-25T11:41:20.342+0500][gc,heap       ] GC(13) Old regions: 18->18
[2023-08-25T11:41:20.342+0500][gc,heap       ] GC(13) Humongous regions: 129->129
[2023-08-25T11:41:20.342+0500][gc,metaspace  ] GC(13) Metaspace: 45190K(48384K)->45190K(48384K) NonClass: 39321K(40960K)->39321K(40960K) Class: 5868K(7424K)->5868K(7424K)
[2023-08-25T11:41:20.342+0500][gc            ] GC(13) Pause Young (Normal) (G1 Evacuation Pause) 198M->148M(1024M) 17.729ms
[2023-08-25T11:41:20.342+0500][gc,cpu        ] GC(13) User=0.07s Sys=0.01s Real=0.02s
[2023-08-25T11:41:20.370+0500][gc,heap,exit  ] Heap
[2023-08-25T11:41:20.370+0500][gc,heap,exit  ]  garbage-first heap   total 1048576K, used 155568K [0x00000000c0000000, 0x0000000100000000)
[2023-08-25T11:41:20.370+0500][gc,heap,exit  ]   region size 1024K, 8 young (8192K), 4 survivors (4096K)
[2023-08-25T11:41:20.370+0500][gc,heap,exit  ]  Metaspace       used 45278K, capacity 48240K, committed 48384K, reserved 1089536K
[2023-08-25T11:41:20.370+0500][gc,heap,exit  ]   class space    used 5893K, capacity 7350K, committed 7424K, reserved 1048576K
