[2023-08-26T23:44:48.924+0500][gc,heap] Heap region size: 1M
[2023-08-26T23:44:48.934+0500][gc     ] Using G1
[2023-08-26T23:44:48.934+0500][gc,heap,coops] Heap address: 0x00000000c0000000, size: 1024 MB, Compressed Oops mode: 32-bit
[2023-08-26T23:44:48.934+0500][gc,cds       ] Mark closed archive regions in map: [0x00000000fff00000, 0x00000000fff6bff8]
[2023-08-26T23:44:48.934+0500][gc,cds       ] Mark open archive regions in map: [0x00000000ffe00000, 0x00000000ffe47ff8]
[2023-08-26T23:44:49.483+0500][gc,start     ] GC(0) Pause Young (Normal) (G1 Evacuation Pause)
[2023-08-26T23:44:49.483+0500][gc,task      ] GC(0) Using 8 workers of 8 for evacuation
[2023-08-26T23:44:49.493+0500][gc,phases    ] GC(0)   Pre Evacuate Collection Set: 0.0ms
[2023-08-26T23:44:49.493+0500][gc,phases    ] GC(0)   Evacuate Collection Set: 9.1ms
[2023-08-26T23:44:49.493+0500][gc,phases    ] GC(0)   Post Evacuate Collection Set: 0.4ms
[2023-08-26T23:44:49.493+0500][gc,phases    ] GC(0)   Other: 0.5ms
[2023-08-26T23:44:49.493+0500][gc,heap      ] GC(0) Eden regions: 51->0(44)
[2023-08-26T23:44:49.493+0500][gc,heap      ] GC(0) Survivor regions: 0->7(7)
[2023-08-26T23:44:49.493+0500][gc,heap      ] GC(0) Old regions: 2->2
[2023-08-26T23:44:49.493+0500][gc,heap      ] GC(0) Humongous regions: 0->0
[2023-08-26T23:44:49.493+0500][gc,metaspace ] GC(0) Metaspace: 14009K(14848K)->14009K(14848K) NonClass: 12282K(12800K)->12282K(12800K) Class: 1726K(2048K)->1726K(2048K)
[2023-08-26T23:44:49.493+0500][gc           ] GC(0) Pause Young (Normal) (G1 Evacuation Pause) 51M->7M(1024M) 10.188ms
[2023-08-26T23:44:49.493+0500][gc,cpu       ] GC(0) User=0.05s Sys=0.00s Real=0.01s
[2023-08-26T23:44:49.860+0500][gc,start     ] GC(1) Pause Young (Concurrent Start) (Metadata GC Threshold)
[2023-08-26T23:44:49.860+0500][gc,task      ] GC(1) Using 8 workers of 8 for evacuation
[2023-08-26T23:44:49.874+0500][gc,phases    ] GC(1)   Pre Evacuate Collection Set: 0.1ms
[2023-08-26T23:44:49.874+0500][gc,phases    ] GC(1)   Evacuate Collection Set: 13.4ms
[2023-08-26T23:44:49.874+0500][gc,phases    ] GC(1)   Post Evacuate Collection Set: 0.3ms
[2023-08-26T23:44:49.874+0500][gc,phases    ] GC(1)   Other: 0.2ms
[2023-08-26T23:44:49.874+0500][gc,heap      ] GC(1) Eden regions: 30->0(49)
[2023-08-26T23:44:49.874+0500][gc,heap      ] GC(1) Survivor regions: 7->2(7)
[2023-08-26T23:44:49.874+0500][gc,heap      ] GC(1) Old regions: 2->9
[2023-08-26T23:44:49.874+0500][gc,heap      ] GC(1) Humongous regions: 0->0
[2023-08-26T23:44:49.874+0500][gc,metaspace ] GC(1) Metaspace: 20548K(21248K)->20548K(21248K) NonClass: 18058K(18432K)->18058K(18432K) Class: 2490K(2816K)->2490K(2816K)
[2023-08-26T23:44:49.874+0500][gc           ] GC(1) Pause Young (Concurrent Start) (Metadata GC Threshold) 37M->8M(1024M) 14.147ms
[2023-08-26T23:44:49.874+0500][gc,cpu       ] GC(1) User=0.03s Sys=0.00s Real=0.01s
[2023-08-26T23:44:49.874+0500][gc           ] GC(2) Concurrent Cycle
[2023-08-26T23:44:49.874+0500][gc,marking   ] GC(2) Concurrent Clear Claimed Marks
[2023-08-26T23:44:49.874+0500][gc,marking   ] GC(2) Concurrent Clear Claimed Marks 0.019ms
[2023-08-26T23:44:49.874+0500][gc,marking   ] GC(2) Concurrent Scan Root Regions
[2023-08-26T23:44:49.875+0500][gc,marking   ] GC(2) Concurrent Scan Root Regions 1.094ms
[2023-08-26T23:44:49.875+0500][gc,marking   ] GC(2) Concurrent Mark (0.953s)
[2023-08-26T23:44:49.875+0500][gc,marking   ] GC(2) Concurrent Mark From Roots
[2023-08-26T23:44:49.875+0500][gc,task      ] GC(2) Using 2 workers of 2 for marking
[2023-08-26T23:44:49.880+0500][gc,marking   ] GC(2) Concurrent Mark From Roots 4.316ms
[2023-08-26T23:44:49.880+0500][gc,marking   ] GC(2) Concurrent Preclean
[2023-08-26T23:44:49.880+0500][gc,marking   ] GC(2) Concurrent Preclean 0.093ms
[2023-08-26T23:44:49.880+0500][gc,marking   ] GC(2) Concurrent Mark (0.953s, 0.958s) 4.463ms
[2023-08-26T23:44:49.880+0500][gc,start     ] GC(2) Pause Remark
[2023-08-26T23:44:49.883+0500][gc,stringtable] GC(2) Cleaned string and symbol table, strings: 5192 processed, 0 removed, symbols: 53167 processed, 44 removed
[2023-08-26T23:44:49.883+0500][gc            ] GC(2) Pause Remark 8M->8M(1024M) 3.012ms
[2023-08-26T23:44:49.883+0500][gc,cpu        ] GC(2) User=0.01s Sys=0.00s Real=0.00s
[2023-08-26T23:44:49.883+0500][gc,marking    ] GC(2) Concurrent Rebuild Remembered Sets
[2023-08-26T23:44:49.885+0500][gc,marking    ] GC(2) Concurrent Rebuild Remembered Sets 1.906ms
[2023-08-26T23:44:49.885+0500][gc,start      ] GC(2) Pause Cleanup
[2023-08-26T23:44:49.885+0500][gc            ] GC(2) Pause Cleanup 8M->8M(1024M) 0.130ms
[2023-08-26T23:44:49.885+0500][gc,cpu        ] GC(2) User=0.00s Sys=0.00s Real=0.00s
[2023-08-26T23:44:49.885+0500][gc,marking    ] GC(2) Concurrent Cleanup for Next Mark
[2023-08-26T23:44:49.888+0500][gc,marking    ] GC(2) Concurrent Cleanup for Next Mark 2.671ms
[2023-08-26T23:44:49.888+0500][gc            ] GC(2) Concurrent Cycle 13.695ms
[2023-08-26T23:44:50.336+0500][gc,start      ] GC(3) Pause Young (Normal) (G1 Evacuation Pause)
[2023-08-26T23:44:50.336+0500][gc,task       ] GC(3) Using 8 workers of 8 for evacuation
[2023-08-26T23:44:50.340+0500][gc,phases     ] GC(3)   Pre Evacuate Collection Set: 0.0ms
[2023-08-26T23:44:50.340+0500][gc,phases     ] GC(3)   Evacuate Collection Set: 3.8ms
[2023-08-26T23:44:50.340+0500][gc,phases     ] GC(3)   Post Evacuate Collection Set: 0.3ms
[2023-08-26T23:44:50.340+0500][gc,phases     ] GC(3)   Other: 0.1ms
[2023-08-26T23:44:50.340+0500][gc,heap       ] GC(3) Eden regions: 49->0(46)
[2023-08-26T23:44:50.340+0500][gc,heap       ] GC(3) Survivor regions: 2->5(7)
[2023-08-26T23:44:50.340+0500][gc,heap       ] GC(3) Old regions: 9->9
[2023-08-26T23:44:50.340+0500][gc,heap       ] GC(3) Humongous regions: 129->129
[2023-08-26T23:44:50.340+0500][gc,metaspace  ] GC(3) Metaspace: 28443K(29696K)->28443K(29696K) NonClass: 25135K(25856K)->25135K(25856K) Class: 3308K(3840K)->3308K(3840K)
[2023-08-26T23:44:50.340+0500][gc            ] GC(3) Pause Young (Normal) (G1 Evacuation Pause) 186M->141M(1024M) 4.363ms
[2023-08-26T23:44:50.340+0500][gc,cpu        ] GC(3) User=0.03s Sys=0.00s Real=0.00s
[2023-08-26T23:44:50.612+0500][gc,start      ] GC(4) Pause Young (Concurrent Start) (Metadata GC Threshold)
[2023-08-26T23:44:50.612+0500][gc,task       ] GC(4) Using 8 workers of 8 for evacuation
[2023-08-26T23:44:50.618+0500][gc,phases     ] GC(4)   Pre Evacuate Collection Set: 0.1ms
[2023-08-26T23:44:50.618+0500][gc,phases     ] GC(4)   Evacuate Collection Set: 5.0ms
[2023-08-26T23:44:50.618+0500][gc,phases     ] GC(4)   Post Evacuate Collection Set: 0.5ms
[2023-08-26T23:44:50.618+0500][gc,phases     ] GC(4)   Other: 0.2ms
[2023-08-26T23:44:50.618+0500][gc,heap       ] GC(4) Eden regions: 31->0(48)
[2023-08-26T23:44:50.618+0500][gc,heap       ] GC(4) Survivor regions: 5->3(7)
[2023-08-26T23:44:50.618+0500][gc,heap       ] GC(4) Old regions: 9->14
[2023-08-26T23:44:50.618+0500][gc,heap       ] GC(4) Humongous regions: 129->129
[2023-08-26T23:44:50.618+0500][gc,metaspace  ] GC(4) Metaspace: 34461K(35840K)->34461K(35840K) NonClass: 30405K(31104K)->30405K(31104K) Class: 4055K(4736K)->4055K(4736K)
[2023-08-26T23:44:50.618+0500][gc            ] GC(4) Pause Young (Concurrent Start) (Metadata GC Threshold) 171M->143M(1024M) 5.999ms
[2023-08-26T23:44:50.618+0500][gc,cpu        ] GC(4) User=0.02s Sys=0.00s Real=0.01s
[2023-08-26T23:44:50.618+0500][gc            ] GC(5) Concurrent Cycle
[2023-08-26T23:44:50.618+0500][gc,marking    ] GC(5) Concurrent Clear Claimed Marks
[2023-08-26T23:44:50.618+0500][gc,marking    ] GC(5) Concurrent Clear Claimed Marks 0.089ms
[2023-08-26T23:44:50.618+0500][gc,marking    ] GC(5) Concurrent Scan Root Regions
[2023-08-26T23:44:50.619+0500][gc,marking    ] GC(5) Concurrent Scan Root Regions 1.087ms
[2023-08-26T23:44:50.619+0500][gc,marking    ] GC(5) Concurrent Mark (1.697s)
[2023-08-26T23:44:50.619+0500][gc,marking    ] GC(5) Concurrent Mark From Roots
[2023-08-26T23:44:50.619+0500][gc,task       ] GC(5) Using 2 workers of 2 for marking
[2023-08-26T23:44:50.627+0500][gc,marking    ] GC(5) Concurrent Mark From Roots 7.992ms
[2023-08-26T23:44:50.627+0500][gc,marking    ] GC(5) Concurrent Preclean
[2023-08-26T23:44:50.628+0500][gc,marking    ] GC(5) Concurrent Preclean 0.104ms
[2023-08-26T23:44:50.628+0500][gc,marking    ] GC(5) Concurrent Mark (1.697s, 1.706s) 8.147ms
[2023-08-26T23:44:50.628+0500][gc,start      ] GC(5) Pause Remark
[2023-08-26T23:44:50.632+0500][gc,stringtable] GC(5) Cleaned string and symbol table, strings: 10965 processed, 14 removed, symbols: 85383 processed, 16 removed
[2023-08-26T23:44:50.632+0500][gc            ] GC(5) Pause Remark 143M->143M(1024M) 4.497ms
[2023-08-26T23:44:50.632+0500][gc,cpu        ] GC(5) User=0.02s Sys=0.00s Real=0.00s
[2023-08-26T23:44:50.632+0500][gc,marking    ] GC(5) Concurrent Rebuild Remembered Sets
[2023-08-26T23:44:50.638+0500][gc,marking    ] GC(5) Concurrent Rebuild Remembered Sets 5.914ms
[2023-08-26T23:44:50.638+0500][gc,start      ] GC(5) Pause Cleanup
[2023-08-26T23:44:50.638+0500][gc            ] GC(5) Pause Cleanup 143M->143M(1024M) 0.159ms
[2023-08-26T23:44:50.638+0500][gc,cpu        ] GC(5) User=0.00s Sys=0.00s Real=0.00s
[2023-08-26T23:44:50.639+0500][gc,marking    ] GC(5) Concurrent Cleanup for Next Mark
[2023-08-26T23:44:50.641+0500][gc,marking    ] GC(5) Concurrent Cleanup for Next Mark 2.974ms
[2023-08-26T23:44:50.642+0500][gc            ] GC(5) Concurrent Cycle 23.392ms
[2023-08-26T23:48:45.376+0500][gc,start      ] GC(6) Pause Young (Normal) (G1 Evacuation Pause)
[2023-08-26T23:48:45.376+0500][gc,task       ] GC(6) Using 8 workers of 8 for evacuation
[2023-08-26T23:48:45.379+0500][gc,phases     ] GC(6)   Pre Evacuate Collection Set: 0.0ms
[2023-08-26T23:48:45.379+0500][gc,phases     ] GC(6)   Evacuate Collection Set: 2.8ms
[2023-08-26T23:48:45.379+0500][gc,phases     ] GC(6)   Post Evacuate Collection Set: 0.4ms
[2023-08-26T23:48:45.379+0500][gc,phases     ] GC(6)   Other: 0.1ms
[2023-08-26T23:48:45.379+0500][gc,heap       ] GC(6) Eden regions: 48->0(46)
[2023-08-26T23:48:45.379+0500][gc,heap       ] GC(6) Survivor regions: 3->5(7)
[2023-08-26T23:48:45.379+0500][gc,heap       ] GC(6) Old regions: 14->14
[2023-08-26T23:48:45.379+0500][gc,heap       ] GC(6) Humongous regions: 129->129
[2023-08-26T23:48:45.379+0500][gc,metaspace  ] GC(6) Metaspace: 40900K(43392K)->40900K(43392K) NonClass: 35584K(36864K)->35584K(36864K) Class: 5316K(6528K)->5316K(6528K)
[2023-08-26T23:48:45.380+0500][gc            ] GC(6) Pause Young (Normal) (G1 Evacuation Pause) 191M->145M(1024M) 3.382ms
[2023-08-26T23:48:45.380+0500][gc,cpu        ] GC(6) User=0.02s Sys=0.00s Real=0.00s
[2023-08-26T23:59:56.527+0500][gc,start      ] GC(7) Pause Young (Normal) (G1 Evacuation Pause)
[2023-08-26T23:59:56.527+0500][gc,task       ] GC(7) Using 8 workers of 8 for evacuation
[2023-08-26T23:59:56.535+0500][gc,phases     ] GC(7)   Pre Evacuate Collection Set: 0.0ms
[2023-08-26T23:59:56.535+0500][gc,phases     ] GC(7)   Evacuate Collection Set: 7.0ms
[2023-08-26T23:59:56.535+0500][gc,phases     ] GC(7)   Post Evacuate Collection Set: 0.8ms
[2023-08-26T23:59:56.535+0500][gc,phases     ] GC(7)   Other: 0.5ms
[2023-08-26T23:59:56.535+0500][gc,heap       ] GC(7) Eden regions: 46->0(46)
[2023-08-26T23:59:56.535+0500][gc,heap       ] GC(7) Survivor regions: 5->5(7)
[2023-08-26T23:59:56.535+0500][gc,heap       ] GC(7) Old regions: 14->16
[2023-08-26T23:59:56.535+0500][gc,heap       ] GC(7) Humongous regions: 129->129
[2023-08-26T23:59:56.535+0500][gc,metaspace  ] GC(7) Metaspace: 43472K(46208K)->43472K(46208K) NonClass: 37830K(39168K)->37830K(39168K) Class: 5641K(7040K)->5641K(7040K)
[2023-08-26T23:59:56.535+0500][gc            ] GC(7) Pause Young (Normal) (G1 Evacuation Pause) 191M->147M(1024M) 8.530ms
[2023-08-26T23:59:56.535+0500][gc,cpu        ] GC(7) User=0.04s Sys=0.01s Real=0.01s
[2023-08-27T00:13:50.167+0500][gc,start      ] GC(8) Pause Young (Normal) (G1 Evacuation Pause)
[2023-08-27T00:13:50.167+0500][gc,task       ] GC(8) Using 8 workers of 8 for evacuation
[2023-08-27T00:13:50.175+0500][gc,phases     ] GC(8)   Pre Evacuate Collection Set: 0.0ms
[2023-08-27T00:13:50.175+0500][gc,phases     ] GC(8)   Evacuate Collection Set: 7.1ms
[2023-08-27T00:13:50.175+0500][gc,phases     ] GC(8)   Post Evacuate Collection Set: 0.6ms
[2023-08-27T00:13:50.175+0500][gc,phases     ] GC(8)   Other: 0.2ms
[2023-08-27T00:13:50.175+0500][gc,heap       ] GC(8) Eden regions: 46->0(47)
[2023-08-27T00:13:50.175+0500][gc,heap       ] GC(8) Survivor regions: 5->4(7)
[2023-08-27T00:13:50.175+0500][gc,heap       ] GC(8) Old regions: 16->18
[2023-08-27T00:13:50.175+0500][gc,heap       ] GC(8) Humongous regions: 129->129
[2023-08-27T00:13:50.175+0500][gc,metaspace  ] GC(8) Metaspace: 43613K(46464K)->43613K(46464K) NonClass: 37971K(39424K)->37971K(39424K) Class: 5641K(7040K)->5641K(7040K)
[2023-08-27T00:13:50.175+0500][gc            ] GC(8) Pause Young (Normal) (G1 Evacuation Pause) 193M->149M(1024M) 8.119ms
[2023-08-27T00:13:50.175+0500][gc,cpu        ] GC(8) User=0.05s Sys=0.01s Real=0.01s
[2023-08-27T00:28:45.176+0500][gc,start      ] GC(9) Pause Young (Normal) (G1 Evacuation Pause)
[2023-08-27T00:28:45.176+0500][gc,task       ] GC(9) Using 8 workers of 8 for evacuation
[2023-08-27T00:28:45.181+0500][gc,phases     ] GC(9)   Pre Evacuate Collection Set: 0.0ms
[2023-08-27T00:28:45.181+0500][gc,phases     ] GC(9)   Evacuate Collection Set: 4.3ms
[2023-08-27T00:28:45.181+0500][gc,phases     ] GC(9)   Post Evacuate Collection Set: 0.9ms
[2023-08-27T00:28:45.181+0500][gc,phases     ] GC(9)   Other: 0.2ms
[2023-08-27T00:28:45.181+0500][gc,heap       ] GC(9) Eden regions: 47->0(47)
[2023-08-27T00:28:45.181+0500][gc,heap       ] GC(9) Survivor regions: 4->4(7)
[2023-08-27T00:28:45.181+0500][gc,heap       ] GC(9) Old regions: 18->18
[2023-08-27T00:28:45.181+0500][gc,heap       ] GC(9) Humongous regions: 129->129
[2023-08-27T00:28:45.181+0500][gc,metaspace  ] GC(9) Metaspace: 43740K(46720K)->43740K(46720K) NonClass: 38098K(39680K)->38098K(39680K) Class: 5641K(7040K)->5641K(7040K)
[2023-08-27T00:28:45.181+0500][gc            ] GC(9) Pause Young (Normal) (G1 Evacuation Pause) 196M->148M(1024M) 5.496ms
[2023-08-27T00:28:45.181+0500][gc,cpu        ] GC(9) User=0.03s Sys=0.00s Real=0.00s
[2023-08-27T00:43:47.737+0500][gc,start      ] GC(10) Pause Young (Normal) (G1 Evacuation Pause)
[2023-08-27T00:43:47.737+0500][gc,task       ] GC(10) Using 8 workers of 8 for evacuation
[2023-08-27T00:43:47.742+0500][gc,phases     ] GC(10)   Pre Evacuate Collection Set: 0.0ms
[2023-08-27T00:43:47.742+0500][gc,phases     ] GC(10)   Evacuate Collection Set: 4.1ms
[2023-08-27T00:43:47.742+0500][gc,phases     ] GC(10)   Post Evacuate Collection Set: 0.9ms
[2023-08-27T00:43:47.742+0500][gc,phases     ] GC(10)   Other: 0.3ms
[2023-08-27T00:43:47.742+0500][gc,heap       ] GC(10) Eden regions: 47->0(55)
[2023-08-27T00:43:47.742+0500][gc,heap       ] GC(10) Survivor regions: 4->4(7)
[2023-08-27T00:43:47.742+0500][gc,heap       ] GC(10) Old regions: 18->18
[2023-08-27T00:43:47.742+0500][gc,heap       ] GC(10) Humongous regions: 129->129
[2023-08-27T00:43:47.742+0500][gc,metaspace  ] GC(10) Metaspace: 43873K(46720K)->43873K(46720K) NonClass: 38227K(39680K)->38227K(39680K) Class: 5646K(7040K)->5646K(7040K)
[2023-08-27T00:43:47.742+0500][gc            ] GC(10) Pause Young (Normal) (G1 Evacuation Pause) 195M->148M(1024M) 5.418ms
[2023-08-27T00:43:47.742+0500][gc,cpu        ] GC(10) User=0.04s Sys=0.00s Real=0.00s
[2023-08-27T00:55:17.395+0500][gc,start      ] GC(11) Pause Young (Normal) (G1 Evacuation Pause)
[2023-08-27T00:55:17.395+0500][gc,task       ] GC(11) Using 8 workers of 8 for evacuation
[2023-08-27T00:55:17.400+0500][gc,phases     ] GC(11)   Pre Evacuate Collection Set: 0.0ms
[2023-08-27T00:55:17.400+0500][gc,phases     ] GC(11)   Evacuate Collection Set: 4.1ms
[2023-08-27T00:55:17.400+0500][gc,phases     ] GC(11)   Post Evacuate Collection Set: 0.5ms
[2023-08-27T00:55:17.400+0500][gc,phases     ] GC(11)   Other: 0.3ms
[2023-08-27T00:55:17.400+0500][gc,heap       ] GC(11) Eden regions: 55->0(501)
[2023-08-27T00:55:17.400+0500][gc,heap       ] GC(11) Survivor regions: 4->3(8)
[2023-08-27T00:55:17.400+0500][gc,heap       ] GC(11) Old regions: 18->18
[2023-08-27T00:55:17.400+0500][gc,heap       ] GC(11) Humongous regions: 129->129
[2023-08-27T00:55:17.400+0500][gc,metaspace  ] GC(11) Metaspace: 44262K(47232K)->44262K(47232K) NonClass: 38606K(40192K)->38606K(40192K) Class: 5656K(7040K)->5656K(7040K)
[2023-08-27T00:55:17.400+0500][gc            ] GC(11) Pause Young (Normal) (G1 Evacuation Pause) 203M->148M(1024M) 4.974ms
[2023-08-27T00:55:17.400+0500][gc,cpu        ] GC(11) User=0.03s Sys=0.00s Real=0.00s
[2023-08-27T02:35:55.745+0500][gc,start      ] GC(12) Pause Young (Normal) (G1 Evacuation Pause)
[2023-08-27T02:35:55.746+0500][gc,task       ] GC(12) Using 8 workers of 8 for evacuation
[2023-08-27T02:35:55.815+0500][gc,mmu        ] GC(12) MMU target violated: 21.0ms (20.0ms/21.0ms)
[2023-08-27T02:35:55.815+0500][gc,phases     ] GC(12)   Pre Evacuate Collection Set: 45.4ms
[2023-08-27T02:35:55.815+0500][gc,phases     ] GC(12)   Evacuate Collection Set: 11.7ms
[2023-08-27T02:35:55.815+0500][gc,phases     ] GC(12)   Post Evacuate Collection Set: 10.0ms
[2023-08-27T02:35:55.815+0500][gc,phases     ] GC(12)   Other: 3.2ms
[2023-08-27T02:35:55.815+0500][gc,heap       ] GC(12) Eden regions: 501->0(47)
[2023-08-27T02:35:55.815+0500][gc,heap       ] GC(12) Survivor regions: 3->4(63)
[2023-08-27T02:35:55.815+0500][gc,heap       ] GC(12) Old regions: 18->18
[2023-08-27T02:35:55.815+0500][gc,heap       ] GC(12) Humongous regions: 129->129
[2023-08-27T02:35:55.815+0500][gc,metaspace  ] GC(12) Metaspace: 44631K(47488K)->44631K(47488K) NonClass: 38973K(40448K)->38973K(40448K) Class: 5658K(7040K)->5658K(7040K)
[2023-08-27T02:35:55.815+0500][gc            ] GC(12) Pause Young (Normal) (G1 Evacuation Pause) 649M->148M(1024M) 69.901ms
[2023-08-27T02:35:55.815+0500][gc,cpu        ] GC(12) User=0.07s Sys=0.01s Real=0.08s
[2023-08-27T02:44:50.874+0500][gc,start      ] GC(13) Pause Young (Normal) (G1 Evacuation Pause)
[2023-08-27T02:44:50.874+0500][gc,task       ] GC(13) Using 8 workers of 8 for evacuation
[2023-08-27T02:44:50.879+0500][gc,phases     ] GC(13)   Pre Evacuate Collection Set: 0.0ms
[2023-08-27T02:44:50.879+0500][gc,phases     ] GC(13)   Evacuate Collection Set: 4.8ms
[2023-08-27T02:44:50.879+0500][gc,phases     ] GC(13)   Post Evacuate Collection Set: 0.4ms
[2023-08-27T02:44:50.879+0500][gc,phases     ] GC(13)   Other: 0.3ms
[2023-08-27T02:44:50.879+0500][gc,heap       ] GC(13) Eden regions: 47->0(47)
[2023-08-27T02:44:50.879+0500][gc,heap       ] GC(13) Survivor regions: 4->4(7)
[2023-08-27T02:44:50.879+0500][gc,heap       ] GC(13) Old regions: 18->18
[2023-08-27T02:44:50.879+0500][gc,heap       ] GC(13) Humongous regions: 129->129
[2023-08-27T02:44:50.879+0500][gc,metaspace  ] GC(13) Metaspace: 44635K(47488K)->44635K(47488K) NonClass: 38977K(40448K)->38977K(40448K) Class: 5658K(7040K)->5658K(7040K)
[2023-08-27T02:44:50.879+0500][gc            ] GC(13) Pause Young (Normal) (G1 Evacuation Pause) 195M->148M(1024M) 5.539ms
[2023-08-27T02:44:50.879+0500][gc,cpu        ] GC(13) User=0.02s Sys=0.00s Real=0.01s
[2023-08-27T02:53:21.526+0500][gc,start      ] GC(14) Pause Young (Normal) (G1 Evacuation Pause)
[2023-08-27T02:53:21.526+0500][gc,task       ] GC(14) Using 8 workers of 8 for evacuation
[2023-08-27T02:53:21.530+0500][gc,phases     ] GC(14)   Pre Evacuate Collection Set: 0.0ms
[2023-08-27T02:53:21.530+0500][gc,phases     ] GC(14)   Evacuate Collection Set: 3.3ms
[2023-08-27T02:53:21.530+0500][gc,phases     ] GC(14)   Post Evacuate Collection Set: 0.8ms
[2023-08-27T02:53:21.530+0500][gc,phases     ] GC(14)   Other: 0.2ms
[2023-08-27T02:53:21.530+0500][gc,heap       ] GC(14) Eden regions: 47->0(47)
[2023-08-27T02:53:21.530+0500][gc,heap       ] GC(14) Survivor regions: 4->4(7)
[2023-08-27T02:53:21.530+0500][gc,heap       ] GC(14) Old regions: 18->18
[2023-08-27T02:53:21.530+0500][gc,heap       ] GC(14) Humongous regions: 129->129
[2023-08-27T02:53:21.530+0500][gc,metaspace  ] GC(14) Metaspace: 44646K(47488K)->44646K(47488K) NonClass: 38987K(40448K)->38987K(40448K) Class: 5658K(7040K)->5658K(7040K)
[2023-08-27T02:53:21.530+0500][gc            ] GC(14) Pause Young (Normal) (G1 Evacuation Pause) 195M->148M(1024M) 4.373ms
[2023-08-27T02:53:21.530+0500][gc,cpu        ] GC(14) User=0.03s Sys=0.00s Real=0.01s
[2023-08-27T02:58:55.123+0500][gc,heap,exit  ] Heap
[2023-08-27T02:58:55.123+0500][gc,heap,exit  ]  garbage-first heap   total 1048576K, used 190012K [0x00000000c0000000, 0x0000000100000000)
[2023-08-27T02:58:55.123+0500][gc,heap,exit  ]   region size 1024K, 43 young (44032K), 4 survivors (4096K)
[2023-08-27T02:58:55.123+0500][gc,heap,exit  ]  Metaspace       used 45473K, capacity 48509K, committed 48640K, reserved 1091584K
[2023-08-27T02:58:55.123+0500][gc,heap,exit  ]   class space    used 5895K, capacity 7351K, committed 7424K, reserved 1048576K
