[2023-08-17T09:47:59.213+0500][gc,heap] Heap region size: 1M
[2023-08-17T09:47:59.223+0500][gc     ] Using G1
[2023-08-17T09:47:59.223+0500][gc,heap,coops] Heap address: 0x00000000c0000000, size: 1024 MB, Compressed Oops mode: 32-bit
[2023-08-17T09:47:59.223+0500][gc,cds       ] Mark closed archive regions in map: [0x00000000fff00000, 0x00000000fff6bff8]
[2023-08-17T09:47:59.223+0500][gc,cds       ] Mark open archive regions in map: [0x00000000ffe00000, 0x00000000ffe47ff8]
[2023-08-17T09:47:59.786+0500][gc,start     ] GC(0) Pause Young (Normal) (G1 Evacuation Pause)
[2023-08-17T09:47:59.790+0500][gc,task      ] GC(0) Using 8 workers of 8 for evacuation
[2023-08-17T09:47:59.800+0500][gc,phases    ] GC(0)   Pre Evacuate Collection Set: 0.0ms
[2023-08-17T09:47:59.800+0500][gc,phases    ] GC(0)   Evacuate Collection Set: 9.0ms
[2023-08-17T09:47:59.800+0500][gc,phases    ] GC(0)   Post Evacuate Collection Set: 0.4ms
[2023-08-17T09:47:59.800+0500][gc,phases    ] GC(0)   Other: 3.9ms
[2023-08-17T09:47:59.800+0500][gc,heap      ] GC(0) Eden regions: 51->0(44)
[2023-08-17T09:47:59.800+0500][gc,heap      ] GC(0) Survivor regions: 0->7(7)
[2023-08-17T09:47:59.800+0500][gc,heap      ] GC(0) Old regions: 2->2
[2023-08-17T09:47:59.800+0500][gc,heap      ] GC(0) Humongous regions: 0->0
[2023-08-17T09:47:59.800+0500][gc,metaspace ] GC(0) Metaspace: 14129K(14848K)->14129K(14848K) NonClass: 12389K(12800K)->12389K(12800K) Class: 1739K(2048K)->1739K(2048K)
[2023-08-17T09:47:59.800+0500][gc           ] GC(0) Pause Young (Normal) (G1 Evacuation Pause) 51M->7M(1024M) 13.494ms
[2023-08-17T09:47:59.800+0500][gc,cpu       ] GC(0) User=0.03s Sys=0.00s Real=0.01s
[2023-08-17T09:48:00.162+0500][gc,start     ] GC(1) Pause Young (Concurrent Start) (Metadata GC Threshold)
[2023-08-17T09:48:00.162+0500][gc,task      ] GC(1) Using 8 workers of 8 for evacuation
[2023-08-17T09:48:00.171+0500][gc,phases    ] GC(1)   Pre Evacuate Collection Set: 0.1ms
[2023-08-17T09:48:00.171+0500][gc,phases    ] GC(1)   Evacuate Collection Set: 7.1ms
[2023-08-17T09:48:00.171+0500][gc,phases    ] GC(1)   Post Evacuate Collection Set: 1.6ms
[2023-08-17T09:48:00.171+0500][gc,phases    ] GC(1)   Other: 0.2ms
[2023-08-17T09:48:00.171+0500][gc,heap      ] GC(1) Eden regions: 29->0(50)
[2023-08-17T09:48:00.171+0500][gc,heap      ] GC(1) Survivor regions: 7->1(7)
[2023-08-17T09:48:00.171+0500][gc,heap      ] GC(1) Old regions: 2->9
[2023-08-17T09:48:00.171+0500][gc,heap      ] GC(1) Humongous regions: 0->0
[2023-08-17T09:48:00.171+0500][gc,metaspace ] GC(1) Metaspace: 20553K(21248K)->20553K(21248K) NonClass: 18064K(18432K)->18064K(18432K) Class: 2488K(2816K)->2488K(2816K)
[2023-08-17T09:48:00.171+0500][gc           ] GC(1) Pause Young (Concurrent Start) (Metadata GC Threshold) 36M->8M(1024M) 9.131ms
[2023-08-17T09:48:00.171+0500][gc,cpu       ] GC(1) User=0.02s Sys=0.00s Real=0.01s
[2023-08-17T09:48:00.172+0500][gc           ] GC(2) Concurrent Cycle
[2023-08-17T09:48:00.172+0500][gc,marking   ] GC(2) Concurrent Clear Claimed Marks
[2023-08-17T09:48:00.172+0500][gc,marking   ] GC(2) Concurrent Clear Claimed Marks 0.043ms
[2023-08-17T09:48:00.172+0500][gc,marking   ] GC(2) Concurrent Scan Root Regions
[2023-08-17T09:48:00.173+0500][gc,marking   ] GC(2) Concurrent Scan Root Regions 0.802ms
[2023-08-17T09:48:00.173+0500][gc,marking   ] GC(2) Concurrent Mark (0.962s)
[2023-08-17T09:48:00.173+0500][gc,marking   ] GC(2) Concurrent Mark From Roots
[2023-08-17T09:48:00.173+0500][gc,task      ] GC(2) Using 2 workers of 2 for marking
[2023-08-17T09:48:00.177+0500][gc,marking   ] GC(2) Concurrent Mark From Roots 4.179ms
[2023-08-17T09:48:00.177+0500][gc,marking   ] GC(2) Concurrent Preclean
[2023-08-17T09:48:00.177+0500][gc,marking   ] GC(2) Concurrent Preclean 0.087ms
[2023-08-17T09:48:00.178+0500][gc,marking   ] GC(2) Concurrent Mark (0.962s, 0.967s) 4.326ms
[2023-08-17T09:48:00.178+0500][gc,start     ] GC(2) Pause Remark
[2023-08-17T09:48:00.186+0500][gc,stringtable] GC(2) Cleaned string and symbol table, strings: 5139 processed, 0 removed, symbols: 52995 processed, 43 removed
[2023-08-17T09:48:00.187+0500][gc            ] GC(2) Pause Remark 8M->8M(1024M) 9.075ms
[2023-08-17T09:48:00.187+0500][gc,cpu        ] GC(2) User=0.04s Sys=0.00s Real=0.01s
[2023-08-17T09:48:00.187+0500][gc,marking    ] GC(2) Concurrent Rebuild Remembered Sets
[2023-08-17T09:48:00.190+0500][gc,marking    ] GC(2) Concurrent Rebuild Remembered Sets 2.696ms
[2023-08-17T09:48:00.190+0500][gc,start      ] GC(2) Pause Cleanup
[2023-08-17T09:48:00.190+0500][gc            ] GC(2) Pause Cleanup 8M->8M(1024M) 0.154ms
[2023-08-17T09:48:00.190+0500][gc,cpu        ] GC(2) User=0.00s Sys=0.00s Real=0.00s
[2023-08-17T09:48:00.190+0500][gc,marking    ] GC(2) Concurrent Cleanup for Next Mark
[2023-08-17T09:48:00.193+0500][gc,marking    ] GC(2) Concurrent Cleanup for Next Mark 3.476ms
[2023-08-17T09:48:00.193+0500][gc            ] GC(2) Concurrent Cycle 21.143ms
[2023-08-17T09:48:00.655+0500][gc,start      ] GC(3) Pause Young (Normal) (G1 Evacuation Pause)
[2023-08-17T09:48:00.655+0500][gc,task       ] GC(3) Using 8 workers of 8 for evacuation
[2023-08-17T09:48:00.659+0500][gc,phases     ] GC(3)   Pre Evacuate Collection Set: 0.0ms
[2023-08-17T09:48:00.659+0500][gc,phases     ] GC(3)   Evacuate Collection Set: 3.6ms
[2023-08-17T09:48:00.659+0500][gc,phases     ] GC(3)   Post Evacuate Collection Set: 0.3ms
[2023-08-17T09:48:00.659+0500][gc,phases     ] GC(3)   Other: 0.1ms
[2023-08-17T09:48:00.659+0500][gc,heap       ] GC(3) Eden regions: 50->0(46)
[2023-08-17T09:48:00.659+0500][gc,heap       ] GC(3) Survivor regions: 1->5(7)
[2023-08-17T09:48:00.659+0500][gc,heap       ] GC(3) Old regions: 9->9
[2023-08-17T09:48:00.659+0500][gc,heap       ] GC(3) Humongous regions: 129->129
[2023-08-17T09:48:00.659+0500][gc,metaspace  ] GC(3) Metaspace: 28634K(29952K)->28634K(29952K) NonClass: 25288K(26112K)->25288K(26112K) Class: 3345K(3840K)->3345K(3840K)
[2023-08-17T09:48:00.659+0500][gc            ] GC(3) Pause Young (Normal) (G1 Evacuation Pause) 187M->141M(1024M) 4.104ms
[2023-08-17T09:48:00.659+0500][gc,cpu        ] GC(3) User=0.02s Sys=0.00s Real=0.00s
[2023-08-17T09:48:00.930+0500][gc,start      ] GC(4) Pause Young (Concurrent Start) (Metadata GC Threshold)
[2023-08-17T09:48:00.930+0500][gc,task       ] GC(4) Using 8 workers of 8 for evacuation
[2023-08-17T09:48:00.939+0500][gc,phases     ] GC(4)   Pre Evacuate Collection Set: 0.2ms
[2023-08-17T09:48:00.939+0500][gc,phases     ] GC(4)   Evacuate Collection Set: 8.2ms
[2023-08-17T09:48:00.939+0500][gc,phases     ] GC(4)   Post Evacuate Collection Set: 0.3ms
[2023-08-17T09:48:00.939+0500][gc,phases     ] GC(4)   Other: 0.2ms
[2023-08-17T09:48:00.939+0500][gc,heap       ] GC(4) Eden regions: 29->0(48)
[2023-08-17T09:48:00.939+0500][gc,heap       ] GC(4) Survivor regions: 5->3(7)
[2023-08-17T09:48:00.939+0500][gc,heap       ] GC(4) Old regions: 9->14
[2023-08-17T09:48:00.939+0500][gc,heap       ] GC(4) Humongous regions: 129->129
[2023-08-17T09:48:00.939+0500][gc,metaspace  ] GC(4) Metaspace: 34186K(35840K)->34186K(35840K) NonClass: 30182K(31232K)->30182K(31232K) Class: 4003K(4608K)->4003K(4608K)
[2023-08-17T09:48:00.939+0500][gc            ] GC(4) Pause Young (Concurrent Start) (Metadata GC Threshold) 169M->143M(1024M) 8.961ms
[2023-08-17T09:48:00.939+0500][gc,cpu        ] GC(4) User=0.03s Sys=0.00s Real=0.01s
[2023-08-17T09:48:00.939+0500][gc            ] GC(5) Concurrent Cycle
[2023-08-17T09:48:00.939+0500][gc,marking    ] GC(5) Concurrent Clear Claimed Marks
[2023-08-17T09:48:00.939+0500][gc,marking    ] GC(5) Concurrent Clear Claimed Marks 0.026ms
[2023-08-17T09:48:00.939+0500][gc,marking    ] GC(5) Concurrent Scan Root Regions
[2023-08-17T09:48:00.940+0500][gc,marking    ] GC(5) Concurrent Scan Root Regions 1.295ms
[2023-08-17T09:48:00.940+0500][gc,marking    ] GC(5) Concurrent Mark (1.729s)
[2023-08-17T09:48:00.940+0500][gc,marking    ] GC(5) Concurrent Mark From Roots
[2023-08-17T09:48:00.940+0500][gc,task       ] GC(5) Using 2 workers of 2 for marking
[2023-08-17T09:48:00.950+0500][gc,marking    ] GC(5) Concurrent Mark From Roots 9.808ms
[2023-08-17T09:48:00.950+0500][gc,marking    ] GC(5) Concurrent Preclean
[2023-08-17T09:48:00.950+0500][gc,marking    ] GC(5) Concurrent Preclean 0.090ms
[2023-08-17T09:48:00.950+0500][gc,marking    ] GC(5) Concurrent Mark (1.729s, 1.739s) 9.953ms
[2023-08-17T09:48:00.952+0500][gc,start      ] GC(5) Pause Remark
[2023-08-17T09:48:00.960+0500][gc,stringtable] GC(5) Cleaned string and symbol table, strings: 10913 processed, 14 removed, symbols: 85155 processed, 16 removed
[2023-08-17T09:48:00.961+0500][gc            ] GC(5) Pause Remark 144M->144M(1024M) 9.155ms
[2023-08-17T09:48:00.961+0500][gc,cpu        ] GC(5) User=0.04s Sys=0.01s Real=0.01s
[2023-08-17T09:48:00.961+0500][gc,marking    ] GC(5) Concurrent Rebuild Remembered Sets
[2023-08-17T09:48:00.965+0500][gc,marking    ] GC(5) Concurrent Rebuild Remembered Sets 4.268ms
[2023-08-17T09:48:00.965+0500][gc,start      ] GC(5) Pause Cleanup
[2023-08-17T09:48:00.965+0500][gc            ] GC(5) Pause Cleanup 144M->144M(1024M) 0.132ms
[2023-08-17T09:48:00.965+0500][gc,cpu        ] GC(5) User=0.00s Sys=0.00s Real=0.00s
[2023-08-17T09:48:00.965+0500][gc,marking    ] GC(5) Concurrent Cleanup for Next Mark
[2023-08-17T09:48:00.968+0500][gc,marking    ] GC(5) Concurrent Cleanup for Next Mark 2.901ms
[2023-08-17T09:48:00.968+0500][gc            ] GC(5) Concurrent Cycle 29.527ms
[2023-08-17T09:59:54.899+0500][gc,start      ] GC(6) Pause Young (Normal) (G1 Evacuation Pause)
[2023-08-17T09:59:54.899+0500][gc,task       ] GC(6) Using 8 workers of 8 for evacuation
[2023-08-17T09:59:54.904+0500][gc,phases     ] GC(6)   Pre Evacuate Collection Set: 0.0ms
[2023-08-17T09:59:54.904+0500][gc,phases     ] GC(6)   Evacuate Collection Set: 4.1ms
[2023-08-17T09:59:54.904+0500][gc,phases     ] GC(6)   Post Evacuate Collection Set: 0.5ms
[2023-08-17T09:59:54.904+0500][gc,phases     ] GC(6)   Other: 2.5ms
[2023-08-17T09:59:54.904+0500][gc,heap       ] GC(6) Eden regions: 48->0(47)
[2023-08-17T09:59:54.904+0500][gc,heap       ] GC(6) Survivor regions: 3->4(7)
[2023-08-17T09:59:54.904+0500][gc,heap       ] GC(6) Old regions: 14->14
[2023-08-17T09:59:54.904+0500][gc,heap       ] GC(6) Humongous regions: 129->129
[2023-08-17T09:59:54.904+0500][gc,metaspace  ] GC(6) Metaspace: 41023K(43392K)->41023K(43392K) NonClass: 35712K(36864K)->35712K(36864K) Class: 5311K(6528K)->5311K(6528K)
[2023-08-17T09:59:54.905+0500][gc            ] GC(6) Pause Young (Normal) (G1 Evacuation Pause) 191M->145M(1024M) 5.734ms
[2023-08-17T09:59:54.905+0500][gc,cpu        ] GC(6) User=0.03s Sys=0.00s Real=0.00s
[2023-08-17T10:09:24.677+0500][gc,start      ] GC(7) Pause Young (Normal) (G1 Evacuation Pause)
[2023-08-17T10:09:24.677+0500][gc,task       ] GC(7) Using 8 workers of 8 for evacuation
[2023-08-17T10:09:24.681+0500][gc,phases     ] GC(7)   Pre Evacuate Collection Set: 0.4ms
[2023-08-17T10:09:24.681+0500][gc,phases     ] GC(7)   Evacuate Collection Set: 3.5ms
[2023-08-17T10:09:24.682+0500][gc,phases     ] GC(7)   Post Evacuate Collection Set: 0.6ms
[2023-08-17T10:09:24.682+0500][gc,phases     ] GC(7)   Other: 0.3ms
[2023-08-17T10:09:24.682+0500][gc,heap       ] GC(7) Eden regions: 47->0(47)
[2023-08-17T10:09:24.682+0500][gc,heap       ] GC(7) Survivor regions: 4->4(7)
[2023-08-17T10:09:24.682+0500][gc,heap       ] GC(7) Old regions: 14->16
[2023-08-17T10:09:24.682+0500][gc,heap       ] GC(7) Humongous regions: 129->129
[2023-08-17T10:09:24.682+0500][gc,metaspace  ] GC(7) Metaspace: 42692K(45440K)->42692K(45440K) NonClass: 37186K(38656K)->37186K(38656K) Class: 5506K(6784K)->5506K(6784K)
[2023-08-17T10:09:24.682+0500][gc            ] GC(7) Pause Young (Normal) (G1 Evacuation Pause) 192M->146M(1024M) 5.112ms
[2023-08-17T10:09:24.682+0500][gc,cpu        ] GC(7) User=0.02s Sys=0.00s Real=0.00s
[2023-08-17T10:09:24.708+0500][gc,heap,exit  ] Heap
[2023-08-17T10:09:24.708+0500][gc,heap,exit  ]  garbage-first heap   total 1048576K, used 151945K [0x00000000c0000000, 0x0000000100000000)
[2023-08-17T10:09:24.708+0500][gc,heap,exit  ]   region size 1024K, 7 young (7168K), 4 survivors (4096K)
[2023-08-17T10:09:24.708+0500][gc,heap,exit  ]  Metaspace       used 42734K, capacity 45362K, committed 45568K, reserved 1087488K
[2023-08-17T10:09:24.708+0500][gc,heap,exit  ]   class space    used 5516K, capacity 6787K, committed 6912K, reserved 1048576K
