[2023-07-23T16:51:56.946+0500][gc,heap] Heap region size: 1M
[2023-07-23T16:51:56.950+0500][gc     ] Using G1
[2023-07-23T16:51:56.950+0500][gc,heap,coops] Heap address: 0x00000000c0000000, size: 1024 MB, Compressed Oops mode: 32-bit
[2023-07-23T16:51:56.951+0500][gc,cds       ] Mark closed archive regions in map: [0x00000000fff00000, 0x00000000fff6aff8]
[2023-07-23T16:51:56.951+0500][gc,cds       ] Mark open archive regions in map: [0x00000000ffe00000, 0x00000000ffe46ff8]
[2023-07-23T16:51:57.441+0500][gc,start     ] GC(0) Pause Young (Normal) (G1 Evacuation Pause)
[2023-07-23T16:51:57.442+0500][gc,task      ] GC(0) Using 8 workers of 8 for evacuation
[2023-07-23T16:51:57.446+0500][gc,phases    ] GC(0)   Pre Evacuate Collection Set: 0.0ms
[2023-07-23T16:51:57.446+0500][gc,phases    ] GC(0)   Evacuate Collection Set: 3.5ms
[2023-07-23T16:51:57.446+0500][gc,phases    ] GC(0)   Post Evacuate Collection Set: 0.3ms
[2023-07-23T16:51:57.446+0500][gc,phases    ] GC(0)   Other: 0.4ms
[2023-07-23T16:51:57.446+0500][gc,heap      ] GC(0) Eden regions: 51->0(44)
[2023-07-23T16:51:57.446+0500][gc,heap      ] GC(0) Survivor regions: 0->7(7)
[2023-07-23T16:51:57.446+0500][gc,heap      ] GC(0) Old regions: 2->2
[2023-07-23T16:51:57.446+0500][gc,heap      ] GC(0) Humongous regions: 0->0
[2023-07-23T16:51:57.446+0500][gc,metaspace ] GC(0) Metaspace: 14040K(14848K)->14040K(14848K) NonClass: 12311K(12800K)->12311K(12800K) Class: 1729K(2048K)->1729K(2048K)
[2023-07-23T16:51:57.446+0500][gc           ] GC(0) Pause Young (Normal) (G1 Evacuation Pause) 51M->7M(1024M) 4.228ms
[2023-07-23T16:51:57.446+0500][gc,cpu       ] GC(0) User=0.02s Sys=0.00s Real=0.00s
[2023-07-23T16:51:57.818+0500][gc,start     ] GC(1) Pause Young (Concurrent Start) (Metadata GC Threshold)
[2023-07-23T16:51:57.818+0500][gc,task      ] GC(1) Using 8 workers of 8 for evacuation
[2023-07-23T16:51:57.826+0500][gc,phases    ] GC(1)   Pre Evacuate Collection Set: 0.1ms
[2023-07-23T16:51:57.826+0500][gc,phases    ] GC(1)   Evacuate Collection Set: 7.7ms
[2023-07-23T16:51:57.826+0500][gc,phases    ] GC(1)   Post Evacuate Collection Set: 0.2ms
[2023-07-23T16:51:57.826+0500][gc,phases    ] GC(1)   Other: 0.2ms
[2023-07-23T16:51:57.826+0500][gc,heap      ] GC(1) Eden regions: 30->0(49)
[2023-07-23T16:51:57.826+0500][gc,heap      ] GC(1) Survivor regions: 7->2(7)
[2023-07-23T16:51:57.826+0500][gc,heap      ] GC(1) Old regions: 2->9
[2023-07-23T16:51:57.826+0500][gc,heap      ] GC(1) Humongous regions: 0->0
[2023-07-23T16:51:57.826+0500][gc,metaspace ] GC(1) Metaspace: 20589K(21248K)->20589K(21248K) NonClass: 18087K(18432K)->18087K(18432K) Class: 2501K(2816K)->2501K(2816K)
[2023-07-23T16:51:57.826+0500][gc           ] GC(1) Pause Young (Concurrent Start) (Metadata GC Threshold) 37M->8M(1024M) 8.329ms
[2023-07-23T16:51:57.826+0500][gc,cpu       ] GC(1) User=0.04s Sys=0.01s Real=0.01s
[2023-07-23T16:51:57.826+0500][gc           ] GC(2) Concurrent Cycle
[2023-07-23T16:51:57.826+0500][gc,marking   ] GC(2) Concurrent Clear Claimed Marks
[2023-07-23T16:51:57.826+0500][gc,marking   ] GC(2) Concurrent Clear Claimed Marks 0.017ms
[2023-07-23T16:51:57.826+0500][gc,marking   ] GC(2) Concurrent Scan Root Regions
[2023-07-23T16:51:57.827+0500][gc,marking   ] GC(2) Concurrent Scan Root Regions 0.703ms
[2023-07-23T16:51:57.827+0500][gc,marking   ] GC(2) Concurrent Mark (0.883s)
[2023-07-23T16:51:57.827+0500][gc,marking   ] GC(2) Concurrent Mark From Roots
[2023-07-23T16:51:57.827+0500][gc,task      ] GC(2) Using 2 workers of 2 for marking
[2023-07-23T16:51:57.831+0500][gc,marking   ] GC(2) Concurrent Mark From Roots 4.057ms
[2023-07-23T16:51:57.831+0500][gc,marking   ] GC(2) Concurrent Preclean
[2023-07-23T16:51:57.831+0500][gc,marking   ] GC(2) Concurrent Preclean 0.080ms
[2023-07-23T16:51:57.831+0500][gc,marking   ] GC(2) Concurrent Mark (0.883s, 0.887s) 4.188ms
[2023-07-23T16:51:57.831+0500][gc,start     ] GC(2) Pause Remark
[2023-07-23T16:51:57.833+0500][gc,stringtable] GC(2) Cleaned string and symbol table, strings: 5212 processed, 0 removed, symbols: 53361 processed, 45 removed
[2023-07-23T16:51:57.833+0500][gc            ] GC(2) Pause Remark 9M->9M(1024M) 2.004ms
[2023-07-23T16:51:57.833+0500][gc,cpu        ] GC(2) User=0.01s Sys=0.00s Real=0.00s
[2023-07-23T16:51:57.834+0500][gc,marking    ] GC(2) Concurrent Rebuild Remembered Sets
[2023-07-23T16:51:57.836+0500][gc,marking    ] GC(2) Concurrent Rebuild Remembered Sets 2.077ms
[2023-07-23T16:51:57.836+0500][gc,start      ] GC(2) Pause Cleanup
[2023-07-23T16:51:57.837+0500][gc            ] GC(2) Pause Cleanup 9M->9M(1024M) 0.144ms
[2023-07-23T16:51:57.837+0500][gc,cpu        ] GC(2) User=0.00s Sys=0.00s Real=0.00s
[2023-07-23T16:51:57.837+0500][gc,marking    ] GC(2) Concurrent Cleanup for Next Mark
[2023-07-23T16:51:57.845+0500][gc,marking    ] GC(2) Concurrent Cleanup for Next Mark 8.347ms
[2023-07-23T16:51:57.845+0500][gc            ] GC(2) Concurrent Cycle 18.745ms
[2023-07-23T16:51:58.214+0500][gc,start      ] GC(3) Pause Young (Normal) (G1 Evacuation Pause)
[2023-07-23T16:51:58.214+0500][gc,task       ] GC(3) Using 8 workers of 8 for evacuation
[2023-07-23T16:51:58.217+0500][gc,phases     ] GC(3)   Pre Evacuate Collection Set: 0.0ms
[2023-07-23T16:51:58.217+0500][gc,phases     ] GC(3)   Evacuate Collection Set: 2.8ms
[2023-07-23T16:51:58.217+0500][gc,phases     ] GC(3)   Post Evacuate Collection Set: 0.3ms
[2023-07-23T16:51:58.217+0500][gc,phases     ] GC(3)   Other: 0.2ms
[2023-07-23T16:51:58.217+0500][gc,heap       ] GC(3) Eden regions: 49->0(46)
[2023-07-23T16:51:58.217+0500][gc,heap       ] GC(3) Survivor regions: 2->5(7)
[2023-07-23T16:51:58.217+0500][gc,heap       ] GC(3) Old regions: 9->9
[2023-07-23T16:51:58.217+0500][gc,heap       ] GC(3) Humongous regions: 129->129
[2023-07-23T16:51:58.217+0500][gc,metaspace  ] GC(3) Metaspace: 28496K(29696K)->28496K(29696K) NonClass: 25184K(25856K)->25184K(25856K) Class: 3312K(3840K)->3312K(3840K)
[2023-07-23T16:51:58.217+0500][gc            ] GC(3) Pause Young (Normal) (G1 Evacuation Pause) 186M->141M(1024M) 3.340ms
[2023-07-23T16:51:58.217+0500][gc,cpu        ] GC(3) User=0.03s Sys=0.00s Real=0.01s
[2023-07-23T16:51:58.467+0500][gc,start      ] GC(4) Pause Young (Concurrent Start) (Metadata GC Threshold)
[2023-07-23T16:51:58.467+0500][gc,task       ] GC(4) Using 8 workers of 8 for evacuation
[2023-07-23T16:51:58.474+0500][gc,phases     ] GC(4)   Pre Evacuate Collection Set: 0.1ms
[2023-07-23T16:51:58.474+0500][gc,phases     ] GC(4)   Evacuate Collection Set: 6.4ms
[2023-07-23T16:51:58.474+0500][gc,phases     ] GC(4)   Post Evacuate Collection Set: 0.2ms
[2023-07-23T16:51:58.474+0500][gc,phases     ] GC(4)   Other: 0.2ms
[2023-07-23T16:51:58.474+0500][gc,heap       ] GC(4) Eden regions: 31->0(49)
[2023-07-23T16:51:58.474+0500][gc,heap       ] GC(4) Survivor regions: 5->2(7)
[2023-07-23T16:51:58.474+0500][gc,heap       ] GC(4) Old regions: 9->14
[2023-07-23T16:51:58.474+0500][gc,heap       ] GC(4) Humongous regions: 129->129
[2023-07-23T16:51:58.474+0500][gc,metaspace  ] GC(4) Metaspace: 34450K(35840K)->34450K(35840K) NonClass: 30395K(31104K)->30395K(31104K) Class: 4055K(4736K)->4055K(4736K)
[2023-07-23T16:51:58.474+0500][gc            ] GC(4) Pause Young (Concurrent Start) (Metadata GC Threshold) 171M->143M(1024M) 6.984ms
[2023-07-23T16:51:58.474+0500][gc,cpu        ] GC(4) User=0.01s Sys=0.00s Real=0.01s
[2023-07-23T16:51:58.474+0500][gc            ] GC(5) Concurrent Cycle
[2023-07-23T16:51:58.474+0500][gc,marking    ] GC(5) Concurrent Clear Claimed Marks
[2023-07-23T16:51:58.474+0500][gc,marking    ] GC(5) Concurrent Clear Claimed Marks 0.017ms
[2023-07-23T16:51:58.474+0500][gc,marking    ] GC(5) Concurrent Scan Root Regions
[2023-07-23T16:51:58.476+0500][gc,marking    ] GC(5) Concurrent Scan Root Regions 1.358ms
[2023-07-23T16:51:58.476+0500][gc,marking    ] GC(5) Concurrent Mark (1.531s)
[2023-07-23T16:51:58.476+0500][gc,marking    ] GC(5) Concurrent Mark From Roots
[2023-07-23T16:51:58.476+0500][gc,task       ] GC(5) Using 2 workers of 2 for marking
[2023-07-23T16:51:58.483+0500][gc,marking    ] GC(5) Concurrent Mark From Roots 7.484ms
[2023-07-23T16:51:58.483+0500][gc,marking    ] GC(5) Concurrent Preclean
[2023-07-23T16:51:58.483+0500][gc,marking    ] GC(5) Concurrent Preclean 0.087ms
[2023-07-23T16:51:58.483+0500][gc,marking    ] GC(5) Concurrent Mark (1.531s, 1.539s) 7.625ms
[2023-07-23T16:51:58.483+0500][gc,start      ] GC(5) Pause Remark
[2023-07-23T16:51:58.486+0500][gc,stringtable] GC(5) Cleaned string and symbol table, strings: 10398 processed, 15 removed, symbols: 84901 processed, 16 removed
[2023-07-23T16:51:58.486+0500][gc            ] GC(5) Pause Remark 143M->143M(1024M) 3.201ms
[2023-07-23T16:51:58.486+0500][gc,cpu        ] GC(5) User=0.01s Sys=0.00s Real=0.01s
[2023-07-23T16:51:58.488+0500][gc,marking    ] GC(5) Concurrent Rebuild Remembered Sets
[2023-07-23T16:51:58.493+0500][gc,marking    ] GC(5) Concurrent Rebuild Remembered Sets 5.234ms
[2023-07-23T16:51:58.494+0500][gc,start      ] GC(5) Pause Cleanup
[2023-07-23T16:51:58.494+0500][gc            ] GC(5) Pause Cleanup 143M->143M(1024M) 0.149ms
[2023-07-23T16:51:58.494+0500][gc,cpu        ] GC(5) User=0.00s Sys=0.00s Real=0.00s
[2023-07-23T16:51:58.494+0500][gc,marking    ] GC(5) Concurrent Cleanup for Next Mark
[2023-07-23T16:51:58.499+0500][gc,marking    ] GC(5) Concurrent Cleanup for Next Mark 5.708ms
[2023-07-23T16:51:58.500+0500][gc            ] GC(5) Concurrent Cycle 25.411ms
[2023-07-23T17:13:11.534+0500][gc,start      ] GC(6) Pause Young (Normal) (G1 Evacuation Pause)
[2023-07-23T17:13:11.534+0500][gc,task       ] GC(6) Using 8 workers of 8 for evacuation
[2023-07-23T17:13:11.540+0500][gc,phases     ] GC(6)   Pre Evacuate Collection Set: 0.0ms
[2023-07-23T17:13:11.541+0500][gc,phases     ] GC(6)   Evacuate Collection Set: 6.0ms
[2023-07-23T17:13:11.541+0500][gc,phases     ] GC(6)   Post Evacuate Collection Set: 0.4ms
[2023-07-23T17:13:11.541+0500][gc,phases     ] GC(6)   Other: 0.2ms
[2023-07-23T17:13:11.541+0500][gc,heap       ] GC(6) Eden regions: 49->0(47)
[2023-07-23T17:13:11.541+0500][gc,heap       ] GC(6) Survivor regions: 2->4(7)
[2023-07-23T17:13:11.541+0500][gc,heap       ] GC(6) Old regions: 14->14
[2023-07-23T17:13:11.541+0500][gc,heap       ] GC(6) Humongous regions: 129->129
[2023-07-23T17:13:11.541+0500][gc,metaspace  ] GC(6) Metaspace: 40470K(42752K)->40470K(42752K) NonClass: 35228K(36352K)->35228K(36352K) Class: 5242K(6400K)->5242K(6400K)
[2023-07-23T17:13:11.541+0500][gc            ] GC(6) Pause Young (Normal) (G1 Evacuation Pause) 192M->144M(1024M) 6.793ms
[2023-07-23T17:13:11.541+0500][gc,cpu        ] GC(6) User=0.03s Sys=0.00s Real=0.01s
[2023-07-23T17:15:53.323+0500][gc,heap,exit  ] Heap
[2023-07-23T17:15:53.323+0500][gc,heap,exit  ]  garbage-first heap   total 1048576K, used 181114K [0x00000000c0000000, 0x0000000100000000)
[2023-07-23T17:15:53.323+0500][gc,heap,exit  ]   region size 1024K, 38 young (38912K), 4 survivors (4096K)
[2023-07-23T17:15:53.323+0500][gc,heap,exit  ]  Metaspace       used 43776K, capacity 46662K, committed 46720K, reserved 1089536K
[2023-07-23T17:15:53.323+0500][gc,heap,exit  ]   class space    used 5832K, capacity 7276K, committed 7296K, reserved 1048576K
