[2023-08-17T10:13:11.637+0500][gc,heap] Heap region size: 1M
[2023-08-17T10:13:11.647+0500][gc     ] Using G1
[2023-08-17T10:13:11.647+0500][gc,heap,coops] Heap address: 0x00000000c0000000, size: 1024 MB, Compressed Oops mode: 32-bit
[2023-08-17T10:13:11.647+0500][gc,cds       ] Mark closed archive regions in map: [0x00000000fff00000, 0x00000000fff6bff8]
[2023-08-17T10:13:11.647+0500][gc,cds       ] Mark open archive regions in map: [0x00000000ffe00000, 0x00000000ffe47ff8]
[2023-08-17T10:13:12.185+0500][gc,start     ] GC(0) Pause Young (Normal) (G1 Evacuation Pause)
[2023-08-17T10:13:12.185+0500][gc,task      ] GC(0) Using 8 workers of 8 for evacuation
[2023-08-17T10:13:12.195+0500][gc,phases    ] GC(0)   Pre Evacuate Collection Set: 0.0ms
[2023-08-17T10:13:12.195+0500][gc,phases    ] GC(0)   Evacuate Collection Set: 8.5ms
[2023-08-17T10:13:12.195+0500][gc,phases    ] GC(0)   Post Evacuate Collection Set: 0.4ms
[2023-08-17T10:13:12.195+0500][gc,phases    ] GC(0)   Other: 0.5ms
[2023-08-17T10:13:12.195+0500][gc,heap      ] GC(0) Eden regions: 51->0(44)
[2023-08-17T10:13:12.195+0500][gc,heap      ] GC(0) Survivor regions: 0->7(7)
[2023-08-17T10:13:12.195+0500][gc,heap      ] GC(0) Old regions: 2->2
[2023-08-17T10:13:12.195+0500][gc,heap      ] GC(0) Humongous regions: 0->0
[2023-08-17T10:13:12.195+0500][gc,metaspace ] GC(0) Metaspace: 14175K(14848K)->14175K(14848K) NonClass: 12436K(12800K)->12436K(12800K) Class: 1739K(2048K)->1739K(2048K)
[2023-08-17T10:13:12.195+0500][gc           ] GC(0) Pause Young (Normal) (G1 Evacuation Pause) 51M->7M(1024M) 9.446ms
[2023-08-17T10:13:12.195+0500][gc,cpu       ] GC(0) User=0.06s Sys=0.00s Real=0.02s
[2023-08-17T10:13:12.466+0500][gc,start     ] GC(1) Pause Young (Concurrent Start) (Metadata GC Threshold)
[2023-08-17T10:13:12.466+0500][gc,task      ] GC(1) Using 8 workers of 8 for evacuation
[2023-08-17T10:13:12.474+0500][gc,phases    ] GC(1)   Pre Evacuate Collection Set: 0.1ms
[2023-08-17T10:13:12.474+0500][gc,phases    ] GC(1)   Evacuate Collection Set: 7.3ms
[2023-08-17T10:13:12.474+0500][gc,phases    ] GC(1)   Post Evacuate Collection Set: 0.3ms
[2023-08-17T10:13:12.474+0500][gc,phases    ] GC(1)   Other: 0.2ms
[2023-08-17T10:13:12.474+0500][gc,heap      ] GC(1) Eden regions: 30->0(49)
[2023-08-17T10:13:12.474+0500][gc,heap      ] GC(1) Survivor regions: 7->2(7)
[2023-08-17T10:13:12.474+0500][gc,heap      ] GC(1) Old regions: 2->9
[2023-08-17T10:13:12.474+0500][gc,heap      ] GC(1) Humongous regions: 0->0
[2023-08-17T10:13:12.474+0500][gc,metaspace ] GC(1) Metaspace: 20656K(21296K)->20656K(21296K) NonClass: 18147K(18480K)->18147K(18480K) Class: 2509K(2816K)->2509K(2816K)
[2023-08-17T10:13:12.474+0500][gc           ] GC(1) Pause Young (Concurrent Start) (Metadata GC Threshold) 36M->8M(1024M) 7.946ms
[2023-08-17T10:13:12.474+0500][gc,cpu       ] GC(1) User=0.04s Sys=0.01s Real=0.01s
[2023-08-17T10:13:12.474+0500][gc           ] GC(2) Concurrent Cycle
[2023-08-17T10:13:12.474+0500][gc,marking   ] GC(2) Concurrent Clear Claimed Marks
[2023-08-17T10:13:12.474+0500][gc,marking   ] GC(2) Concurrent Clear Claimed Marks 0.012ms
[2023-08-17T10:13:12.474+0500][gc,marking   ] GC(2) Concurrent Scan Root Regions
[2023-08-17T10:13:12.475+0500][gc,marking   ] GC(2) Concurrent Scan Root Regions 0.701ms
[2023-08-17T10:13:12.475+0500][gc,marking   ] GC(2) Concurrent Mark (0.840s)
[2023-08-17T10:13:12.475+0500][gc,marking   ] GC(2) Concurrent Mark From Roots
[2023-08-17T10:13:12.475+0500][gc,task      ] GC(2) Using 2 workers of 2 for marking
[2023-08-17T10:13:12.479+0500][gc,marking   ] GC(2) Concurrent Mark From Roots 3.912ms
[2023-08-17T10:13:12.479+0500][gc,marking   ] GC(2) Concurrent Preclean
[2023-08-17T10:13:12.479+0500][gc,marking   ] GC(2) Concurrent Preclean 0.082ms
[2023-08-17T10:13:12.479+0500][gc,marking   ] GC(2) Concurrent Mark (0.840s, 0.844s) 4.049ms
[2023-08-17T10:13:12.479+0500][gc,start     ] GC(2) Pause Remark
[2023-08-17T10:13:12.483+0500][gc,stringtable] GC(2) Cleaned string and symbol table, strings: 5154 processed, 0 removed, symbols: 53062 processed, 43 removed
[2023-08-17T10:13:12.483+0500][gc            ] GC(2) Pause Remark 9M->9M(1024M) 3.561ms
[2023-08-17T10:13:12.483+0500][gc,cpu        ] GC(2) User=0.02s Sys=0.00s Real=0.00s
[2023-08-17T10:13:12.483+0500][gc,marking    ] GC(2) Concurrent Rebuild Remembered Sets
[2023-08-17T10:13:12.485+0500][gc,marking    ] GC(2) Concurrent Rebuild Remembered Sets 2.214ms
[2023-08-17T10:13:12.485+0500][gc,start      ] GC(2) Pause Cleanup
[2023-08-17T10:13:12.485+0500][gc            ] GC(2) Pause Cleanup 9M->9M(1024M) 0.133ms
[2023-08-17T10:13:12.485+0500][gc,cpu        ] GC(2) User=0.00s Sys=0.00s Real=0.00s
[2023-08-17T10:13:12.485+0500][gc,marking    ] GC(2) Concurrent Cleanup for Next Mark
[2023-08-17T10:13:12.488+0500][gc,marking    ] GC(2) Concurrent Cleanup for Next Mark 2.744ms
[2023-08-17T10:13:12.488+0500][gc            ] GC(2) Concurrent Cycle 13.723ms
[2023-08-17T10:13:12.866+0500][gc,start      ] GC(3) Pause Young (Normal) (G1 Evacuation Pause)
[2023-08-17T10:13:12.866+0500][gc,task       ] GC(3) Using 8 workers of 8 for evacuation
[2023-08-17T10:13:12.869+0500][gc,phases     ] GC(3)   Pre Evacuate Collection Set: 0.0ms
[2023-08-17T10:13:12.869+0500][gc,phases     ] GC(3)   Evacuate Collection Set: 2.8ms
[2023-08-17T10:13:12.869+0500][gc,phases     ] GC(3)   Post Evacuate Collection Set: 0.3ms
[2023-08-17T10:13:12.869+0500][gc,phases     ] GC(3)   Other: 0.2ms
[2023-08-17T10:13:12.869+0500][gc,heap       ] GC(3) Eden regions: 49->0(46)
[2023-08-17T10:13:12.869+0500][gc,heap       ] GC(3) Survivor regions: 2->5(7)
[2023-08-17T10:13:12.869+0500][gc,heap       ] GC(3) Old regions: 9->9
[2023-08-17T10:13:12.869+0500][gc,heap       ] GC(3) Humongous regions: 129->129
[2023-08-17T10:13:12.869+0500][gc,metaspace  ] GC(3) Metaspace: 28918K(30080K)->28918K(30080K) NonClass: 25510K(26112K)->25510K(26112K) Class: 3407K(3968K)->3407K(3968K)
[2023-08-17T10:13:12.869+0500][gc            ] GC(3) Pause Young (Normal) (G1 Evacuation Pause) 186M->140M(1024M) 3.348ms
[2023-08-17T10:13:12.869+0500][gc,cpu        ] GC(3) User=0.02s Sys=0.00s Real=0.00s
[2023-08-17T10:13:13.098+0500][gc,start      ] GC(4) Pause Young (Concurrent Start) (Metadata GC Threshold)
[2023-08-17T10:13:13.098+0500][gc,task       ] GC(4) Using 8 workers of 8 for evacuation
[2023-08-17T10:13:13.106+0500][gc,phases     ] GC(4)   Pre Evacuate Collection Set: 0.1ms
[2023-08-17T10:13:13.106+0500][gc,phases     ] GC(4)   Evacuate Collection Set: 6.4ms
[2023-08-17T10:13:13.106+0500][gc,phases     ] GC(4)   Post Evacuate Collection Set: 1.4ms
[2023-08-17T10:13:13.106+0500][gc,phases     ] GC(4)   Other: 0.2ms
[2023-08-17T10:13:13.106+0500][gc,heap       ] GC(4) Eden regions: 29->0(45)
[2023-08-17T10:13:13.106+0500][gc,heap       ] GC(4) Survivor regions: 5->6(7)
[2023-08-17T10:13:13.106+0500][gc,heap       ] GC(4) Old regions: 9->10
[2023-08-17T10:13:13.106+0500][gc,heap       ] GC(4) Humongous regions: 129->129
[2023-08-17T10:13:13.106+0500][gc,metaspace  ] GC(4) Metaspace: 34460K(35920K)->34460K(35920K) NonClass: 30435K(31184K)->30435K(31184K) Class: 4025K(4736K)->4025K(4736K)
[2023-08-17T10:13:13.106+0500][gc            ] GC(4) Pause Young (Concurrent Start) (Metadata GC Threshold) 169M->143M(1024M) 8.208ms
[2023-08-17T10:13:13.106+0500][gc,cpu        ] GC(4) User=0.03s Sys=0.00s Real=0.01s
[2023-08-17T10:13:13.106+0500][gc            ] GC(5) Concurrent Cycle
[2023-08-17T10:13:13.106+0500][gc,marking    ] GC(5) Concurrent Clear Claimed Marks
[2023-08-17T10:13:13.106+0500][gc,marking    ] GC(5) Concurrent Clear Claimed Marks 0.051ms
[2023-08-17T10:13:13.106+0500][gc,marking    ] GC(5) Concurrent Scan Root Regions
[2023-08-17T10:13:13.108+0500][gc,marking    ] GC(5) Concurrent Scan Root Regions 1.705ms
[2023-08-17T10:13:13.108+0500][gc,marking    ] GC(5) Concurrent Mark (1.473s)
[2023-08-17T10:13:13.108+0500][gc,marking    ] GC(5) Concurrent Mark From Roots
[2023-08-17T10:13:13.108+0500][gc,task       ] GC(5) Using 2 workers of 2 for marking
[2023-08-17T10:13:13.112+0500][gc,marking    ] GC(5) Concurrent Mark From Roots 4.435ms
[2023-08-17T10:13:13.112+0500][gc,marking    ] GC(5) Concurrent Preclean
[2023-08-17T10:13:13.112+0500][gc,marking    ] GC(5) Concurrent Preclean 0.055ms
[2023-08-17T10:13:13.112+0500][gc,marking    ] GC(5) Concurrent Mark (1.473s, 1.477s) 4.535ms
[2023-08-17T10:13:13.113+0500][gc,start      ] GC(5) Pause Remark
[2023-08-17T10:13:13.116+0500][gc,stringtable] GC(5) Cleaned string and symbol table, strings: 10916 processed, 13 removed, symbols: 87244 processed, 18 removed
[2023-08-17T10:13:13.116+0500][gc            ] GC(5) Pause Remark 144M->144M(1024M) 3.300ms
[2023-08-17T10:13:13.116+0500][gc,cpu        ] GC(5) User=0.02s Sys=0.00s Real=0.01s
[2023-08-17T10:13:13.116+0500][gc,marking    ] GC(5) Concurrent Rebuild Remembered Sets
[2023-08-17T10:13:13.118+0500][gc,marking    ] GC(5) Concurrent Rebuild Remembered Sets 2.204ms
[2023-08-17T10:13:13.118+0500][gc,start      ] GC(5) Pause Cleanup
[2023-08-17T10:13:13.118+0500][gc            ] GC(5) Pause Cleanup 145M->145M(1024M) 0.083ms
[2023-08-17T10:13:13.118+0500][gc,cpu        ] GC(5) User=0.00s Sys=0.00s Real=0.00s
[2023-08-17T10:13:13.118+0500][gc,marking    ] GC(5) Concurrent Cleanup for Next Mark
[2023-08-17T10:13:13.122+0500][gc,marking    ] GC(5) Concurrent Cleanup for Next Mark 3.290ms
[2023-08-17T10:13:13.122+0500][gc            ] GC(5) Concurrent Cycle 15.623ms
[2023-08-17T10:13:37.754+0500][gc,heap,exit  ] Heap
[2023-08-17T10:13:37.754+0500][gc,heap,exit  ]  garbage-first heap   total 1048576K, used 177384K [0x00000000c0000000, 0x0000000100000000)
[2023-08-17T10:13:37.754+0500][gc,heap,exit  ]   region size 1024K, 38 young (38912K), 6 survivors (6144K)
[2023-08-17T10:13:37.754+0500][gc,heap,exit  ]  Metaspace       used 39125K, capacity 41219K, committed 41424K, reserved 1085440K
[2023-08-17T10:13:37.754+0500][gc,heap,exit  ]   class space    used 5016K, capacity 6055K, committed 6144K, reserved 1048576K
