[2023-08-17T10:09:58.281+0500][gc,heap] Heap region size: 1M
[2023-08-17T10:09:58.290+0500][gc     ] Using G1
[2023-08-17T10:09:58.290+0500][gc,heap,coops] Heap address: 0x00000000c0000000, size: 1024 MB, Compressed Oops mode: 32-bit
[2023-08-17T10:09:58.290+0500][gc,cds       ] Mark closed archive regions in map: [0x00000000fff00000, 0x00000000fff6bff8]
[2023-08-17T10:09:58.290+0500][gc,cds       ] Mark open archive regions in map: [0x00000000ffe00000, 0x00000000ffe47ff8]
[2023-08-17T10:09:58.837+0500][gc,start     ] GC(0) Pause Young (Normal) (G1 Evacuation Pause)
[2023-08-17T10:09:58.839+0500][gc,task      ] GC(0) Using 8 workers of 8 for evacuation
[2023-08-17T10:09:58.848+0500][gc,phases    ] GC(0)   Pre Evacuate Collection Set: 0.0ms
[2023-08-17T10:09:58.848+0500][gc,phases    ] GC(0)   Evacuate Collection Set: 7.7ms
[2023-08-17T10:09:58.848+0500][gc,phases    ] GC(0)   Post Evacuate Collection Set: 0.3ms
[2023-08-17T10:09:58.848+0500][gc,phases    ] GC(0)   Other: 2.4ms
[2023-08-17T10:09:58.848+0500][gc,heap      ] GC(0) Eden regions: 51->0(44)
[2023-08-17T10:09:58.848+0500][gc,heap      ] GC(0) Survivor regions: 0->7(7)
[2023-08-17T10:09:58.848+0500][gc,heap      ] GC(0) Old regions: 2->2
[2023-08-17T10:09:58.848+0500][gc,heap      ] GC(0) Humongous regions: 0->0
[2023-08-17T10:09:58.848+0500][gc,metaspace ] GC(0) Metaspace: 14133K(14848K)->14133K(14848K) NonClass: 12394K(12800K)->12394K(12800K) Class: 1738K(2048K)->1738K(2048K)
[2023-08-17T10:09:58.848+0500][gc           ] GC(0) Pause Young (Normal) (G1 Evacuation Pause) 51M->7M(1024M) 10.608ms
[2023-08-17T10:09:58.848+0500][gc,cpu       ] GC(0) User=0.04s Sys=0.00s Real=0.01s
[2023-08-17T10:09:59.187+0500][gc,start     ] GC(1) Pause Young (Concurrent Start) (Metadata GC Threshold)
[2023-08-17T10:09:59.187+0500][gc,task      ] GC(1) Using 8 workers of 8 for evacuation
[2023-08-17T10:09:59.198+0500][gc,phases    ] GC(1)   Pre Evacuate Collection Set: 0.1ms
[2023-08-17T10:09:59.198+0500][gc,phases    ] GC(1)   Evacuate Collection Set: 10.3ms
[2023-08-17T10:09:59.198+0500][gc,phases    ] GC(1)   Post Evacuate Collection Set: 0.3ms
[2023-08-17T10:09:59.198+0500][gc,phases    ] GC(1)   Other: 0.2ms
[2023-08-17T10:09:59.198+0500][gc,heap      ] GC(1) Eden regions: 29->0(49)
[2023-08-17T10:09:59.198+0500][gc,heap      ] GC(1) Survivor regions: 7->2(7)
[2023-08-17T10:09:59.198+0500][gc,heap      ] GC(1) Old regions: 2->9
[2023-08-17T10:09:59.198+0500][gc,heap      ] GC(1) Humongous regions: 0->0
[2023-08-17T10:09:59.198+0500][gc,metaspace ] GC(1) Metaspace: 20566K(21248K)->20566K(21248K) NonClass: 18077K(18432K)->18077K(18432K) Class: 2488K(2816K)->2488K(2816K)
[2023-08-17T10:09:59.198+0500][gc           ] GC(1) Pause Young (Concurrent Start) (Metadata GC Threshold) 36M->8M(1024M) 10.979ms
[2023-08-17T10:09:59.198+0500][gc,cpu       ] GC(1) User=0.04s Sys=0.01s Real=0.01s
[2023-08-17T10:09:59.198+0500][gc           ] GC(2) Concurrent Cycle
[2023-08-17T10:09:59.198+0500][gc,marking   ] GC(2) Concurrent Clear Claimed Marks
[2023-08-17T10:09:59.198+0500][gc,marking   ] GC(2) Concurrent Clear Claimed Marks 0.023ms
[2023-08-17T10:09:59.198+0500][gc,marking   ] GC(2) Concurrent Scan Root Regions
[2023-08-17T10:09:59.199+0500][gc,marking   ] GC(2) Concurrent Scan Root Regions 1.010ms
[2023-08-17T10:09:59.199+0500][gc,marking   ] GC(2) Concurrent Mark (0.921s)
[2023-08-17T10:09:59.199+0500][gc,marking   ] GC(2) Concurrent Mark From Roots
[2023-08-17T10:09:59.199+0500][gc,task      ] GC(2) Using 2 workers of 2 for marking
[2023-08-17T10:09:59.204+0500][gc,marking   ] GC(2) Concurrent Mark From Roots 4.472ms
[2023-08-17T10:09:59.204+0500][gc,marking   ] GC(2) Concurrent Preclean
[2023-08-17T10:09:59.204+0500][gc,marking   ] GC(2) Concurrent Preclean 0.086ms
[2023-08-17T10:09:59.204+0500][gc,marking   ] GC(2) Concurrent Mark (0.921s, 0.925s) 4.623ms
[2023-08-17T10:09:59.204+0500][gc,start     ] GC(2) Pause Remark
[2023-08-17T10:09:59.212+0500][gc,stringtable] GC(2) Cleaned string and symbol table, strings: 5136 processed, 0 removed, symbols: 52943 processed, 43 removed
[2023-08-17T10:09:59.212+0500][gc            ] GC(2) Pause Remark 8M->8M(1024M) 8.423ms
[2023-08-17T10:09:59.212+0500][gc,cpu        ] GC(2) User=0.05s Sys=0.00s Real=0.01s
[2023-08-17T10:09:59.212+0500][gc,marking    ] GC(2) Concurrent Rebuild Remembered Sets
[2023-08-17T10:09:59.216+0500][gc,marking    ] GC(2) Concurrent Rebuild Remembered Sets 3.089ms
[2023-08-17T10:09:59.216+0500][gc,start      ] GC(2) Pause Cleanup
[2023-08-17T10:09:59.217+0500][gc            ] GC(2) Pause Cleanup 8M->8M(1024M) 1.457ms
[2023-08-17T10:09:59.217+0500][gc,cpu        ] GC(2) User=0.00s Sys=0.00s Real=0.00s
[2023-08-17T10:09:59.217+0500][gc,marking    ] GC(2) Concurrent Cleanup for Next Mark
[2023-08-17T10:09:59.221+0500][gc,marking    ] GC(2) Concurrent Cleanup for Next Mark 3.898ms
[2023-08-17T10:09:59.221+0500][gc            ] GC(2) Concurrent Cycle 22.989ms
[2023-08-17T10:09:59.662+0500][gc,start      ] GC(3) Pause Young (Normal) (G1 Evacuation Pause)
[2023-08-17T10:09:59.662+0500][gc,task       ] GC(3) Using 8 workers of 8 for evacuation
[2023-08-17T10:09:59.664+0500][gc,phases     ] GC(3)   Pre Evacuate Collection Set: 0.0ms
[2023-08-17T10:09:59.665+0500][gc,phases     ] GC(3)   Evacuate Collection Set: 1.9ms
[2023-08-17T10:09:59.665+0500][gc,phases     ] GC(3)   Post Evacuate Collection Set: 0.3ms
[2023-08-17T10:09:59.665+0500][gc,phases     ] GC(3)   Other: 0.1ms
[2023-08-17T10:09:59.665+0500][gc,heap       ] GC(3) Eden regions: 49->0(46)
[2023-08-17T10:09:59.665+0500][gc,heap       ] GC(3) Survivor regions: 2->5(7)
[2023-08-17T10:09:59.665+0500][gc,heap       ] GC(3) Old regions: 9->9
[2023-08-17T10:09:59.665+0500][gc,heap       ] GC(3) Humongous regions: 129->129
[2023-08-17T10:09:59.665+0500][gc,metaspace  ] GC(3) Metaspace: 28789K(30080K)->28789K(30080K) NonClass: 25396K(26112K)->25396K(26112K) Class: 3392K(3968K)->3392K(3968K)
[2023-08-17T10:09:59.665+0500][gc            ] GC(3) Pause Young (Normal) (G1 Evacuation Pause) 186M->140M(1024M) 2.440ms
[2023-08-17T10:09:59.665+0500][gc,cpu        ] GC(3) User=0.02s Sys=0.00s Real=0.00s
[2023-08-17T10:10:00.022+0500][gc,heap,exit  ] Heap
[2023-08-17T10:10:00.022+0500][gc,heap,exit  ]  garbage-first heap   total 1048576K, used 164334K [0x00000000c0000000, 0x0000000100000000)
[2023-08-17T10:10:00.022+0500][gc,heap,exit  ]   region size 1024K, 26 young (26624K), 5 survivors (5120K)
[2023-08-17T10:10:00.022+0500][gc,heap,exit  ]  Metaspace       used 31895K, capacity 33213K, committed 33536K, reserved 1079296K
[2023-08-17T10:10:00.022+0500][gc,heap,exit  ]   class space    used 3886K, capacity 4504K, committed 4608K, reserved 1048576K
