[2023-08-17T10:09:45.479+0500][gc,heap] Heap region size: 1M
[2023-08-17T10:09:45.485+0500][gc     ] Using G1
[2023-08-17T10:09:45.485+0500][gc,heap,coops] Heap address: 0x00000000e0000000, size: 512 MB, Compressed Oops mode: 32-bit
[2023-08-17T10:09:45.485+0500][gc,cds       ] Mark closed archive regions in map: [0x00000000fff00000, 0x00000000fff6bff8]
[2023-08-17T10:09:45.485+0500][gc,cds       ] Mark open archive regions in map: [0x00000000ffe00000, 0x00000000ffe47ff8]
[2023-08-17T10:09:45.819+0500][gc,start     ] GC(0) Pause Young (Normal) (G1 Evacuation Pause)
[2023-08-17T10:09:45.819+0500][gc,task      ] GC(0) Using 8 workers of 8 for evacuation
[2023-08-17T10:09:45.826+0500][gc,phases    ] GC(0)   Pre Evacuate Collection Set: 0.0ms
[2023-08-17T10:09:45.826+0500][gc,phases    ] GC(0)   Evacuate Collection Set: 6.4ms
[2023-08-17T10:09:45.826+0500][gc,phases    ] GC(0)   Post Evacuate Collection Set: 0.2ms
[2023-08-17T10:09:45.826+0500][gc,phases    ] GC(0)   Other: 0.6ms
[2023-08-17T10:09:45.826+0500][gc,heap      ] GC(0) Eden regions: 25->0(21)
[2023-08-17T10:09:45.826+0500][gc,heap      ] GC(0) Survivor regions: 0->4(4)
[2023-08-17T10:09:45.826+0500][gc,heap      ] GC(0) Old regions: 2->5
[2023-08-17T10:09:45.826+0500][gc,heap      ] GC(0) Humongous regions: 0->0
[2023-08-17T10:09:45.826+0500][gc,metaspace ] GC(0) Metaspace: 7254K(7680K)->7254K(7680K) NonClass: 6439K(6656K)->6439K(6656K) Class: 814K(1024K)->814K(1024K)
[2023-08-17T10:09:45.826+0500][gc           ] GC(0) Pause Young (Normal) (G1 Evacuation Pause) 25M->7M(512M) 7.301ms
[2023-08-17T10:09:45.826+0500][gc,cpu       ] GC(0) User=0.03s Sys=0.01s Real=0.01s
[2023-08-17T10:11:25.644+0500][gc,heap,exit ] Heap
[2023-08-17T10:11:25.644+0500][gc,heap,exit ]  garbage-first heap   total 524288K, used 17871K [0x00000000e0000000, 0x0000000100000000)
[2023-08-17T10:11:25.644+0500][gc,heap,exit ]   region size 1024K, 15 young (15360K), 4 survivors (4096K)
[2023-08-17T10:11:25.644+0500][gc,heap,exit ]  Metaspace       used 8690K, capacity 9035K, committed 9344K, reserved 1056768K
[2023-08-17T10:11:25.644+0500][gc,heap,exit ]   class space    used 969K, capacity 1087K, committed 1152K, reserved 1048576K
