[2023-08-26T23:42:52.278+0500][gc,heap] Heap region size: 1M
[2023-08-26T23:42:52.284+0500][gc     ] Using G1
[2023-08-26T23:42:52.284+0500][gc,heap,coops] Heap address: 0x00000000e0000000, size: 512 MB, Compressed Oops mode: 32-bit
[2023-08-26T23:42:52.284+0500][gc,cds       ] Mark closed archive regions in map: [0x00000000fff00000, 0x00000000fff6bff8]
[2023-08-26T23:42:52.284+0500][gc,cds       ] Mark open archive regions in map: [0x00000000ffe00000, 0x00000000ffe47ff8]
[2023-08-26T23:42:52.706+0500][gc,start     ] GC(0) Pause Young (Normal) (G1 Evacuation Pause)
[2023-08-26T23:42:52.707+0500][gc,task      ] GC(0) Using 8 workers of 8 for evacuation
[2023-08-26T23:42:52.729+0500][gc,mmu       ] GC(0) MMU target violated: 21.0ms (20.0ms/21.0ms)
[2023-08-26T23:42:52.729+0500][gc,phases    ] GC(0)   Pre Evacuate Collection Set: 0.0ms
[2023-08-26T23:42:52.729+0500][gc,phases    ] GC(0)   Evacuate Collection Set: 21.8ms
[2023-08-26T23:42:52.729+0500][gc,phases    ] GC(0)   Post Evacuate Collection Set: 0.3ms
[2023-08-26T23:42:52.729+0500][gc,phases    ] GC(0)   Other: 0.5ms
[2023-08-26T23:42:52.729+0500][gc,heap      ] GC(0) Eden regions: 25->0(21)
[2023-08-26T23:42:52.729+0500][gc,heap      ] GC(0) Survivor regions: 0->4(4)
[2023-08-26T23:42:52.729+0500][gc,heap      ] GC(0) Old regions: 2->5
[2023-08-26T23:42:52.729+0500][gc,heap      ] GC(0) Humongous regions: 0->0
[2023-08-26T23:42:52.729+0500][gc,metaspace ] GC(0) Metaspace: 7286K(7936K)->7286K(7936K) NonClass: 6470K(6912K)->6470K(6912K) Class: 815K(1024K)->815K(1024K)
[2023-08-26T23:42:52.729+0500][gc           ] GC(0) Pause Young (Normal) (G1 Evacuation Pause) 25M->7M(512M) 22.725ms
[2023-08-26T23:42:52.729+0500][gc,cpu       ] GC(0) User=0.10s Sys=0.01s Real=0.03s
[2023-08-27T02:16:04.231+0500][gc,start     ] GC(1) Pause Young (Normal) (G1 Evacuation Pause)
[2023-08-27T02:16:04.231+0500][gc,task      ] GC(1) Using 8 workers of 8 for evacuation
[2023-08-27T02:16:04.241+0500][gc,phases    ] GC(1)   Pre Evacuate Collection Set: 0.3ms
[2023-08-27T02:16:04.241+0500][gc,phases    ] GC(1)   Evacuate Collection Set: 8.8ms
[2023-08-27T02:16:04.241+0500][gc,phases    ] GC(1)   Post Evacuate Collection Set: 0.5ms
[2023-08-27T02:16:04.241+0500][gc,phases    ] GC(1)   Other: 1.1ms
[2023-08-27T02:16:04.241+0500][gc,heap      ] GC(1) Eden regions: 21->0(24)
[2023-08-27T02:16:04.241+0500][gc,heap      ] GC(1) Survivor regions: 4->1(4)
[2023-08-27T02:16:04.241+0500][gc,heap      ] GC(1) Old regions: 5->9
[2023-08-27T02:16:04.241+0500][gc,heap      ] GC(1) Humongous regions: 0->0
[2023-08-27T02:16:04.241+0500][gc,metaspace ] GC(1) Metaspace: 9235K(9856K)->9235K(9856K) NonClass: 8264K(8704K)->8264K(8704K) Class: 971K(1152K)->971K(1152K)
[2023-08-27T02:16:04.241+0500][gc           ] GC(1) Pause Young (Normal) (G1 Evacuation Pause) 28M->8M(512M) 10.865ms
[2023-08-27T02:16:04.241+0500][gc,cpu       ] GC(1) User=0.06s Sys=0.00s Real=0.01s
[2023-08-27T02:58:57.898+0500][gc,heap,exit ] Heap
[2023-08-27T02:58:57.899+0500][gc,heap,exit ]  garbage-first heap   total 524288K, used 12601K [0x00000000e0000000, 0x0000000100000000)
[2023-08-27T02:58:57.899+0500][gc,heap,exit ]   region size 1024K, 6 young (6144K), 1 survivors (1024K)
[2023-08-27T02:58:57.899+0500][gc,heap,exit ]  Metaspace       used 9252K, capacity 9587K, committed 9856K, reserved 1058816K
[2023-08-27T02:58:57.899+0500][gc,heap,exit ]   class space    used 972K, capacity 1119K, committed 1152K, reserved 1048576K
