[2023-08-17T10:11:29.022+0500][gc,heap] Heap region size: 1M
[2023-08-17T10:11:29.028+0500][gc     ] Using G1
[2023-08-17T10:11:29.028+0500][gc,heap,coops] Heap address: 0x00000000e0000000, size: 512 MB, Compressed Oops mode: 32-bit
[2023-08-17T10:11:29.028+0500][gc,cds       ] Mark closed archive regions in map: [0x00000000fff00000, 0x00000000fff6bff8]
[2023-08-17T10:11:29.028+0500][gc,cds       ] Mark open archive regions in map: [0x00000000ffe00000, 0x00000000ffe47ff8]
[2023-08-17T10:11:29.315+0500][gc,start     ] GC(0) Pause Young (Normal) (G1 Evacuation Pause)
[2023-08-17T10:11:29.320+0500][gc,task      ] GC(0) Using 8 workers of 8 for evacuation
[2023-08-17T10:11:29.329+0500][gc,phases    ] GC(0)   Pre Evacuate Collection Set: 0.0ms
[2023-08-17T10:11:29.330+0500][gc,phases    ] GC(0)   Evacuate Collection Set: 9.4ms
[2023-08-17T10:11:29.330+0500][gc,phases    ] GC(0)   Post Evacuate Collection Set: 0.4ms
[2023-08-17T10:11:29.330+0500][gc,phases    ] GC(0)   Other: 4.5ms
[2023-08-17T10:11:29.330+0500][gc,heap      ] GC(0) Eden regions: 25->0(21)
[2023-08-17T10:11:29.330+0500][gc,heap      ] GC(0) Survivor regions: 0->4(4)
[2023-08-17T10:11:29.330+0500][gc,heap      ] GC(0) Old regions: 2->5
[2023-08-17T10:11:29.330+0500][gc,heap      ] GC(0) Humongous regions: 0->0
[2023-08-17T10:11:29.330+0500][gc,metaspace ] GC(0) Metaspace: 7225K(7680K)->7225K(7680K) NonClass: 6412K(6656K)->6412K(6656K) Class: 813K(1024K)->813K(1024K)
[2023-08-17T10:11:29.330+0500][gc           ] GC(0) Pause Young (Normal) (G1 Evacuation Pause) 25M->7M(512M) 14.366ms
[2023-08-17T10:11:29.330+0500][gc,cpu       ] GC(0) User=0.03s Sys=0.00s Real=0.01s
[2023-08-17T11:54:15.379+0500][gc,start     ] GC(1) Pause Young (Normal) (G1 Evacuation Pause)
[2023-08-17T11:54:15.380+0500][gc,task      ] GC(1) Using 8 workers of 8 for evacuation
[2023-08-17T11:54:15.427+0500][gc,mmu       ] GC(1) MMU target violated: 21.0ms (20.0ms/21.0ms)
[2023-08-17T11:54:15.428+0500][gc,phases    ] GC(1)   Pre Evacuate Collection Set: 17.1ms
[2023-08-17T11:54:15.428+0500][gc,phases    ] GC(1)   Evacuate Collection Set: 28.1ms
[2023-08-17T11:54:15.428+0500][gc,phases    ] GC(1)   Post Evacuate Collection Set: 1.4ms
[2023-08-17T11:54:15.428+0500][gc,phases    ] GC(1)   Other: 2.3ms
[2023-08-17T11:54:15.428+0500][gc,heap      ] GC(1) Eden regions: 21->0(24)
[2023-08-17T11:54:15.428+0500][gc,heap      ] GC(1) Survivor regions: 4->1(4)
[2023-08-17T11:54:15.428+0500][gc,heap      ] GC(1) Old regions: 5->10
[2023-08-17T11:54:15.428+0500][gc,heap      ] GC(1) Humongous regions: 0->0
[2023-08-17T11:54:15.428+0500][gc,metaspace ] GC(1) Metaspace: 9268K(9856K)->9268K(9856K) NonClass: 8294K(8704K)->8294K(8704K) Class: 973K(1152K)->973K(1152K)
[2023-08-17T11:54:15.428+0500][gc           ] GC(1) Pause Young (Normal) (G1 Evacuation Pause) 28M->8M(512M) 48.231ms
[2023-08-17T11:54:15.428+0500][gc,cpu       ] GC(1) User=0.05s Sys=0.00s Real=0.05s
[2023-08-17T14:50:20.144+0500][gc,heap,exit ] Heap
[2023-08-17T14:50:20.144+0500][gc,heap,exit ]  garbage-first heap   total 524288K, used 18990K [0x00000000e0000000, 0x0000000100000000)
[2023-08-17T14:50:20.144+0500][gc,heap,exit ]   region size 1024K, 12 young (12288K), 1 survivors (1024K)
[2023-08-17T14:50:20.144+0500][gc,heap,exit ]  Metaspace       used 9289K, capacity 9640K, committed 9856K, reserved 1058816K
[2023-08-17T14:50:20.144+0500][gc,heap,exit ]   class space    used 974K, capacity 1119K, committed 1152K, reserved 1048576K
