[2023-08-25T10:31:13.889+0500][gc,heap] Heap region size: 1M
[2023-08-25T10:31:13.894+0500][gc     ] Using G1
[2023-08-25T10:31:13.894+0500][gc,heap,coops] Heap address: 0x00000000e0000000, size: 512 MB, Compressed Oops mode: 32-bit
[2023-08-25T10:31:13.894+0500][gc,cds       ] Mark closed archive regions in map: [0x00000000fff00000, 0x00000000fff6bff8]
[2023-08-25T10:31:13.894+0500][gc,cds       ] Mark open archive regions in map: [0x00000000ffe00000, 0x00000000ffe47ff8]
[2023-08-25T10:31:14.443+0500][gc,start     ] GC(0) Pause Young (Normal) (G1 Evacuation Pause)
[2023-08-25T10:31:14.444+0500][gc,task      ] GC(0) Using 8 workers of 8 for evacuation
[2023-08-25T10:31:14.463+0500][gc,phases    ] GC(0)   Pre Evacuate Collection Set: 0.0ms
[2023-08-25T10:31:14.463+0500][gc,phases    ] GC(0)   Evacuate Collection Set: 18.0ms
[2023-08-25T10:31:14.463+0500][gc,phases    ] GC(0)   Post Evacuate Collection Set: 0.6ms
[2023-08-25T10:31:14.463+0500][gc,phases    ] GC(0)   Other: 2.0ms
[2023-08-25T10:31:14.463+0500][gc,heap      ] GC(0) Eden regions: 25->0(21)
[2023-08-25T10:31:14.463+0500][gc,heap      ] GC(0) Survivor regions: 0->4(4)
[2023-08-25T10:31:14.463+0500][gc,heap      ] GC(0) Old regions: 2->5
[2023-08-25T10:31:14.463+0500][gc,heap      ] GC(0) Humongous regions: 0->0
[2023-08-25T10:31:14.463+0500][gc,metaspace ] GC(0) Metaspace: 7292K(7936K)->7292K(7936K) NonClass: 6476K(6912K)->6476K(6912K) Class: 815K(1024K)->815K(1024K)
[2023-08-25T10:31:14.463+0500][gc           ] GC(0) Pause Young (Normal) (G1 Evacuation Pause) 25M->7M(512M) 20.724ms
[2023-08-25T10:31:14.463+0500][gc,cpu       ] GC(0) User=0.06s Sys=0.02s Real=0.02s
[2023-08-25T11:41:24.127+0500][gc,heap,exit ] Heap
[2023-08-25T11:41:24.127+0500][gc,heap,exit ]  garbage-first heap   total 524288K, used 25100K [0x00000000e0000000, 0x0000000100000000)
[2023-08-25T11:41:24.127+0500][gc,heap,exit ]   region size 1024K, 22 young (22528K), 4 survivors (4096K)
[2023-08-25T11:41:24.127+0500][gc,heap,exit ]  Metaspace       used 9257K, capacity 9639K, committed 9856K, reserved 1058816K
[2023-08-25T11:41:24.127+0500][gc,heap,exit ]   class space    used 973K, capacity 1119K, committed 1152K, reserved 1048576K
