[2023-07-24T08:51:03.651+0500][gc,heap] Heap region size: 1M
[2023-07-24T08:51:03.653+0500][gc     ] Using G1
[2023-07-24T08:51:03.653+0500][gc,heap,coops] Heap address: 0x00000000e0000000, size: 512 MB, Compressed Oops mode: 32-bit
[2023-07-24T08:51:03.653+0500][gc,cds       ] Mark closed archive regions in map: [0x00000000fff00000, 0x00000000fff6aff8]
[2023-07-24T08:51:03.653+0500][gc,cds       ] Mark open archive regions in map: [0x00000000ffe00000, 0x00000000ffe46ff8]
[2023-07-24T08:51:04.031+0500][gc,start     ] GC(0) Pause Young (Normal) (G1 Evacuation Pause)
[2023-07-24T08:51:04.033+0500][gc,task      ] GC(0) Using 8 workers of 8 for evacuation
[2023-07-24T08:51:04.039+0500][gc,phases    ] GC(0)   Pre Evacuate Collection Set: 0.0ms
[2023-07-24T08:51:04.039+0500][gc,phases    ] GC(0)   Evacuate Collection Set: 5.7ms
[2023-07-24T08:51:04.039+0500][gc,phases    ] GC(0)   Post Evacuate Collection Set: 0.3ms
[2023-07-24T08:51:04.039+0500][gc,phases    ] GC(0)   Other: 2.3ms
[2023-07-24T08:51:04.039+0500][gc,heap      ] GC(0) Eden regions: 25->0(21)
[2023-07-24T08:51:04.039+0500][gc,heap      ] GC(0) Survivor regions: 0->4(4)
[2023-07-24T08:51:04.039+0500][gc,heap      ] GC(0) Old regions: 2->5
[2023-07-24T08:51:04.039+0500][gc,heap      ] GC(0) Humongous regions: 0->0
[2023-07-24T08:51:04.039+0500][gc,metaspace ] GC(0) Metaspace: 7196K(7680K)->7196K(7680K) NonClass: 6386K(6656K)->6386K(6656K) Class: 810K(1024K)->810K(1024K)
[2023-07-24T08:51:04.039+0500][gc           ] GC(0) Pause Young (Normal) (G1 Evacuation Pause) 25M->7M(512M) 8.355ms
[2023-07-24T08:51:04.039+0500][gc,cpu       ] GC(0) User=0.03s Sys=0.00s Real=0.00s
[2023-07-24T11:18:16.064+0500][gc,start     ] GC(1) Pause Young (Normal) (G1 Evacuation Pause)
[2023-07-24T11:18:16.065+0500][gc,task      ] GC(1) Using 8 workers of 8 for evacuation
[2023-07-24T11:18:16.150+0500][gc,mmu       ] GC(1) MMU target violated: 21.0ms (20.0ms/21.0ms)
[2023-07-24T11:18:16.150+0500][gc,phases    ] GC(1)   Pre Evacuate Collection Set: 29.1ms
[2023-07-24T11:18:16.150+0500][gc,phases    ] GC(1)   Evacuate Collection Set: 53.1ms
[2023-07-24T11:18:16.150+0500][gc,phases    ] GC(1)   Post Evacuate Collection Set: 1.9ms
[2023-07-24T11:18:16.150+0500][gc,phases    ] GC(1)   Other: 3.4ms
[2023-07-24T11:18:16.150+0500][gc,heap      ] GC(1) Eden regions: 21->0(24)
[2023-07-24T11:18:16.150+0500][gc,heap      ] GC(1) Survivor regions: 4->1(4)
[2023-07-24T11:18:16.151+0500][gc,heap      ] GC(1) Old regions: 5->9
[2023-07-24T11:18:16.151+0500][gc,heap      ] GC(1) Humongous regions: 0->0
[2023-07-24T11:18:16.151+0500][gc,metaspace ] GC(1) Metaspace: 9250K(9856K)->9250K(9856K) NonClass: 8278K(8704K)->8278K(8704K) Class: 972K(1152K)->972K(1152K)
[2023-07-24T11:18:16.151+0500][gc           ] GC(1) Pause Young (Normal) (G1 Evacuation Pause) 28M->8M(512M) 86.840ms
[2023-07-24T11:18:16.151+0500][gc,cpu       ] GC(1) User=0.07s Sys=0.02s Real=0.09s
[2023-07-24T11:30:50.608+0500][gc,heap,exit ] Heap
[2023-07-24T11:30:50.609+0500][gc,heap,exit ]  garbage-first heap   total 524288K, used 10532K [0x00000000e0000000, 0x0000000100000000)
[2023-07-24T11:30:50.609+0500][gc,heap,exit ]   region size 1024K, 4 young (4096K), 1 survivors (1024K)
[2023-07-24T11:30:50.609+0500][gc,heap,exit ]  Metaspace       used 9254K, capacity 9587K, committed 9856K, reserved 1058816K
[2023-07-24T11:30:50.609+0500][gc,heap,exit ]   class space    used 972K, capacity 1119K, committed 1152K, reserved 1048576K
